Archive member included to satisfy reference by file (symbol)

c:/progra~2/gnuarm~1/102021~1.10/bin/../lib/gcc/arm-none-eabi/10.3.1/thumb/v7e-m/nofp\libgcc.a(_arm_mulsf3.o)
                              CMakeFiles/serial_servo_test.elf.dir/Core/Src/mytools.c.obj (__aeabi_fmul)
c:/progra~2/gnuarm~1/102021~1.10/bin/../lib/gcc/arm-none-eabi/10.3.1/thumb/v7e-m/nofp\libgcc.a(_arm_truncdfsf2.o)
                              CMakeFiles/serial_servo_test.elf.dir/Core/Src/main.c.obj (__aeabi_d2f)
c:/progra~2/gnuarm~1/102021~1.10/bin/../lib/gcc/arm-none-eabi/10.3.1/thumb/v7e-m/nofp\libgcc.a(_arm_addsubsf3.o)
                              CMakeFiles/serial_servo_test.elf.dir/Core/Src/main.c.obj (__aeabi_i2f)
c:/progra~2/gnuarm~1/102021~1.10/bin/../lib/gcc/arm-none-eabi/10.3.1/thumb/v7e-m/nofp\libgcc.a(_arm_muldivsf3.o)
                              CMakeFiles/serial_servo_test.elf.dir/Core/Src/main.c.obj (__aeabi_fdiv)
c:/progra~2/gnuarm~1/102021~1.10/bin/../lib/gcc/arm-none-eabi/10.3.1/thumb/v7e-m/nofp\libgcc.a(_arm_fixsfsi.o)
                              CMakeFiles/serial_servo_test.elf.dir/Core/Src/main.c.obj (__aeabi_f2iz)
c:/progra~2/gnuarm~1/102021~1.10/bin/../lib/gcc/arm-none-eabi/10.3.1/thumb/v7e-m/nofp\libgcc.a(_aeabi_uldivmod.o)
                              CMakeFiles/serial_servo_test.elf.dir/Drivers/STM32G4xx_HAL_Driver/Src/stm32g4xx_hal_uart.c.obj (__aeabi_uldivmod)
c:/progra~2/gnuarm~1/102021~1.10/bin/../lib/gcc/arm-none-eabi/10.3.1/thumb/v7e-m/nofp\libgcc.a(_udivmoddi4.o)
                              c:/progra~2/gnuarm~1/102021~1.10/bin/../lib/gcc/arm-none-eabi/10.3.1/thumb/v7e-m/nofp\libgcc.a(_aeabi_uldivmod.o) (__udivmoddi4)
c:/progra~2/gnuarm~1/102021~1.10/bin/../lib/gcc/arm-none-eabi/10.3.1/thumb/v7e-m/nofp\libgcc.a(_dvmd_tls.o)
                              c:/progra~2/gnuarm~1/102021~1.10/bin/../lib/gcc/arm-none-eabi/10.3.1/thumb/v7e-m/nofp\libgcc.a(_aeabi_uldivmod.o) (__aeabi_ldiv0)
c:/progra~2/gnuarm~1/102021~1.10/bin/../lib/gcc/arm-none-eabi/10.3.1/../../../../arm-none-eabi/lib/thumb/v7e-m/nofp\libg.a(lib_a-atof.o)
                              CMakeFiles/serial_servo_test.elf.dir/Core/Src/main.c.obj (atof)
c:/progra~2/gnuarm~1/102021~1.10/bin/../lib/gcc/arm-none-eabi/10.3.1/../../../../arm-none-eabi/lib/thumb/v7e-m/nofp\libg.a(lib_a-errno.o)
                              CMakeFiles/serial_servo_test.elf.dir/Core/Src/syscalls.c.obj (__errno)
c:/progra~2/gnuarm~1/102021~1.10/bin/../lib/gcc/arm-none-eabi/10.3.1/../../../../arm-none-eabi/lib/thumb/v7e-m/nofp\libg.a(lib_a-exit.o)
                              c:/progra~2/gnuarm~1/102021~1.10/bin/../lib/gcc/arm-none-eabi/10.3.1/../../../../arm-none-eabi/lib/thumb/v7e-m/nofp/crt0.o (exit)
c:/progra~2/gnuarm~1/102021~1.10/bin/../lib/gcc/arm-none-eabi/10.3.1/../../../../arm-none-eabi/lib/thumb/v7e-m/nofp\libg.a(lib_a-impure.o)
                              c:/progra~2/gnuarm~1/102021~1.10/bin/../lib/gcc/arm-none-eabi/10.3.1/../../../../arm-none-eabi/lib/thumb/v7e-m/nofp\libg.a(lib_a-exit.o) (_global_impure_ptr)
c:/progra~2/gnuarm~1/102021~1.10/bin/../lib/gcc/arm-none-eabi/10.3.1/../../../../arm-none-eabi/lib/thumb/v7e-m/nofp\libg.a(lib_a-init.o)
                              c:/progra~2/gnuarm~1/102021~1.10/bin/../lib/gcc/arm-none-eabi/10.3.1/../../../../arm-none-eabi/lib/thumb/v7e-m/nofp/crt0.o (__libc_init_array)
c:/progra~2/gnuarm~1/102021~1.10/bin/../lib/gcc/arm-none-eabi/10.3.1/../../../../arm-none-eabi/lib/thumb/v7e-m/nofp\libg.a(lib_a-memset.o)
                              c:/progra~2/gnuarm~1/102021~1.10/bin/../lib/gcc/arm-none-eabi/10.3.1/../../../../arm-none-eabi/lib/thumb/v7e-m/nofp/crt0.o (memset)
c:/progra~2/gnuarm~1/102021~1.10/bin/../lib/gcc/arm-none-eabi/10.3.1/../../../../arm-none-eabi/lib/thumb/v7e-m/nofp\libg.a(lib_a-strtod.o)
                              c:/progra~2/gnuarm~1/102021~1.10/bin/../lib/gcc/arm-none-eabi/10.3.1/../../../../arm-none-eabi/lib/thumb/v7e-m/nofp\libg.a(lib_a-atof.o) (strtod)
c:/progra~2/gnuarm~1/102021~1.10/bin/../lib/gcc/arm-none-eabi/10.3.1/../../../../arm-none-eabi/lib/thumb/v7e-m/nofp\libg.a(lib_a-__call_atexit.o)
                              c:/progra~2/gnuarm~1/102021~1.10/bin/../lib/gcc/arm-none-eabi/10.3.1/../../../../arm-none-eabi/lib/thumb/v7e-m/nofp\libg.a(lib_a-exit.o) (__call_exitprocs)
c:/progra~2/gnuarm~1/102021~1.10/bin/../lib/gcc/arm-none-eabi/10.3.1/../../../../arm-none-eabi/lib/thumb/v7e-m/nofp\libg.a(lib_a-atexit.o)
                              c:/progra~2/gnuarm~1/102021~1.10/bin/../lib/gcc/arm-none-eabi/10.3.1/../../../../arm-none-eabi/lib/thumb/v7e-m/nofp\libg.a(lib_a-__call_atexit.o) (atexit)
c:/progra~2/gnuarm~1/102021~1.10/bin/../lib/gcc/arm-none-eabi/10.3.1/../../../../arm-none-eabi/lib/thumb/v7e-m/nofp\libg.a(lib_a-fini.o)
                              c:/progra~2/gnuarm~1/102021~1.10/bin/../lib/gcc/arm-none-eabi/10.3.1/../../../../arm-none-eabi/lib/thumb/v7e-m/nofp\libg.a(lib_a-__call_atexit.o) (__libc_fini_array)
[...]
Memory Configuration

Name             Origin             Length             Attributes
RAM              0x20000000         0x00008000         xrw
FLASH            0x08000000         0x00020000         xr
*default*        0x00000000         0xffffffff

Linker script and memory map

LOAD c:/progra~2/gnuarm~1/102021~1.10/bin/../lib/gcc/arm-none-eabi/10.3.1/thumb/v7e-m/nofp/crti.o
LOAD c:/progra~2/gnuarm~1/102021~1.10/bin/../lib/gcc/arm-none-eabi/10.3.1/thumb/v7e-m/nofp/crtbegin.o
LOAD c:/progra~2/gnuarm~1/102021~1.10/bin/../lib/gcc/arm-none-eabi/10.3.1/../../../../arm-none-eabi/lib/thumb/v7e-m/nofp/crt0.o
LOAD CMakeFiles/serial_servo_test.elf.dir/Core/Src/STS3215.c.obj
LOAD CMakeFiles/serial_servo_test.elf.dir/Core/Src/main.c.obj
LOAD CMakeFiles/serial_servo_test.elf.dir/Core/Src/mytools.c.obj
LOAD CMakeFiles/serial_servo_test.elf.dir/Core/Src/stm32g4xx_hal_msp.c.obj
LOAD CMakeFiles/serial_servo_test.elf.dir/Core/Src/stm32g4xx_it.c.obj
LOAD CMakeFiles/serial_servo_test.elf.dir/Core/Src/syscalls.c.obj
LOAD CMakeFiles/serial_servo_test.elf.dir/Core/Src/sysmem.c.obj
LOAD CMakeFiles/serial_servo_test.elf.dir/Core/Src/system_stm32g4xx.c.obj
LOAD CMakeFiles/serial_servo_test.elf.dir/Core/Startup/startup_stm32g431kbtx.s.obj
LOAD CMakeFiles/serial_servo_test.elf.dir/Drivers/STM32G4xx_HAL_Driver/Src/stm32g4xx_hal.c.obj
LOAD CMakeFiles/serial_servo_test.elf.dir/Drivers/STM32G4xx_HAL_Driver/Src/stm32g4xx_hal_cortex.c.obj
LOAD CMakeFiles/serial_servo_test.elf.dir/Drivers/STM32G4xx_HAL_Driver/Src/stm32g4xx_hal_dma.c.obj
LOAD CMakeFiles/serial_servo_test.elf.dir/Drivers/STM32G4xx_HAL_Driver/Src/stm32g4xx_hal_dma_ex.c.obj
LOAD CMakeFiles/serial_servo_test.elf.dir/Drivers/STM32G4xx_HAL_Driver/Src/stm32g4xx_hal_exti.c.obj
LOAD CMakeFiles/serial_servo_test.elf.dir/Drivers/STM32G4xx_HAL_Driver/Src/stm32g4xx_hal_flash.c.obj
LOAD CMakeFiles/serial_servo_test.elf.dir/Drivers/STM32G4xx_HAL_Driver/Src/stm32g4xx_hal_flash_ex.c.obj
LOAD CMakeFiles/serial_servo_test.elf.dir/Drivers/STM32G4xx_HAL_Driver/Src/stm32g4xx_hal_flash_ramfunc.c.obj
LOAD CMakeFiles/serial_servo_test.elf.dir/Drivers/STM32G4xx_HAL_Driver/Src/stm32g4xx_hal_gpio.c.obj
LOAD CMakeFiles/serial_servo_test.elf.dir/Drivers/STM32G4xx_HAL_Driver/Src/stm32g4xx_hal_pwr.c.obj
LOAD CMakeFiles/serial_servo_test.elf.dir/Drivers/STM32G4xx_HAL_Driver/Src/stm32g4xx_hal_pwr_ex.c.obj
LOAD CMakeFiles/serial_servo_test.elf.dir/Drivers/STM32G4xx_HAL_Driver/Src/stm32g4xx_hal_rcc.c.obj
LOAD CMakeFiles/serial_servo_test.elf.dir/Drivers/STM32G4xx_HAL_Driver/Src/stm32g4xx_hal_rcc_ex.c.obj
LOAD CMakeFiles/serial_servo_test.elf.dir/Drivers/STM32G4xx_HAL_Driver/Src/stm32g4xx_hal_tim.c.obj
LOAD CMakeFiles/serial_servo_test.elf.dir/Drivers/STM32G4xx_HAL_Driver/Src/stm32g4xx_hal_tim_ex.c.obj
LOAD CMakeFiles/serial_servo_test.elf.dir/Drivers/STM32G4xx_HAL_Driver/Src/stm32g4xx_hal_uart.c.obj
LOAD CMakeFiles/serial_servo_test.elf.dir/Drivers/STM32G4xx_HAL_Driver/Src/stm32g4xx_hal_uart_ex.c.obj
START GROUP
LOAD c:/progra~2/gnuarm~1/102021~1.10/bin/../lib/gcc/arm-none-eabi/10.3.1/thumb/v7e-m/nofp\libgcc.a
LOAD c:/progra~2/gnuarm~1/102021~1.10/bin/../lib/gcc/arm-none-eabi/10.3.1/../../../../arm-none-eabi/lib/thumb/v7e-m/nofp\libg.a
LOAD c:/progra~2/gnuarm~1/102021~1.10/bin/../lib/gcc/arm-none-eabi/10.3.1/../../../../arm-none-eabi/lib/thumb/v7e-m/nofp\libc.a
END GROUP
LOAD c:/progra~2/gnuarm~1/102021~1.10/bin/../lib/gcc/arm-none-eabi/10.3.1/thumb/v7e-m/nofp/crtend.o
LOAD c:/progra~2/gnuarm~1/102021~1.10/bin/../lib/gcc/arm-none-eabi/10.3.1/thumb/v7e-m/nofp/crtn.o
                0x20008000                _estack = (ORIGIN (RAM) + LENGTH (RAM))
                0x00000200                _Min_Heap_Size = 0x200
                0x00000400                _Min_Stack_Size = 0x400

.isr_vector     0x08000000      0x1d8
                0x08000000                . = ALIGN (0x4)
 *(.isr_vector)
 .isr_vector    0x08000000      0x1d8 CMakeFiles/serial_servo_test.elf.dir/Core/Startup/startup_stm32g431kbtx.s.obj
                0x08000000                g_pfnVectors
                0x080001d8                . = ALIGN (0x4)

.text           0x08000200     0x8c54
                0x08000200                . = ALIGN (0x4)
 *(.text)
 .text          0x08000200       0x40 c:/progra~2/gnuarm~1/102021~1.10/bin/../lib/gcc/arm-none-eabi/10.3.1/thumb/v7e-m/nofp/crtbegin.o
 .text          0x08000240       0xa0 c:/progra~2/gnuarm~1/102021~1.10/bin/../lib/gcc/arm-none-eabi/10.3.1/thumb/v7e-m/nofp\libgcc.a(_arm_truncdfsf2.o)
                0x08000240                __truncdfsf2
                0x08000240                __aeabi_d2f
 .text          0x080002e0      0x21c c:/progra~2/gnuarm~1/102021~1.10/bin/../lib/gcc/arm-none-eabi/10.3.1/thumb/v7e-m/nofp\libgcc.a(_arm_addsubsf3.o)
                0x080002e0                __aeabi_frsub
                0x080002e8                __subsf3
                0x080002e8                __aeabi_fsub
                0x080002ec                __aeabi_fadd
                0x080002ec                __addsf3
                0x0800044c                __aeabi_ui2f
                0x0800044c                __floatunsisf
                0x08000454                __aeabi_i2f
                0x08000454                __floatsisf
                0x08000470                __aeabi_ul2f
                0x08000470                __floatundisf
                0x08000480                __aeabi_l2f
                0x08000480                __floatdisf
 .text          0x080004fc      0x2a0 c:/progra~2/gnuarm~1/102021~1.10/bin/../lib/gcc/arm-none-eabi/10.3.1/thumb/v7e-m/nofp\libgcc.a(_arm_muldivsf3.o)
                0x080004fc                __mulsf3
                0x080004fc                __aeabi_fmul
                0x08000664                __aeabi_fdiv
                0x08000664                __divsf3
 .text          0x0800079c       0x4c c:/progra~2/gnuarm~1/102021~1.10/bin/../lib/gcc/arm-none-eabi/10.3.1/thumb/v7e-m/nofp\libgcc.a(_arm_fixsfsi.o)
                0x0800079c                __aeabi_f2iz
                0x0800079c                __fixsfsi
 .text          0x080007e8       0x30 c:/progra~2/gnuarm~1/102021~1.10/bin/../lib/gcc/arm-none-eabi/10.3.1/thumb/v7e-m/nofp\libgcc.a(_aeabi_uldivmod.o)
                0x080007e8                __aeabi_uldivmod
 .text          0x08000818      0x2d0 c:/progra~2/gnuarm~1/102021~1.10/bin/../lib/gcc/arm-none-eabi/10.3.1/thumb/v7e-m/nofp\libgcc.a(_udivmoddi4.o)
                0x08000818                __udivmoddi4
 .text          0x08000ae8        0x4 c:/progra~2/gnuarm~1/102021~1.10/bin/../lib/gcc/arm-none-eabi/10.3.1/thumb/v7e-m/nofp\libgcc.a(_dvmd_tls.o)
                0x08000ae8                __aeabi_idiv0
                0x08000ae8                __aeabi_ldiv0
 .text          0x08000aec      0x134 c:/progra~2/gnuarm~1/102021~1.10/bin/../lib/gcc/arm-none-eabi/10.3.1/../../../../arm-none-eabi/lib/thumb/v7e-m/nofp\libg.a(lib_a-memcpy.o)
                0x08000aec                memcpy
 *fill*         0x08000c20       0x20 
 .text          0x08000c40       0xdc c:/progra~2/gnuarm~1/102021~1.10/bin/../lib/gcc/arm-none-eabi/10.3.1/../../../../arm-none-eabi/lib/thumb/v7e-m/nofp\libg.a(lib_a-strlen.o)
                0x08000c40                strlen
 *fill*         0x08000d1c        0x4 
 .text          0x08000d20       0xa0 c:/progra~2/gnuarm~1/102021~1.10/bin/../lib/gcc/arm-none-eabi/10.3.1/../../../../arm-none-eabi/lib/thumb/v7e-m/nofp\libg.a(lib_a-memchr.o)
                0x08000d20                memchr
 .text          0x08000dc0      0x378 c:/progra~2/gnuarm~1/102021~1.10/bin/../lib/gcc/arm-none-eabi/10.3.1/thumb/v7e-m/nofp\libgcc.a(_arm_addsubdf3.o)
                0x08000dc0                __aeabi_drsub
                0x08000dc8                __aeabi_dsub
                0x08000dc8                __subdf3
                0x08000dcc                __aeabi_dadd
                0x08000dcc                __adddf3
                0x08001044                __floatunsidf
                0x08001044                __aeabi_ui2d
                0x08001064                __floatsidf
                0x08001064                __aeabi_i2d
                0x08001088                __aeabi_f2d
                0x08001088                __extendsfdf2
                0x080010cc                __floatundidf
                0x080010cc                __aeabi_ul2d
                0x080010dc                __floatdidf
                0x080010dc                __aeabi_l2d
 .text          0x08001138      0x424 c:/progra~2/gnuarm~1/102021~1.10/bin/../lib/gcc/arm-none-eabi/10.3.1/thumb/v7e-m/nofp\libgcc.a(_arm_muldivdf3.o)
                0x08001138                __aeabi_dmul
                0x08001138                __muldf3
                0x0800138c                __divdf3
                0x0800138c                __aeabi_ddiv
 .text          0x0800155c      0x110 c:/progra~2/gnuarm~1/102021~1.10/bin/../lib/gcc/arm-none-eabi/10.3.1/thumb/v7e-m/nofp\libgcc.a(_arm_cmpdf2.o)
                0x0800155c                __gtdf2
                0x0800155c                __gedf2
                0x08001564                __ltdf2
                0x08001564                __ledf2
                0x0800156c                __nedf2
                0x0800156c                __eqdf2
                0x0800156c                __cmpdf2
                0x080015e8                __aeabi_cdrcmple
                0x080015f8                __aeabi_cdcmpeq
                0x080015f8                __aeabi_cdcmple
                0x08001608                __aeabi_dcmpeq
                0x0800161c                __aeabi_dcmplt
                0x08001630                __aeabi_dcmple
                0x08001644                __aeabi_dcmpge
                0x08001658                __aeabi_dcmpgt
 .text          0x0800166c       0x40 c:/progra~2/gnuarm~1/102021~1.10/bin/../lib/gcc/arm-none-eabi/10.3.1/thumb/v7e-m/nofp\libgcc.a(_arm_fixunsdfsi.o)
                0x0800166c                __aeabi_d2uiz
                0x0800166c                __fixunsdfsi
 .text          0x080016ac       0x34 c:/progra~2/gnuarm~1/102021~1.10/bin/../lib/gcc/arm-none-eabi/10.3.1/thumb/v7e-m/nofp\libgcc.a(_fixdfdi.o)
                0x080016ac                __fixdfdi
                0x080016ac                __aeabi_d2lz
 .text          0x080016e0       0x3c c:/progra~2/gnuarm~1/102021~1.10/bin/../lib/gcc/arm-none-eabi/10.3.1/thumb/v7e-m/nofp\libgcc.a(_fixunsdfdi.o)
                0x080016e0                __fixunsdfdi
                0x080016e0                __aeabi_d2ulz
 *(.text*)
 .text.step_control
                0x0800171c       0x78 CMakeFiles/serial_servo_test.elf.dir/Core/Src/STS3215.c.obj
                0x0800171c                step_control
 .text.read_address
                0x08001794       0x56 CMakeFiles/serial_servo_test.elf.dir/Core/Src/STS3215.c.obj
                0x08001794                read_address
 *fill*         0x080017ea        0x2 
 .text.MX_GPIO_Init
                0x080017ec       0x68 CMakeFiles/serial_servo_test.elf.dir/Core/Src/main.c.obj
 .text.HAL_UART_RxCpltCallback
                0x08001854       0x8c CMakeFiles/serial_servo_test.elf.dir/Core/Src/main.c.obj
                0x08001854                HAL_UART_RxCpltCallback
 .text.Error_Handler
                0x080018e0        0x4 CMakeFiles/serial_servo_test.elf.dir/Core/Src/main.c.obj
                0x080018e0                Error_Handler
 .text.MX_USART1_UART_Init
                0x080018e4       0x68 CMakeFiles/serial_servo_test.elf.dir/Core/Src/main.c.obj
 .text.MX_USART2_UART_Init
                0x0800194c       0x60 CMakeFiles/serial_servo_test.elf.dir/Core/Src/main.c.obj
 .text.SystemClock_Config
                0x080019ac       0x70 CMakeFiles/serial_servo_test.elf.dir/Core/Src/main.c.obj
                0x080019ac                SystemClock_Config
 .text.main     0x08001a1c       0xc4 CMakeFiles/serial_servo_test.elf.dir/Core/Src/main.c.obj
                0x08001a1c                main
 .text.deg_to_num
                0x08001ae0       0x1c CMakeFiles/serial_servo_test.elf.dir/Core/Src/mytools.c.obj
                0x08001ae0                deg_to_num
 .text.HAL_MspInit
                0x08001afc       0x30 CMakeFiles/serial_servo_test.elf.dir/Core/Src/stm32g4xx_hal_msp.c.obj
                0x08001afc                HAL_MspInit
 .text.HAL_UART_MspInit
                0x08001b2c       0xf8 CMakeFiles/serial_servo_test.elf.dir/Core/Src/stm32g4xx_hal_msp.c.obj
                0x08001b2c                HAL_UART_MspInit
 .text.NMI_Handler
                0x08001c24        0x2 CMakeFiles/serial_servo_test.elf.dir/Core/Src/stm32g4xx_it.c.obj
                0x08001c24                NMI_Handler
 .text.HardFault_Handler
                0x08001c26        0x2 CMakeFiles/serial_servo_test.elf.dir/Core/Src/stm32g4xx_it.c.obj
                0x08001c26                HardFault_Handler
 .text.MemManage_Handler
                0x08001c28        0x2 CMakeFiles/serial_servo_test.elf.dir/Core/Src/stm32g4xx_it.c.obj
                0x08001c28                MemManage_Handler
 .text.BusFault_Handler
                0x08001c2a        0x2 CMakeFiles/serial_servo_test.elf.dir/Core/Src/stm32g4xx_it.c.obj
                0x08001c2a                BusFault_Handler
 .text.UsageFault_Handler
                0x08001c2c        0x2 CMakeFiles/serial_servo_test.elf.dir/Core/Src/stm32g4xx_it.c.obj
                0x08001c2c                UsageFault_Handler
 .text.SVC_Handler
                0x08001c2e        0x2 CMakeFiles/serial_servo_test.elf.dir/Core/Src/stm32g4xx_it.c.obj
                0x08001c2e                SVC_Handler
 .text.DebugMon_Handler
                0x08001c30        0x2 CMakeFiles/serial_servo_test.elf.dir/Core/Src/stm32g4xx_it.c.obj
                0x08001c30                DebugMon_Handler
 .text.PendSV_Handler
                0x08001c32        0x2 CMakeFiles/serial_servo_test.elf.dir/Core/Src/stm32g4xx_it.c.obj
                0x08001c32                PendSV_Handler
 .text.SysTick_Handler
                0x08001c34        0x8 CMakeFiles/serial_servo_test.elf.dir/Core/Src/stm32g4xx_it.c.obj
                0x08001c34                SysTick_Handler
 .text.USART2_IRQHandler
                0x08001c3c       0x10 CMakeFiles/serial_servo_test.elf.dir/Core/Src/stm32g4xx_it.c.obj
                0x08001c3c                USART2_IRQHandler
 .text._getpid  0x08001c4c        0x4 CMakeFiles/serial_servo_test.elf.dir/Core/Src/syscalls.c.obj
                0x08001c4c                _getpid
 .text._kill    0x08001c50       0x10 CMakeFiles/serial_servo_test.elf.dir/Core/Src/syscalls.c.obj
                0x08001c50                _kill
 .text._exit    0x08001c60        0xc CMakeFiles/serial_servo_test.elf.dir/Core/Src/syscalls.c.obj
                0x08001c60                _exit
 .text._read    0x08001c6c       0x20 CMakeFiles/serial_servo_test.elf.dir/Core/Src/syscalls.c.obj
                0x08001c6c                _read
 .text._write   0x08001c8c       0x1c CMakeFiles/serial_servo_test.elf.dir/Core/Src/syscalls.c.obj
                0x08001c8c                _write
 .text._close   0x08001ca8        0x6 CMakeFiles/serial_servo_test.elf.dir/Core/Src/syscalls.c.obj
                0x08001ca8                _close
 .text._fstat   0x08001cae        0xa CMakeFiles/serial_servo_test.elf.dir/Core/Src/syscalls.c.obj
                0x08001cae                _fstat
 .text._isatty  0x08001cb8        0x4 CMakeFiles/serial_servo_test.elf.dir/Core/Src/syscalls.c.obj
                0x08001cb8                _isatty
 .text._lseek   0x08001cbc        0x4 CMakeFiles/serial_servo_test.elf.dir/Core/Src/syscalls.c.obj
                0x08001cbc                _lseek
 .text._sbrk    0x08001cc0       0x48 CMakeFiles/serial_servo_test.elf.dir/Core/Src/sysmem.c.obj
                0x08001cc0                _sbrk
 .text.SystemInit
                0x08001d08        0x2 CMakeFiles/serial_servo_test.elf.dir/Core/Src/system_stm32g4xx.c.obj
                0x08001d08                SystemInit
 *fill*         0x08001d0a        0x2 
 .text.Reset_Handler
                0x08001d0c       0x50 CMakeFiles/serial_servo_test.elf.dir/Core/Startup/startup_stm32g431kbtx.s.obj
                0x08001d0c                Reset_Handler
 .text.Default_Handler
                0x08001d5c        0x2 CMakeFiles/serial_servo_test.elf.dir/Core/Startup/startup_stm32g431kbtx.s.obj
                0x08001d5c                RTC_Alarm_IRQHandler
                0x08001d5c                EXTI2_IRQHandler
                0x08001d5c                TIM8_TRG_COM_IRQHandler
                0x08001d5c                TIM8_CC_IRQHandler
                0x08001d5c                TIM1_CC_IRQHandler
                0x08001d5c                USB_HP_IRQHandler
                0x08001d5c                CORDIC_IRQHandler
                0x08001d5c                EXTI3_IRQHandler
                0x08001d5c                I2C3_ER_IRQHandler
                0x08001d5c                EXTI0_IRQHandler
                0x08001d5c                I2C2_EV_IRQHandler
                0x08001d5c                FPU_IRQHandler
                0x08001d5c                FDCAN1_IT1_IRQHandler
                0x08001d5c                TIM1_UP_TIM16_IRQHandler
                0x08001d5c                ADC1_2_IRQHandler
                0x08001d5c                SPI1_IRQHandler
                0x08001d5c                TIM6_DAC_IRQHandler
                0x08001d5c                TIM8_UP_IRQHandler
                0x08001d5c                DMA2_Channel2_IRQHandler
                0x08001d5c                DMA1_Channel4_IRQHandler
                0x08001d5c                USART3_IRQHandler
                0x08001d5c                TIM4_IRQHandler
                0x08001d5c                DMA2_Channel1_IRQHandler
                0x08001d5c                I2C1_EV_IRQHandler
                0x08001d5c                DMA1_Channel6_IRQHandler
                0x08001d5c                UART4_IRQHandler
                0x08001d5c                DMA2_Channel4_IRQHandler
                0x08001d5c                TIM3_IRQHandler
                0x08001d5c                RCC_IRQHandler
                0x08001d5c                DMA1_Channel1_IRQHandler
                0x08001d5c                Default_Handler
                0x08001d5c                RTC_TAMP_LSECSS_IRQHandler
                0x08001d5c                FMAC_IRQHandler
                0x08001d5c                EXTI15_10_IRQHandler
                0x08001d5c                TIM7_IRQHandler
                0x08001d5c                UCPD1_IRQHandler
                0x08001d5c                I2C3_EV_IRQHandler
                0x08001d5c                EXTI9_5_IRQHandler
                0x08001d5c                RTC_WKUP_IRQHandler
                0x08001d5c                PVD_PVM_IRQHandler
                0x08001d5c                SPI2_IRQHandler
                0x08001d5c                DMA2_Channel5_IRQHandler
                0x08001d5c                CRS_IRQHandler
                0x08001d5c                DMA1_Channel5_IRQHandler
                0x08001d5c                USB_LP_IRQHandler
                0x08001d5c                EXTI4_IRQHandler
                0x08001d5c                RNG_IRQHandler
                0x08001d5c                TIM1_TRG_COM_TIM17_IRQHandler
                0x08001d5c                DMA1_Channel3_IRQHandler
                0x08001d5c                WWDG_IRQHandler
                0x08001d5c                LPUART1_IRQHandler
                0x08001d5c                DMA2_Channel6_IRQHandler
                0x08001d5c                FDCAN1_IT0_IRQHandler
                0x08001d5c                TIM2_IRQHandler
                0x08001d5c                COMP1_2_3_IRQHandler
                0x08001d5c                EXTI1_IRQHandler
                0x08001d5c                I2C2_ER_IRQHandler
                0x08001d5c                DMA1_Channel2_IRQHandler
                0x08001d5c                TIM8_BRK_IRQHandler
                0x08001d5c                FLASH_IRQHandler
                0x08001d5c                USART1_IRQHandler
                0x08001d5c                SPI3_IRQHandler
                0x08001d5c                I2C1_ER_IRQHandler
                0x08001d5c                LPTIM1_IRQHandler
                0x08001d5c                DMAMUX_OVR_IRQHandler
                0x08001d5c                USBWakeUp_IRQHandler
                0x08001d5c                SAI1_IRQHandler
                0x08001d5c                DMA2_Channel3_IRQHandler
                0x08001d5c                COMP4_IRQHandler
                0x08001d5c                TIM1_BRK_TIM15_IRQHandler
 *fill*         0x08001d5e        0x2 
 .text.HAL_InitTick
                0x08001d60       0x50 CMakeFiles/serial_servo_test.elf.dir/Drivers/STM32G4xx_HAL_Driver/Src/stm32g4xx_hal.c.obj
                0x08001d60                HAL_InitTick
 .text.HAL_Init
                0x08001db0       0x1e CMakeFiles/serial_servo_test.elf.dir/Drivers/STM32G4xx_HAL_Driver/Src/stm32g4xx_hal.c.obj
                0x08001db0                HAL_Init
 *fill*         0x08001dce        0x2 
 .text.HAL_IncTick
                0x08001dd0       0x18 CMakeFiles/serial_servo_test.elf.dir/Drivers/STM32G4xx_HAL_Driver/Src/stm32g4xx_hal.c.obj
                0x08001dd0                HAL_IncTick
 .text.HAL_GetTick
                0x08001de8        0xc CMakeFiles/serial_servo_test.elf.dir/Drivers/STM32G4xx_HAL_Driver/Src/stm32g4xx_hal.c.obj
                0x08001de8                HAL_GetTick
 .text.HAL_Delay
                0x08001df4       0x28 CMakeFiles/serial_servo_test.elf.dir/Drivers/STM32G4xx_HAL_Driver/Src/stm32g4xx_hal.c.obj
                0x08001df4                HAL_Delay
 .text.HAL_NVIC_SetPriorityGrouping
                0x08001e1c       0x24 CMakeFiles/serial_servo_test.elf.dir/Drivers/STM32G4xx_HAL_Driver/Src/stm32g4xx_hal_cortex.c.obj
                0x08001e1c                HAL_NVIC_SetPriorityGrouping
 .text.HAL_NVIC_SetPriority
                0x08001e40       0x70 CMakeFiles/serial_servo_test.elf.dir/Drivers/STM32G4xx_HAL_Driver/Src/stm32g4xx_hal_cortex.c.obj
                0x08001e40                HAL_NVIC_SetPriority
 .text.HAL_NVIC_EnableIRQ
                0x08001eb0       0x1c CMakeFiles/serial_servo_test.elf.dir/Drivers/STM32G4xx_HAL_Driver/Src/stm32g4xx_hal_cortex.c.obj
                0x08001eb0                HAL_NVIC_EnableIRQ
 .text.HAL_SYSTICK_Config
                0x08001ecc       0x28 CMakeFiles/serial_servo_test.elf.dir/Drivers/STM32G4xx_HAL_Driver/Src/stm32g4xx_hal_cortex.c.obj
                0x08001ecc                HAL_SYSTICK_Config
 .text.HAL_DMA_Abort
                0x08001ef4       0x6c CMakeFiles/serial_servo_test.elf.dir/Drivers/STM32G4xx_HAL_Driver/Src/stm32g4xx_hal_dma.c.obj
                0x08001ef4                HAL_DMA_Abort
 .text.HAL_DMA_Abort_IT
                0x08001f60       0x7e CMakeFiles/serial_servo_test.elf.dir/Drivers/STM32G4xx_HAL_Driver/Src/stm32g4xx_hal_dma.c.obj
                0x08001f60                HAL_DMA_Abort_IT
 *fill*         0x08001fde        0x2 
 .text.HAL_GPIO_Init
                0x08001fe0      0x1dc CMakeFiles/serial_servo_test.elf.dir/Drivers/STM32G4xx_HAL_Driver/Src/stm32g4xx_hal_gpio.c.obj
                0x08001fe0                HAL_GPIO_Init
 .text.HAL_GPIO_WritePin
                0x080021bc        0xa CMakeFiles/serial_servo_test.elf.dir/Drivers/STM32G4xx_HAL_Driver/Src/stm32g4xx_hal_gpio.c.obj
                0x080021bc                HAL_GPIO_WritePin
 .text.HAL_GPIO_TogglePin
                0x080021c6       0x12 CMakeFiles/serial_servo_test.elf.dir/Drivers/STM32G4xx_HAL_Driver/Src/stm32g4xx_hal_gpio.c.obj
                0x080021c6                HAL_GPIO_TogglePin
 .text.HAL_PWREx_ControlVoltageScaling
                0x080021d8      0x10c CMakeFiles/serial_servo_test.elf.dir/Drivers/STM32G4xx_HAL_Driver/Src/stm32g4xx_hal_pwr_ex.c.obj
                0x080021d8                HAL_PWREx_ControlVoltageScaling
 .text.RCC_GetSysClockFreqFromPLLSource
                0x080022e4       0x58 CMakeFiles/serial_servo_test.elf.dir/Drivers/STM32G4xx_HAL_Driver/Src/stm32g4xx_hal_rcc.c.obj
 .text.HAL_RCC_OscConfig
                0x0800233c      0x4e8 CMakeFiles/serial_servo_test.elf.dir/Drivers/STM32G4xx_HAL_Driver/Src/stm32g4xx_hal_rcc.c.obj
                0x0800233c                HAL_RCC_OscConfig
 .text.HAL_RCC_GetSysClockFreq
                0x08002824       0x88 CMakeFiles/serial_servo_test.elf.dir/Drivers/STM32G4xx_HAL_Driver/Src/stm32g4xx_hal_rcc.c.obj
                0x08002824                HAL_RCC_GetSysClockFreq
 .text.HAL_RCC_ClockConfig
                0x080028ac      0x1f8 CMakeFiles/serial_servo_test.elf.dir/Drivers/STM32G4xx_HAL_Driver/Src/stm32g4xx_hal_rcc.c.obj
                0x080028ac                HAL_RCC_ClockConfig
 .text.HAL_RCC_GetHCLKFreq
                0x08002aa4        0xc CMakeFiles/serial_servo_test.elf.dir/Drivers/STM32G4xx_HAL_Driver/Src/stm32g4xx_hal_rcc.c.obj
                0x08002aa4                HAL_RCC_GetHCLKFreq
 .text.HAL_RCC_GetPCLK1Freq
                0x08002ab0       0x24 CMakeFiles/serial_servo_test.elf.dir/Drivers/STM32G4xx_HAL_Driver/Src/stm32g4xx_hal_rcc.c.obj
                0x08002ab0                HAL_RCC_GetPCLK1Freq
 .text.HAL_RCC_GetPCLK2Freq
                0x08002ad4       0x24 CMakeFiles/serial_servo_test.elf.dir/Drivers/STM32G4xx_HAL_Driver/Src/stm32g4xx_hal_rcc.c.obj
                0x08002ad4                HAL_RCC_GetPCLK2Freq
 .text.HAL_RCCEx_PeriphCLKConfig
                0x08002af8      0x2e4 CMakeFiles/serial_servo_test.elf.dir/Drivers/STM32G4xx_HAL_Driver/Src/stm32g4xx_hal_rcc_ex.c.obj
                0x08002af8                HAL_RCCEx_PeriphCLKConfig
 .text.UART_EndRxTransfer
                0x08002ddc       0x56 CMakeFiles/serial_servo_test.elf.dir/Drivers/STM32G4xx_HAL_Driver/Src/stm32g4xx_hal_uart.c.obj
 .text.HAL_UART_TxCpltCallback
                0x08002e32        0x2 CMakeFiles/serial_servo_test.elf.dir/Drivers/STM32G4xx_HAL_Driver/Src/stm32g4xx_hal_uart.c.obj
                0x08002e32                HAL_UART_TxCpltCallback
 .text.UART_EndTransmit_IT
                0x08002e34       0x24 CMakeFiles/serial_servo_test.elf.dir/Drivers/STM32G4xx_HAL_Driver/Src/stm32g4xx_hal_uart.c.obj
 .text.HAL_UART_ErrorCallback
                0x08002e58        0x2 CMakeFiles/serial_servo_test.elf.dir/Drivers/STM32G4xx_HAL_Driver/Src/stm32g4xx_hal_uart.c.obj
                0x08002e58                HAL_UART_ErrorCallback
 .text.UART_DMAAbortOnError
                0x08002e5a       0x14 CMakeFiles/serial_servo_test.elf.dir/Drivers/STM32G4xx_HAL_Driver/Src/stm32g4xx_hal_uart.c.obj
 .text.HAL_UARTEx_RxEventCallback
                0x08002e6e        0x2 CMakeFiles/serial_servo_test.elf.dir/Drivers/STM32G4xx_HAL_Driver/Src/stm32g4xx_hal_uart.c.obj
                0x08002e6e                HAL_UARTEx_RxEventCallback
 .text.HAL_UART_IRQHandler
                0x08002e70      0x334 CMakeFiles/serial_servo_test.elf.dir/Drivers/STM32G4xx_HAL_Driver/Src/stm32g4xx_hal_uart.c.obj
                0x08002e70                HAL_UART_IRQHandler
 .text.UART_RxISR_8BIT
                0x080031a4       0xb2 CMakeFiles/serial_servo_test.elf.dir/Drivers/STM32G4xx_HAL_Driver/Src/stm32g4xx_hal_uart.c.obj
 .text.UART_RxISR_16BIT
                0x08003256       0xb0 CMakeFiles/serial_servo_test.elf.dir/Drivers/STM32G4xx_HAL_Driver/Src/stm32g4xx_hal_uart.c.obj
 *fill*         0x08003306        0x2 
 .text.UART_RxISR_8BIT_FIFOEN
                0x08003308      0x1a0 CMakeFiles/serial_servo_test.elf.dir/Drivers/STM32G4xx_HAL_Driver/Src/stm32g4xx_hal_uart.c.obj
 .text.UART_RxISR_16BIT_FIFOEN
                0x080034a8      0x1a0 CMakeFiles/serial_servo_test.elf.dir/Drivers/STM32G4xx_HAL_Driver/Src/stm32g4xx_hal_uart.c.obj
 .text.UART_SetConfig
                0x08003648      0x344 CMakeFiles/serial_servo_test.elf.dir/Drivers/STM32G4xx_HAL_Driver/Src/stm32g4xx_hal_uart.c.obj
                0x08003648                UART_SetConfig
 .text.UART_AdvFeatureConfig
                0x0800398c       0xca CMakeFiles/serial_servo_test.elf.dir/Drivers/STM32G4xx_HAL_Driver/Src/stm32g4xx_hal_uart.c.obj
                0x0800398c                UART_AdvFeatureConfig
 .text.UART_WaitOnFlagUntilTimeout
                0x08003a56       0xdc CMakeFiles/serial_servo_test.elf.dir/Drivers/STM32G4xx_HAL_Driver/Src/stm32g4xx_hal_uart.c.obj
                0x08003a56                UART_WaitOnFlagUntilTimeout
 .text.HAL_UART_Transmit
                0x08003b32       0xde CMakeFiles/serial_servo_test.elf.dir/Drivers/STM32G4xx_HAL_Driver/Src/stm32g4xx_hal_uart.c.obj
                0x08003b32                HAL_UART_Transmit
 .text.UART_CheckIdleState
                0x08003c10       0x74 CMakeFiles/serial_servo_test.elf.dir/Drivers/STM32G4xx_HAL_Driver/Src/stm32g4xx_hal_uart.c.obj
                0x08003c10                UART_CheckIdleState
 .text.HAL_UART_Init
                0x08003c84       0x66 CMakeFiles/serial_servo_test.elf.dir/Drivers/STM32G4xx_HAL_Driver/Src/stm32g4xx_hal_uart.c.obj
                0x08003c84                HAL_UART_Init
 *fill*         0x08003cea        0x2 
 .text.UART_Start_Receive_IT
                0x08003cec      0x148 CMakeFiles/serial_servo_test.elf.dir/Drivers/STM32G4xx_HAL_Driver/Src/stm32g4xx_hal_uart.c.obj
                0x08003cec                UART_Start_Receive_IT
 .text.HAL_UART_Receive_IT
                0x08003e34       0x5c CMakeFiles/serial_servo_test.elf.dir/Drivers/STM32G4xx_HAL_Driver/Src/stm32g4xx_hal_uart.c.obj
                0x08003e34                HAL_UART_Receive_IT
 .text.UARTEx_SetNbDataToProcess
                0x08003e90       0x4c CMakeFiles/serial_servo_test.elf.dir/Drivers/STM32G4xx_HAL_Driver/Src/stm32g4xx_hal_uart_ex.c.obj
 .text.HAL_RS485Ex_Init
                0x08003edc       0x86 CMakeFiles/serial_servo_test.elf.dir/Drivers/STM32G4xx_HAL_Driver/Src/stm32g4xx_hal_uart_ex.c.obj
                0x08003edc                HAL_RS485Ex_Init
 .text.HAL_UARTEx_WakeupCallback
                0x08003f62        0x2 CMakeFiles/serial_servo_test.elf.dir/Drivers/STM32G4xx_HAL_Driver/Src/stm32g4xx_hal_uart_ex.c.obj
                0x08003f62                HAL_UARTEx_WakeupCallback
 .text.HAL_UARTEx_RxFifoFullCallback
                0x08003f64        0x2 CMakeFiles/serial_servo_test.elf.dir/Drivers/STM32G4xx_HAL_Driver/Src/stm32g4xx_hal_uart_ex.c.obj
                0x08003f64                HAL_UARTEx_RxFifoFullCallback
 .text.HAL_UARTEx_TxFifoEmptyCallback
                0x08003f66        0x2 CMakeFiles/serial_servo_test.elf.dir/Drivers/STM32G4xx_HAL_Driver/Src/stm32g4xx_hal_uart_ex.c.obj
                0x08003f66                HAL_UARTEx_TxFifoEmptyCallback
 .text.HAL_UARTEx_DisableFifoMode
                0x08003f68       0x3e CMakeFiles/serial_servo_test.elf.dir/Drivers/STM32G4xx_HAL_Driver/Src/stm32g4xx_hal_uart_ex.c.obj
                0x08003f68                HAL_UARTEx_DisableFifoMode
 .text.HAL_UARTEx_SetTxFifoThreshold
                0x08003fa6       0x4a CMakeFiles/serial_servo_test.elf.dir/Drivers/STM32G4xx_HAL_Driver/Src/stm32g4xx_hal_uart_ex.c.obj
                0x08003fa6                HAL_UARTEx_SetTxFifoThreshold
 .text.HAL_UARTEx_SetRxFifoThreshold
                0x08003ff0       0x4a CMakeFiles/serial_servo_test.elf.dir/Drivers/STM32G4xx_HAL_Driver/Src/stm32g4xx_hal_uart_ex.c.obj
                0x08003ff0                HAL_UARTEx_SetRxFifoThreshold
 *fill*         0x0800403a        0x2 
 .text.atof     0x0800403c        0x8 c:/progra~2/gnuarm~1/102021~1.10/bin/../lib/gcc/arm-none-eabi/10.3.1/../../../../arm-none-eabi/lib/thumb/v7e-m/nofp\libg.a(lib_a-atof.o)
                0x0800403c                atof
 .text.__errno  0x08004044        0xc c:/progra~2/gnuarm~1/102021~1.10/bin/../lib/gcc/arm-none-eabi/10.3.1/../../../../arm-none-eabi/lib/thumb/v7e-m/nofp\libg.a(lib_a-errno.o)
                0x08004044                __errno
 .text.__libc_init_array
                0x08004050       0x48 c:/progra~2/gnuarm~1/102021~1.10/bin/../lib/gcc/arm-none-eabi/10.3.1/../../../../arm-none-eabi/lib/thumb/v7e-m/nofp\libg.a(lib_a-init.o)
                0x08004050                __libc_init_array
 .text.memset   0x08004098       0xa4 c:/progra~2/gnuarm~1/102021~1.10/bin/../lib/gcc/arm-none-eabi/10.3.1/../../../../arm-none-eabi/lib/thumb/v7e-m/nofp\libg.a(lib_a-memset.o)
                0x08004098                memset
 *fill*         0x0800413c        0x4 
 .text._strtod_l
                0x08004140      0xf30 c:/progra~2/gnuarm~1/102021~1.10/bin/../lib/gcc/arm-none-eabi/10.3.1/../../../../arm-none-eabi/lib/thumb/v7e-m/nofp\libg.a(lib_a-strtod.o)
                0x08004140                _strtod_l
 .text.strtod   0x08005070       0x1c c:/progra~2/gnuarm~1/102021~1.10/bin/../lib/gcc/arm-none-eabi/10.3.1/../../../../arm-none-eabi/lib/thumb/v7e-m/nofp\libg.a(lib_a-strtod.o)
                0x08005070                strtod
 .text.startup.register_fini
                0x0800508c       0x14 c:/progra~2/gnuarm~1/102021~1.10/bin/../lib/gcc/arm-none-eabi/10.3.1/../../../../arm-none-eabi/lib/thumb/v7e-m/nofp\libg.a(lib_a-__call_atexit.o)
 .text.atexit   0x080050a0        0xc c:/progra~2/gnuarm~1/102021~1.10/bin/../lib/gcc/arm-none-eabi/10.3.1/../../../../arm-none-eabi/lib/thumb/v7e-m/nofp\libg.a(lib_a-atexit.o)
                0x080050a0                atexit
 .text.__libc_fini_array
                0x080050ac       0x2c c:/progra~2/gnuarm~1/102021~1.10/bin/../lib/gcc/arm-none-eabi/10.3.1/../../../../arm-none-eabi/lib/thumb/v7e-m/nofp\libg.a(lib_a-fini.o)
                0x080050ac                __libc_fini_array
 .text.rshift   0x080050d8       0xa4 c:/progra~2/gnuarm~1/102021~1.10/bin/../lib/gcc/arm-none-eabi/10.3.1/../../../../arm-none-eabi/lib/thumb/v7e-m/nofp\libg.a(lib_a-gdtoa-gethex.o)
 .text.__gethex
                0x0800517c      0x5bc c:/progra~2/gnuarm~1/102021~1.10/bin/../lib/gcc/arm-none-eabi/10.3.1/../../../../arm-none-eabi/lib/thumb/v7e-m/nofp\libg.a(lib_a-gdtoa-gethex.o)
                0x0800517c                __gethex
 .text.__match  0x08005738       0x34 c:/progra~2/gnuarm~1/102021~1.10/bin/../lib/gcc/arm-none-eabi/10.3.1/../../../../arm-none-eabi/lib/thumb/v7e-m/nofp\libg.a(lib_a-gdtoa-hexnan.o)
                0x08005738                __match
 .text.__hexnan
                0x0800576c      0x1ac c:/progra~2/gnuarm~1/102021~1.10/bin/../lib/gcc/arm-none-eabi/10.3.1/../../../../arm-none-eabi/lib/thumb/v7e-m/nofp\libg.a(lib_a-gdtoa-hexnan.o)
                0x0800576c                __hexnan
 .text.__locale_mb_cur_max
                0x08005918        0xc c:/progra~2/gnuarm~1/102021~1.10/bin/../lib/gcc/arm-none-eabi/10.3.1/../../../../arm-none-eabi/lib/thumb/v7e-m/nofp\libg.a(lib_a-locale.o)
                0x08005918                __locale_mb_cur_max
 .text.__retarget_lock_init_recursive
                0x08005924        0x4 c:/progra~2/gnuarm~1/102021~1.10/bin/../lib/gcc/arm-none-eabi/10.3.1/../../../../arm-none-eabi/lib/thumb/v7e-m/nofp\libg.a(lib_a-lock.o)
                0x08005924                __retarget_lock_init_recursive
 .text.__retarget_lock_close_recursive
                0x08005928        0x4 c:/progra~2/gnuarm~1/102021~1.10/bin/../lib/gcc/arm-none-eabi/10.3.1/../../../../arm-none-eabi/lib/thumb/v7e-m/nofp\libg.a(lib_a-lock.o)
                0x08005928                __retarget_lock_close_recursive
 .text.__retarget_lock_acquire_recursive
                0x0800592c        0x4 c:/progra~2/gnuarm~1/102021~1.10/bin/../lib/gcc/arm-none-eabi/10.3.1/../../../../arm-none-eabi/lib/thumb/v7e-m/nofp\libg.a(lib_a-lock.o)
                0x0800592c                __retarget_lock_acquire_recursive
 .text.__retarget_lock_release_recursive
                0x08005930        0x4 c:/progra~2/gnuarm~1/102021~1.10/bin/../lib/gcc/arm-none-eabi/10.3.1/../../../../arm-none-eabi/lib/thumb/v7e-m/nofp\libg.a(lib_a-lock.o)
                0x08005930                __retarget_lock_release_recursive
 .text.__ascii_mbtowc
                0x08005934       0x2c c:/progra~2/gnuarm~1/102021~1.10/bin/../lib/gcc/arm-none-eabi/10.3.1/../../../../arm-none-eabi/lib/thumb/v7e-m/nofp\libg.a(lib_a-mbtowc_r.o)
                0x08005934                __ascii_mbtowc
 .text._Balloc  0x08005960       0x4c c:/progra~2/gnuarm~1/102021~1.10/bin/../lib/gcc/arm-none-eabi/10.3.1/../../../../arm-none-eabi/lib/thumb/v7e-m/nofp\libg.a(lib_a-mprec.o)
                0x08005960                _Balloc
 .text._Bfree   0x080059ac       0x14 c:/progra~2/gnuarm~1/102021~1.10/bin/../lib/gcc/arm-none-eabi/10.3.1/../../../../arm-none-eabi/lib/thumb/v7e-m/nofp\libg.a(lib_a-mprec.o)
                0x080059ac                _Bfree
 .text.__multadd
                0x080059c0       0xa0 c:/progra~2/gnuarm~1/102021~1.10/bin/../lib/gcc/arm-none-eabi/10.3.1/../../../../arm-none-eabi/lib/thumb/v7e-m/nofp\libg.a(lib_a-mprec.o)
                0x080059c0                __multadd
 .text.__s2b    0x08005a60       0xb4 c:/progra~2/gnuarm~1/102021~1.10/bin/../lib/gcc/arm-none-eabi/10.3.1/../../../../arm-none-eabi/lib/thumb/v7e-m/nofp\libg.a(lib_a-mprec.o)
                0x08005a60                __s2b
 .text.__hi0bits
                0x08005b14       0x40 c:/progra~2/gnuarm~1/102021~1.10/bin/../lib/gcc/arm-none-eabi/10.3.1/../../../../arm-none-eabi/lib/thumb/v7e-m/nofp\libg.a(lib_a-mprec.o)
                0x08005b14                __hi0bits
 .text.__lo0bits
                0x08005b54       0x5c c:/progra~2/gnuarm~1/102021~1.10/bin/../lib/gcc/arm-none-eabi/10.3.1/../../../../arm-none-eabi/lib/thumb/v7e-m/nofp\libg.a(lib_a-mprec.o)
                0x08005b54                __lo0bits
 .text.__i2b    0x08005bb0       0x5c c:/progra~2/gnuarm~1/102021~1.10/bin/../lib/gcc/arm-none-eabi/10.3.1/../../../../arm-none-eabi/lib/thumb/v7e-m/nofp\libg.a(lib_a-mprec.o)
                0x08005bb0                __i2b
 .text.__multiply
                0x08005c0c      0x15c c:/progra~2/gnuarm~1/102021~1.10/bin/../lib/gcc/arm-none-eabi/10.3.1/../../../../arm-none-eabi/lib/thumb/v7e-m/nofp\libg.a(lib_a-mprec.o)
                0x08005c0c                __multiply
 .text.__pow5mult
                0x08005d68       0xc0 c:/progra~2/gnuarm~1/102021~1.10/bin/../lib/gcc/arm-none-eabi/10.3.1/../../../../arm-none-eabi/lib/thumb/v7e-m/nofp\libg.a(lib_a-mprec.o)
                0x08005d68                __pow5mult
 .text.__lshift
                0x08005e28       0xf0 c:/progra~2/gnuarm~1/102021~1.10/bin/../lib/gcc/arm-none-eabi/10.3.1/../../../../arm-none-eabi/lib/thumb/v7e-m/nofp\libg.a(lib_a-mprec.o)
                0x08005e28                __lshift
 .text.__mcmp   0x08005f18       0x40 c:/progra~2/gnuarm~1/102021~1.10/bin/../lib/gcc/arm-none-eabi/10.3.1/../../../../arm-none-eabi/lib/thumb/v7e-m/nofp\libg.a(lib_a-mprec.o)
                0x08005f18                __mcmp
 .text.__mdiff  0x08005f58      0x14c c:/progra~2/gnuarm~1/102021~1.10/bin/../lib/gcc/arm-none-eabi/10.3.1/../../../../arm-none-eabi/lib/thumb/v7e-m/nofp\libg.a(lib_a-mprec.o)
                0x08005f58                __mdiff
 .text.__ulp    0x080060a4       0x44 c:/progra~2/gnuarm~1/102021~1.10/bin/../lib/gcc/arm-none-eabi/10.3.1/../../../../arm-none-eabi/lib/thumb/v7e-m/nofp\libg.a(lib_a-mprec.o)
                0x080060a4                __ulp
 .text.__b2d    0x080060e8       0xd0 c:/progra~2/gnuarm~1/102021~1.10/bin/../lib/gcc/arm-none-eabi/10.3.1/../../../../arm-none-eabi/lib/thumb/v7e-m/nofp\libg.a(lib_a-mprec.o)
                0x080060e8                __b2d
 .text.__d2b    0x080061b8       0xc4 c:/progra~2/gnuarm~1/102021~1.10/bin/../lib/gcc/arm-none-eabi/10.3.1/../../../../arm-none-eabi/lib/thumb/v7e-m/nofp\libg.a(lib_a-mprec.o)
                0x080061b8                __d2b
 .text.__ratio  0x0800627c       0x5c c:/progra~2/gnuarm~1/102021~1.10/bin/../lib/gcc/arm-none-eabi/10.3.1/../../../../arm-none-eabi/lib/thumb/v7e-m/nofp\libg.a(lib_a-mprec.o)
                0x0800627c                __ratio
 .text.__copybits
                0x080062d8       0x5c c:/progra~2/gnuarm~1/102021~1.10/bin/../lib/gcc/arm-none-eabi/10.3.1/../../../../arm-none-eabi/lib/thumb/v7e-m/nofp\libg.a(lib_a-mprec.o)
                0x080062d8                __copybits
 .text.__any_on
                0x08006334       0x60 c:/progra~2/gnuarm~1/102021~1.10/bin/../lib/gcc/arm-none-eabi/10.3.1/../../../../arm-none-eabi/lib/thumb/v7e-m/nofp\libg.a(lib_a-mprec.o)
                0x08006334                __any_on
 .text.nan      0x08006394        0xc c:/progra~2/gnuarm~1/102021~1.10/bin/../lib/gcc/arm-none-eabi/10.3.1/../../../../arm-none-eabi/lib/thumb/v7e-m/nofp\libg.a(lib_a-s_nan.o)
                0x08006394                nan
 .text.strncmp  0x080063a0       0x80 c:/progra~2/gnuarm~1/102021~1.10/bin/../lib/gcc/arm-none-eabi/10.3.1/../../../../arm-none-eabi/lib/thumb/v7e-m/nofp\libg.a(lib_a-strncmp.o)
                0x080063a0                strncmp
 .text.__ascii_wctomb
                0x08006420       0x1c c:/progra~2/gnuarm~1/102021~1.10/bin/../lib/gcc/arm-none-eabi/10.3.1/../../../../arm-none-eabi/lib/thumb/v7e-m/nofp\libg.a(lib_a-wctomb_r.o)
                0x08006420                __ascii_wctomb
 .text.__register_exitproc
                0x0800643c       0x8c c:/progra~2/gnuarm~1/102021~1.10/bin/../lib/gcc/arm-none-eabi/10.3.1/../../../../arm-none-eabi/lib/thumb/v7e-m/nofp\libg.a(lib_a-__atexit.o)
                0x0800643c                __register_exitproc
 .text.__assert_func
                0x080064c8       0x40 c:/progra~2/gnuarm~1/102021~1.10/bin/../lib/gcc/arm-none-eabi/10.3.1/../../../../arm-none-eabi/lib/thumb/v7e-m/nofp\libg.a(lib_a-assert.o)
                0x080064c8                __assert_func
 .text._calloc_r
                0x08006508       0x78 c:/progra~2/gnuarm~1/102021~1.10/bin/../lib/gcc/arm-none-eabi/10.3.1/../../../../arm-none-eabi/lib/thumb/v7e-m/nofp\libg.a(lib_a-callocr.o)
                0x08006508                _calloc_r
 .text.fiprintf
                0x08006580       0x28 c:/progra~2/gnuarm~1/102021~1.10/bin/../lib/gcc/arm-none-eabi/10.3.1/../../../../arm-none-eabi/lib/thumb/v7e-m/nofp\libg.a(lib_a-fiprintf.o)
                0x08006580                fiprintf
 .text._malloc_r
                0x080065a8      0x560 c:/progra~2/gnuarm~1/102021~1.10/bin/../lib/gcc/arm-none-eabi/10.3.1/../../../../arm-none-eabi/lib/thumb/v7e-m/nofp\libg.a(lib_a-mallocr.o)
                0x080065a8                _malloc_r
 .text.__malloc_lock
                0x08006b08        0xc c:/progra~2/gnuarm~1/102021~1.10/bin/../lib/gcc/arm-none-eabi/10.3.1/../../../../arm-none-eabi/lib/thumb/v7e-m/nofp\libg.a(lib_a-mlock.o)
                0x08006b08                __malloc_lock
 .text.__malloc_unlock
                0x08006b14        0xc c:/progra~2/gnuarm~1/102021~1.10/bin/../lib/gcc/arm-none-eabi/10.3.1/../../../../arm-none-eabi/lib/thumb/v7e-m/nofp\libg.a(lib_a-mlock.o)
                0x08006b14                __malloc_unlock
 .text._sbrk_r  0x08006b20       0x24 c:/progra~2/gnuarm~1/102021~1.10/bin/../lib/gcc/arm-none-eabi/10.3.1/../../../../arm-none-eabi/lib/thumb/v7e-m/nofp\libg.a(lib_a-sbrkr.o)
                0x08006b20                _sbrk_r
 .text.__sprint_r.part.0
                0x08006b44       0x78 c:/progra~2/gnuarm~1/102021~1.10/bin/../lib/gcc/arm-none-eabi/10.3.1/../../../../arm-none-eabi/lib/thumb/v7e-m/nofp\libg.a(lib_a-vfiprintf.o)
 .text._vfiprintf_r
                0x08006bbc      0xda0 c:/progra~2/gnuarm~1/102021~1.10/bin/../lib/gcc/arm-none-eabi/10.3.1/../../../../arm-none-eabi/lib/thumb/v7e-m/nofp\libg.a(lib_a-vfiprintf.o)
                0x08006bbc                _vfiprintf_r
 .text.__sbprintf
                0x0800795c       0x80 c:/progra~2/gnuarm~1/102021~1.10/bin/../lib/gcc/arm-none-eabi/10.3.1/../../../../arm-none-eabi/lib/thumb/v7e-m/nofp\libg.a(lib_a-vfiprintf.o)
 .text.__swsetup_r
                0x080079dc       0xd4 c:/progra~2/gnuarm~1/102021~1.10/bin/../lib/gcc/arm-none-eabi/10.3.1/../../../../arm-none-eabi/lib/thumb/v7e-m/nofp\libg.a(lib_a-wsetup.o)
                0x080079dc                __swsetup_r
 .text.abort    0x08007ab0       0x10 c:/progra~2/gnuarm~1/102021~1.10/bin/../lib/gcc/arm-none-eabi/10.3.1/../../../../arm-none-eabi/lib/thumb/v7e-m/nofp\libg.a(lib_a-abort.o)
                0x08007ab0                abort
 .text.__sflush_r
                0x08007ac0      0x120 c:/progra~2/gnuarm~1/102021~1.10/bin/../lib/gcc/arm-none-eabi/10.3.1/../../../../arm-none-eabi/lib/thumb/v7e-m/nofp\libg.a(lib_a-fflush.o)
                0x08007ac0                __sflush_r
 .text._fflush_r
                0x08007be0       0x5c c:/progra~2/gnuarm~1/102021~1.10/bin/../lib/gcc/arm-none-eabi/10.3.1/../../../../arm-none-eabi/lib/thumb/v7e-m/nofp\libg.a(lib_a-fflush.o)
                0x08007be0                _fflush_r
 .text._cleanup_r
                0x08007c3c        0xc c:/progra~2/gnuarm~1/102021~1.10/bin/../lib/gcc/arm-none-eabi/10.3.1/../../../../arm-none-eabi/lib/thumb/v7e-m/nofp\libg.a(lib_a-findfp.o)
                0x08007c3c                _cleanup_r
 .text.__sinit  0x08007c48      0x10c c:/progra~2/gnuarm~1/102021~1.10/bin/../lib/gcc/arm-none-eabi/10.3.1/../../../../arm-none-eabi/lib/thumb/v7e-m/nofp\libg.a(lib_a-findfp.o)
                0x08007c48                __sinit
 .text.__sfp_lock_acquire
                0x08007d54        0xc c:/progra~2/gnuarm~1/102021~1.10/bin/../lib/gcc/arm-none-eabi/10.3.1/../../../../arm-none-eabi/lib/thumb/v7e-m/nofp\libg.a(lib_a-findfp.o)
                0x08007d54                __sfp_lock_acquire
 .text.__sfp_lock_release
                0x08007d60        0xc c:/progra~2/gnuarm~1/102021~1.10/bin/../lib/gcc/arm-none-eabi/10.3.1/../../../../arm-none-eabi/lib/thumb/v7e-m/nofp\libg.a(lib_a-findfp.o)
                0x08007d60                __sfp_lock_release
 .text.__fputwc
                0x08007d6c       0xa8 c:/progra~2/gnuarm~1/102021~1.10/bin/../lib/gcc/arm-none-eabi/10.3.1/../../../../arm-none-eabi/lib/thumb/v7e-m/nofp\libg.a(lib_a-fputwc.o)
                0x08007d6c                __fputwc
 .text._fputwc_r
                0x08007e14       0x68 c:/progra~2/gnuarm~1/102021~1.10/bin/../lib/gcc/arm-none-eabi/10.3.1/../../../../arm-none-eabi/lib/thumb/v7e-m/nofp\libg.a(lib_a-fputwc.o)
                0x08007e14                _fputwc_r
 .text._malloc_trim_r
                0x08007e7c       0xa0 c:/progra~2/gnuarm~1/102021~1.10/bin/../lib/gcc/arm-none-eabi/10.3.1/../../../../arm-none-eabi/lib/thumb/v7e-m/nofp\libg.a(lib_a-freer.o)
                0x08007e7c                _malloc_trim_r
 .text._free_r  0x08007f1c      0x20c c:/progra~2/gnuarm~1/102021~1.10/bin/../lib/gcc/arm-none-eabi/10.3.1/../../../../arm-none-eabi/lib/thumb/v7e-m/nofp\libg.a(lib_a-freer.o)
                0x08007f1c                _free_r
 .text.__sfvwrite_r
                0x08008128      0x2e8 c:/progra~2/gnuarm~1/102021~1.10/bin/../lib/gcc/arm-none-eabi/10.3.1/../../../../arm-none-eabi/lib/thumb/v7e-m/nofp\libg.a(lib_a-fvwrite.o)
                0x08008128                __sfvwrite_r
 .text._fwalk_reent
                0x08008410       0x48 c:/progra~2/gnuarm~1/102021~1.10/bin/../lib/gcc/arm-none-eabi/10.3.1/../../../../arm-none-eabi/lib/thumb/v7e-m/nofp\libg.a(lib_a-fwalk.o)
                0x08008410                _fwalk_reent
 .text._localeconv_r
                0x08008458        0x8 c:/progra~2/gnuarm~1/102021~1.10/bin/../lib/gcc/arm-none-eabi/10.3.1/../../../../arm-none-eabi/lib/thumb/v7e-m/nofp\libg.a(lib_a-localeconv.o)
                0x08008458                _localeconv_r
 .text.__smakebuf_r
                0x08008460       0xe0 c:/progra~2/gnuarm~1/102021~1.10/bin/../lib/gcc/arm-none-eabi/10.3.1/../../../../arm-none-eabi/lib/thumb/v7e-m/nofp\libg.a(lib_a-makebuf.o)
                0x08008460                __smakebuf_r
 .text.memmove  0x08008540       0xf8 c:/progra~2/gnuarm~1/102021~1.10/bin/../lib/gcc/arm-none-eabi/10.3.1/../../../../arm-none-eabi/lib/thumb/v7e-m/nofp\libg.a(lib_a-memmove.o)
                0x08008540                memmove
 .text._realloc_r
                0x08008638      0x3d8 c:/progra~2/gnuarm~1/102021~1.10/bin/../lib/gcc/arm-none-eabi/10.3.1/../../../../arm-none-eabi/lib/thumb/v7e-m/nofp\libg.a(lib_a-reallocr.o)
                0x08008638                _realloc_r
 .text.raise    0x08008a10       0x5c c:/progra~2/gnuarm~1/102021~1.10/bin/../lib/gcc/arm-none-eabi/10.3.1/../../../../arm-none-eabi/lib/thumb/v7e-m/nofp\libg.a(lib_a-signal.o)
                0x08008a10                raise
 .text._kill_r  0x08008a6c       0x2c c:/progra~2/gnuarm~1/102021~1.10/bin/../lib/gcc/arm-none-eabi/10.3.1/../../../../arm-none-eabi/lib/thumb/v7e-m/nofp\libg.a(lib_a-signalr.o)
                0x08008a6c                _kill_r
 .text._getpid_r
                0x08008a98        0x4 c:/progra~2/gnuarm~1/102021~1.10/bin/../lib/gcc/arm-none-eabi/10.3.1/../../../../arm-none-eabi/lib/thumb/v7e-m/nofp\libg.a(lib_a-signalr.o)
                0x08008a98                _getpid_r
 .text.__sread  0x08008a9c       0x24 c:/progra~2/gnuarm~1/102021~1.10/bin/../lib/gcc/arm-none-eabi/10.3.1/../../../../arm-none-eabi/lib/thumb/v7e-m/nofp\libg.a(lib_a-stdio.o)
                0x08008a9c                __sread
 .text.__swrite
                0x08008ac0       0x40 c:/progra~2/gnuarm~1/102021~1.10/bin/../lib/gcc/arm-none-eabi/10.3.1/../../../../arm-none-eabi/lib/thumb/v7e-m/nofp\libg.a(lib_a-stdio.o)
                0x08008ac0                __swrite
 .text.__sseek  0x08008b00       0x20 c:/progra~2/gnuarm~1/102021~1.10/bin/../lib/gcc/arm-none-eabi/10.3.1/../../../../arm-none-eabi/lib/thumb/v7e-m/nofp\libg.a(lib_a-stdio.o)
                0x08008b00                __sseek
 .text.__sclose
                0x08008b20        0x8 c:/progra~2/gnuarm~1/102021~1.10/bin/../lib/gcc/arm-none-eabi/10.3.1/../../../../arm-none-eabi/lib/thumb/v7e-m/nofp\libg.a(lib_a-stdio.o)
                0x08008b20                __sclose
 .text.strncpy  0x08008b28       0x64 c:/progra~2/gnuarm~1/102021~1.10/bin/../lib/gcc/arm-none-eabi/10.3.1/../../../../arm-none-eabi/lib/thumb/v7e-m/nofp\libg.a(lib_a-strncpy.o)
                0x08008b28                strncpy
 .text.__swbuf_r
                0x08008b8c       0xb0 c:/progra~2/gnuarm~1/102021~1.10/bin/../lib/gcc/arm-none-eabi/10.3.1/../../../../arm-none-eabi/lib/thumb/v7e-m/nofp\libg.a(lib_a-wbuf.o)
                0x08008b8c                __swbuf_r
 .text._wcrtomb_r
                0x08008c3c       0x3c c:/progra~2/gnuarm~1/102021~1.10/bin/../lib/gcc/arm-none-eabi/10.3.1/../../../../arm-none-eabi/lib/thumb/v7e-m/nofp\libg.a(lib_a-wcrtomb.o)
                0x08008c3c                _wcrtomb_r
 .text._write_r
                0x08008c78       0x2c c:/progra~2/gnuarm~1/102021~1.10/bin/../lib/gcc/arm-none-eabi/10.3.1/../../../../arm-none-eabi/lib/thumb/v7e-m/nofp\libg.a(lib_a-writer.o)
                0x08008c78                _write_r
 .text._close_r
                0x08008ca4       0x24 c:/progra~2/gnuarm~1/102021~1.10/bin/../lib/gcc/arm-none-eabi/10.3.1/../../../../arm-none-eabi/lib/thumb/v7e-m/nofp\libg.a(lib_a-closer.o)
                0x08008ca4                _close_r
 .text._fclose_r
                0x08008cc8       0xcc c:/progra~2/gnuarm~1/102021~1.10/bin/../lib/gcc/arm-none-eabi/10.3.1/../../../../arm-none-eabi/lib/thumb/v7e-m/nofp\libg.a(lib_a-fclose.o)
                0x08008cc8                _fclose_r
 .text._fstat_r
                0x08008d94       0x2c c:/progra~2/gnuarm~1/102021~1.10/bin/../lib/gcc/arm-none-eabi/10.3.1/../../../../arm-none-eabi/lib/thumb/v7e-m/nofp\libg.a(lib_a-fstatr.o)
                0x08008d94                _fstat_r
 .text._isatty_r
                0x08008dc0       0x24 c:/progra~2/gnuarm~1/102021~1.10/bin/../lib/gcc/arm-none-eabi/10.3.1/../../../../arm-none-eabi/lib/thumb/v7e-m/nofp\libg.a(lib_a-isattyr.o)
                0x08008dc0                _isatty_r
 .text._lseek_r
                0x08008de4       0x2c c:/progra~2/gnuarm~1/102021~1.10/bin/../lib/gcc/arm-none-eabi/10.3.1/../../../../arm-none-eabi/lib/thumb/v7e-m/nofp\libg.a(lib_a-lseekr.o)
                0x08008de4                _lseek_r
 .text._read_r  0x08008e10       0x2c c:/progra~2/gnuarm~1/102021~1.10/bin/../lib/gcc/arm-none-eabi/10.3.1/../../../../arm-none-eabi/lib/thumb/v7e-m/nofp\libg.a(lib_a-readr.o)
                0x08008e10                _read_r
 *(.glue_7)
 .glue_7        0x08008e3c        0x0 linker stubs
 *(.glue_7t)
 .glue_7t       0x08008e3c        0x0 linker stubs
 *(.eh_frame)
 .eh_frame      0x08008e3c        0x0 c:/progra~2/gnuarm~1/102021~1.10/bin/../lib/gcc/arm-none-eabi/10.3.1/thumb/v7e-m/nofp/crtbegin.o
 *(.init)
 .init          0x08008e3c        0x4 c:/progra~2/gnuarm~1/102021~1.10/bin/../lib/gcc/arm-none-eabi/10.3.1/thumb/v7e-m/nofp/crti.o
                0x08008e3c                _init
 .init          0x08008e40        0x8 c:/progra~2/gnuarm~1/102021~1.10/bin/../lib/gcc/arm-none-eabi/10.3.1/thumb/v7e-m/nofp/crtn.o
 *(.fini)
 .fini          0x08008e48        0x4 c:/progra~2/gnuarm~1/102021~1.10/bin/../lib/gcc/arm-none-eabi/10.3.1/thumb/v7e-m/nofp/crti.o
                0x08008e48                _fini
 .fini          0x08008e4c        0x8 c:/progra~2/gnuarm~1/102021~1.10/bin/../lib/gcc/arm-none-eabi/10.3.1/thumb/v7e-m/nofp/crtn.o
                0x08008e54                . = ALIGN (0x4)
                0x08008e54                _etext = .

.vfp11_veneer   0x08008e54        0x0
 .vfp11_veneer  0x08008e54        0x0 linker stubs

.v4_bx          0x08008e54        0x0
 .v4_bx         0x08008e54        0x0 linker stubs

.iplt           0x08008e54        0x0
 .iplt          0x08008e54        0x0 c:/progra~2/gnuarm~1/102021~1.10/bin/../lib/gcc/arm-none-eabi/10.3.1/thumb/v7e-m/nofp/crtbegin.o

.rodata         0x08008e58      0x570
                0x08008e58                . = ALIGN (0x4)
 *(.rodata)
 *(.rodata*)
 .rodata.AHBPrescTable
                0x08008e58       0x10 CMakeFiles/serial_servo_test.elf.dir/Core/Src/system_stm32g4xx.c.obj
                0x08008e58                AHBPrescTable
 .rodata.APBPrescTable
                0x08008e68        0x8 CMakeFiles/serial_servo_test.elf.dir/Core/Src/system_stm32g4xx.c.obj
                0x08008e68                APBPrescTable
 .rodata.UARTPrescTable
                0x08008e70       0x18 CMakeFiles/serial_servo_test.elf.dir/Drivers/STM32G4xx_HAL_Driver/Src/stm32g4xx_hal_uart.c.obj
                0x08008e70                UARTPrescTable
 .rodata.denominator.0
                0x08008e88        0x8 CMakeFiles/serial_servo_test.elf.dir/Drivers/STM32G4xx_HAL_Driver/Src/stm32g4xx_hal_uart_ex.c.obj
 .rodata.numerator.1
                0x08008e90        0x8 CMakeFiles/serial_servo_test.elf.dir/Drivers/STM32G4xx_HAL_Driver/Src/stm32g4xx_hal_uart_ex.c.obj
 .rodata._global_impure_ptr
                0x08008e98        0x4 c:/progra~2/gnuarm~1/102021~1.10/bin/../lib/gcc/arm-none-eabi/10.3.1/../../../../arm-none-eabi/lib/thumb/v7e-m/nofp\libg.a(lib_a-impure.o)
                0x08008e98                _global_impure_ptr
 .rodata._strtod_l.str1.4
                0x08008e9c        0xf c:/progra~2/gnuarm~1/102021~1.10/bin/../lib/gcc/arm-none-eabi/10.3.1/../../../../arm-none-eabi/lib/thumb/v7e-m/nofp\libg.a(lib_a-strtod.o)
                                 0x11 (size before relaxing)
 *fill*         0x08008eab        0x1 
 .rodata.fpi.1  0x08008eac       0x14 c:/progra~2/gnuarm~1/102021~1.10/bin/../lib/gcc/arm-none-eabi/10.3.1/../../../../arm-none-eabi/lib/thumb/v7e-m/nofp\libg.a(lib_a-strtod.o)
 .rodata.fpinan.0
                0x08008ec0       0x14 c:/progra~2/gnuarm~1/102021~1.10/bin/../lib/gcc/arm-none-eabi/10.3.1/../../../../arm-none-eabi/lib/thumb/v7e-m/nofp\libg.a(lib_a-strtod.o)
 *fill*         0x08008ed4        0x4 
 .rodata.tinytens
                0x08008ed8       0x28 c:/progra~2/gnuarm~1/102021~1.10/bin/../lib/gcc/arm-none-eabi/10.3.1/../../../../arm-none-eabi/lib/thumb/v7e-m/nofp\libg.a(lib_a-strtod.o)
 .rodata.__gethex.str1.4
                0x08008f00       0x9a c:/progra~2/gnuarm~1/102021~1.10/bin/../lib/gcc/arm-none-eabi/10.3.1/../../../../arm-none-eabi/lib/thumb/v7e-m/nofp\libg.a(lib_a-gdtoa-gethex.o)
 *fill*         0x08008f9a        0x2 
 .rodata.__hexdig
                0x08008f9c      0x100 c:/progra~2/gnuarm~1/102021~1.10/bin/../lib/gcc/arm-none-eabi/10.3.1/../../../../arm-none-eabi/lib/thumb/v7e-m/nofp\libg.a(lib_a-gdtoa-gethex.o)
                0x08008f9c                __hexdig
 .rodata.str1.4
                0x0800909c        0x2 c:/progra~2/gnuarm~1/102021~1.10/bin/../lib/gcc/arm-none-eabi/10.3.1/../../../../arm-none-eabi/lib/thumb/v7e-m/nofp\libg.a(lib_a-lnumeric.o)
                                  0x5 (size before relaxing)
 *fill*         0x0800909e        0x2 
 .rodata._C_numeric_locale
                0x080090a0        0xc c:/progra~2/gnuarm~1/102021~1.10/bin/../lib/gcc/arm-none-eabi/10.3.1/../../../../arm-none-eabi/lib/thumb/v7e-m/nofp\libg.a(lib_a-lnumeric.o)
                0x080090a0                _C_numeric_locale
 .rodata._setlocale_r.str1.4
                0x080090ac        0xa c:/progra~2/gnuarm~1/102021~1.10/bin/../lib/gcc/arm-none-eabi/10.3.1/../../../../arm-none-eabi/lib/thumb/v7e-m/nofp\libg.a(lib_a-locale.o)
                                  0xd (size before relaxing)
 .rodata.str1.4
                0x080090b6        0x2 c:/progra~2/gnuarm~1/102021~1.10/bin/../lib/gcc/arm-none-eabi/10.3.1/../../../../arm-none-eabi/lib/thumb/v7e-m/nofp\libg.a(lib_a-locale.o)
 *fill*         0x080090b6        0x2 
 .rodata.__multadd.str1.4
                0x080090b8       0x7f c:/progra~2/gnuarm~1/102021~1.10/bin/../lib/gcc/arm-none-eabi/10.3.1/../../../../arm-none-eabi/lib/thumb/v7e-m/nofp\libg.a(lib_a-mprec.o)
                                 0x93 (size before relaxing)
 *fill*         0x08009137        0x1 
 .rodata.__mprec_bigtens
                0x08009138       0x28 c:/progra~2/gnuarm~1/102021~1.10/bin/../lib/gcc/arm-none-eabi/10.3.1/../../../../arm-none-eabi/lib/thumb/v7e-m/nofp\libg.a(lib_a-mprec.o)
                0x08009138                __mprec_bigtens
 .rodata.__mprec_tens
                0x08009160       0xc8 c:/progra~2/gnuarm~1/102021~1.10/bin/../lib/gcc/arm-none-eabi/10.3.1/../../../../arm-none-eabi/lib/thumb/v7e-m/nofp\libg.a(lib_a-mprec.o)
                0x08009160                __mprec_tens
 .rodata.p05.0  0x08009228        0xc c:/progra~2/gnuarm~1/102021~1.10/bin/../lib/gcc/arm-none-eabi/10.3.1/../../../../arm-none-eabi/lib/thumb/v7e-m/nofp\libg.a(lib_a-mprec.o)
 .rodata.__assert_func.str1.4
                0x08009234       0x3f c:/progra~2/gnuarm~1/102021~1.10/bin/../lib/gcc/arm-none-eabi/10.3.1/../../../../arm-none-eabi/lib/thumb/v7e-m/nofp\libg.a(lib_a-assert.o)
                                 0x43 (size before relaxing)
 *fill*         0x08009273        0x1 
 .rodata._ctype_
                0x08009274      0x101 c:/progra~2/gnuarm~1/102021~1.10/bin/../lib/gcc/arm-none-eabi/10.3.1/../../../../arm-none-eabi/lib/thumb/v7e-m/nofp\libg.a(lib_a-ctype_.o)
                0x08009274                _ctype_
 *fill*         0x08009375        0x3 
 .rodata._vfiprintf_r.str1.4
                0x08009378       0x2f c:/progra~2/gnuarm~1/102021~1.10/bin/../lib/gcc/arm-none-eabi/10.3.1/../../../../arm-none-eabi/lib/thumb/v7e-m/nofp\libg.a(lib_a-vfiprintf.o)
 *fill*         0x080093a7        0x1 
 .rodata.blanks.1
                0x080093a8       0x10 c:/progra~2/gnuarm~1/102021~1.10/bin/../lib/gcc/arm-none-eabi/10.3.1/../../../../arm-none-eabi/lib/thumb/v7e-m/nofp\libg.a(lib_a-vfiprintf.o)
 .rodata.zeroes.0
                0x080093b8       0x10 c:/progra~2/gnuarm~1/102021~1.10/bin/../lib/gcc/arm-none-eabi/10.3.1/../../../../arm-none-eabi/lib/thumb/v7e-m/nofp\libg.a(lib_a-vfiprintf.o)
                0x080093c8                . = ALIGN (0x4)

.ARM.extab      0x080093c8        0x0
                0x080093c8                . = ALIGN (0x4)
 *(.ARM.extab* .gnu.linkonce.armextab.*)
                0x080093c8                . = ALIGN (0x4)

.ARM            0x080093c8        0x8
                0x080093c8                . = ALIGN (0x4)
                0x080093c8                __exidx_start = .
 *(.ARM.exidx*)
 .ARM.exidx     0x080093c8        0x8 c:/progra~2/gnuarm~1/102021~1.10/bin/../lib/gcc/arm-none-eabi/10.3.1/thumb/v7e-m/nofp\libgcc.a(_udivmoddi4.o)
                0x080093d0                __exidx_end = .
                0x080093d0                . = ALIGN (0x4)

.rel.dyn        0x080093d0        0x0
 .rel.iplt      0x080093d0        0x0 c:/progra~2/gnuarm~1/102021~1.10/bin/../lib/gcc/arm-none-eabi/10.3.1/thumb/v7e-m/nofp/crtbegin.o

.preinit_array  0x080093d0        0x0
                0x080093d0                . = ALIGN (0x4)
                0x080093d0                PROVIDE (__preinit_array_start = .)
 *(.preinit_array*)
                0x080093d0                PROVIDE (__preinit_array_end = .)
                0x080093d0                . = ALIGN (0x4)

.init_array     0x080093d0        0x8
                0x080093d0                . = ALIGN (0x4)
                0x080093d0                PROVIDE (__init_array_start = .)
 *(SORT_BY_NAME(.init_array.*))
 .init_array.00000
                0x080093d0        0x4 c:/progra~2/gnuarm~1/102021~1.10/bin/../lib/gcc/arm-none-eabi/10.3.1/../../../../arm-none-eabi/lib/thumb/v7e-m/nofp\libg.a(lib_a-__call_atexit.o)
 *(.init_array*)
 .init_array    0x080093d4        0x4 c:/progra~2/gnuarm~1/102021~1.10/bin/../lib/gcc/arm-none-eabi/10.3.1/thumb/v7e-m/nofp/crtbegin.o
                0x080093d8                PROVIDE (__init_array_end = .)
                0x080093d8                . = ALIGN (0x4)

.fini_array     0x080093d8        0x4
                0x080093d8                . = ALIGN (0x4)
                0x080093d8                PROVIDE (__fini_array_start = .)
 *(SORT_BY_NAME(.fini_array.*))
 *(.fini_array*)
 .fini_array    0x080093d8        0x4 c:/progra~2/gnuarm~1/102021~1.10/bin/../lib/gcc/arm-none-eabi/10.3.1/thumb/v7e-m/nofp/crtbegin.o
                0x080093dc                PROVIDE (__fini_array_end = .)
                0x080093dc                . = ALIGN (0x4)
                0x080093dc                _sidata = LOADADDR (.data)

.data           0x20000000      0x9bc load address 0x080093dc
                0x20000000                . = ALIGN (0x4)
                0x20000000                _sdata = .
 *(.data)
 *(.data*)
 .data.SystemCoreClock
                0x20000000        0x4 CMakeFiles/serial_servo_test.elf.dir/Core/Src/system_stm32g4xx.c.obj
                0x20000000                SystemCoreClock
 .data.uwTickFreq
                0x20000004        0x4 CMakeFiles/serial_servo_test.elf.dir/Drivers/STM32G4xx_HAL_Driver/Src/stm32g4xx_hal.c.obj
                0x20000004                uwTickFreq
 .data.uwTickPrio
                0x20000008        0x4 CMakeFiles/serial_servo_test.elf.dir/Drivers/STM32G4xx_HAL_Driver/Src/stm32g4xx_hal.c.obj
                0x20000008                uwTickPrio
 .data._impure_ptr
                0x2000000c        0x4 c:/progra~2/gnuarm~1/102021~1.10/bin/../lib/gcc/arm-none-eabi/10.3.1/../../../../arm-none-eabi/lib/thumb/v7e-m/nofp\libg.a(lib_a-impure.o)
                0x2000000c                _impure_ptr
 .data.impure_data
                0x20000010      0x428 c:/progra~2/gnuarm~1/102021~1.10/bin/../lib/gcc/arm-none-eabi/10.3.1/../../../../arm-none-eabi/lib/thumb/v7e-m/nofp\libg.a(lib_a-impure.o)
 .data.__atexit_recursive_mutex
                0x20000438        0x4 c:/progra~2/gnuarm~1/102021~1.10/bin/../lib/gcc/arm-none-eabi/10.3.1/../../../../arm-none-eabi/lib/thumb/v7e-m/nofp\libg.a(lib_a-__call_atexit.o)
                0x20000438                __atexit_recursive_mutex
 .data.numempty
                0x2000043c        0x2 c:/progra~2/gnuarm~1/102021~1.10/bin/../lib/gcc/arm-none-eabi/10.3.1/../../../../arm-none-eabi/lib/thumb/v7e-m/nofp\libg.a(lib_a-lnumeric.o)
 *fill*         0x2000043e        0x2 
 .data.__global_locale
                0x20000440      0x16c c:/progra~2/gnuarm~1/102021~1.10/bin/../lib/gcc/arm-none-eabi/10.3.1/../../../../arm-none-eabi/lib/thumb/v7e-m/nofp\libg.a(lib_a-locale.o)
                0x20000440                __global_locale
 .data.__malloc_av_
                0x200005ac      0x408 c:/progra~2/gnuarm~1/102021~1.10/bin/../lib/gcc/arm-none-eabi/10.3.1/../../../../arm-none-eabi/lib/thumb/v7e-m/nofp\libg.a(lib_a-mallocr.o)
                0x200005ac                __malloc_av_
 .data.__malloc_sbrk_base
                0x200009b4        0x4 c:/progra~2/gnuarm~1/102021~1.10/bin/../lib/gcc/arm-none-eabi/10.3.1/../../../../arm-none-eabi/lib/thumb/v7e-m/nofp\libg.a(lib_a-mallocr.o)
                0x200009b4                __malloc_sbrk_base
 .data.__malloc_trim_threshold
                0x200009b8        0x4 c:/progra~2/gnuarm~1/102021~1.10/bin/../lib/gcc/arm-none-eabi/10.3.1/../../../../arm-none-eabi/lib/thumb/v7e-m/nofp\libg.a(lib_a-mallocr.o)
                0x200009b8                __malloc_trim_threshold
 *(.RamFunc)
 *(.RamFunc*)
                0x200009bc                . = ALIGN (0x4)
                0x200009bc                _edata = .

.igot.plt       0x200009bc        0x0 load address 0x08009d98
 .igot.plt      0x200009bc        0x0 c:/progra~2/gnuarm~1/102021~1.10/bin/../lib/gcc/arm-none-eabi/10.3.1/thumb/v7e-m/nofp/crtbegin.o
                0x200009bc                . = ALIGN (0x4)

.bss            0x200009bc      0x190 load address 0x08009d98
                0x200009bc                _sbss = .
                0x200009bc                __bss_start__ = _sbss
 *(.bss)
 .bss           0x200009bc       0x1c c:/progra~2/gnuarm~1/102021~1.10/bin/../lib/gcc/arm-none-eabi/10.3.1/thumb/v7e-m/nofp/crtbegin.o
 *(.bss*)
 .bss.buffer    0x200009d8        0x4 CMakeFiles/serial_servo_test.elf.dir/Core/Src/main.c.obj
                0x200009d8                buffer
 .bss.huart1    0x200009dc       0x90 CMakeFiles/serial_servo_test.elf.dir/Core/Src/main.c.obj
                0x200009dc                huart1
 .bss.huart2    0x20000a6c       0x90 CMakeFiles/serial_servo_test.elf.dir/Core/Src/main.c.obj
                0x20000a6c                huart2
 .bss.__sbrk_heap_end
                0x20000afc        0x4 CMakeFiles/serial_servo_test.elf.dir/Core/Src/sysmem.c.obj
 .bss.uwTick    0x20000b00        0x4 CMakeFiles/serial_servo_test.elf.dir/Drivers/STM32G4xx_HAL_Driver/Src/stm32g4xx_hal.c.obj
                0x20000b00                uwTick
 .bss.__lock___atexit_recursive_mutex
                0x20000b04        0x1 c:/progra~2/gnuarm~1/102021~1.10/bin/../lib/gcc/arm-none-eabi/10.3.1/../../../../arm-none-eabi/lib/thumb/v7e-m/nofp\libg.a(lib_a-lock.o)
                0x20000b04                __lock___atexit_recursive_mutex
 *fill*         0x20000b05        0x3 
 .bss.__lock___malloc_recursive_mutex
                0x20000b08        0x1 c:/progra~2/gnuarm~1/102021~1.10/bin/../lib/gcc/arm-none-eabi/10.3.1/../../../../arm-none-eabi/lib/thumb/v7e-m/nofp\libg.a(lib_a-lock.o)
                0x20000b08                __lock___malloc_recursive_mutex
 *fill*         0x20000b09        0x3 
 .bss.__lock___sfp_recursive_mutex
                0x20000b0c        0x1 c:/progra~2/gnuarm~1/102021~1.10/bin/../lib/gcc/arm-none-eabi/10.3.1/../../../../arm-none-eabi/lib/thumb/v7e-m/nofp\libg.a(lib_a-lock.o)
                0x20000b0c                __lock___sfp_recursive_mutex
 *fill*         0x20000b0d        0x3 
 .bss.__lock___sinit_recursive_mutex
                0x20000b10        0x1 c:/progra~2/gnuarm~1/102021~1.10/bin/../lib/gcc/arm-none-eabi/10.3.1/../../../../arm-none-eabi/lib/thumb/v7e-m/nofp\libg.a(lib_a-lock.o)
                0x20000b10                __lock___sinit_recursive_mutex
 *fill*         0x20000b11        0x3 
 .bss.__malloc_current_mallinfo
                0x20000b14       0x28 c:/progra~2/gnuarm~1/102021~1.10/bin/../lib/gcc/arm-none-eabi/10.3.1/../../../../arm-none-eabi/lib/thumb/v7e-m/nofp\libg.a(lib_a-mallocr.o)
                0x20000b14                __malloc_current_mallinfo
 .bss.__malloc_max_sbrked_mem
                0x20000b3c        0x4 c:/progra~2/gnuarm~1/102021~1.10/bin/../lib/gcc/arm-none-eabi/10.3.1/../../../../arm-none-eabi/lib/thumb/v7e-m/nofp\libg.a(lib_a-mallocr.o)
                0x20000b3c                __malloc_max_sbrked_mem
 .bss.__malloc_max_total_mem
                0x20000b40        0x4 c:/progra~2/gnuarm~1/102021~1.10/bin/../lib/gcc/arm-none-eabi/10.3.1/../../../../arm-none-eabi/lib/thumb/v7e-m/nofp\libg.a(lib_a-mallocr.o)
                0x20000b40                __malloc_max_total_mem
 .bss.__malloc_top_pad
                0x20000b44        0x4 c:/progra~2/gnuarm~1/102021~1.10/bin/../lib/gcc/arm-none-eabi/10.3.1/../../../../arm-none-eabi/lib/thumb/v7e-m/nofp\libg.a(lib_a-mallocr.o)
                0x20000b44                __malloc_top_pad
 .bss.errno     0x20000b48        0x4 c:/progra~2/gnuarm~1/102021~1.10/bin/../lib/gcc/arm-none-eabi/10.3.1/../../../../arm-none-eabi/lib/thumb/v7e-m/nofp\libg.a(lib_a-reent.o)
                0x20000b48                errno
 *(COMMON)
                0x20000b4c                . = ALIGN (0x4)
                0x20000b4c                _ebss = .
                0x20000b4c                __bss_end__ = _ebss

._user_heap_stack
                0x20000b4c      0x604 load address 0x08009d98
                0x20000b50                . = ALIGN (0x8)
 *fill*         0x20000b4c        0x4 
                [!provide]                PROVIDE (end = .)
                0x20000b50                PROVIDE (_end = .)
                0x20000d50                . = (. + _Min_Heap_Size)
 *fill*         0x20000b50      0x200 
                0x20001150                . = (. + _Min_Stack_Size)
 *fill*         0x20000d50      0x400 
                0x20001150                . = ALIGN (0x8)

/DISCARD/
 libc.a(*)
 libm.a(*)
 libgcc.a(*)

.ARM.attributes
                0x00000000       0x2a
 *(.ARM.attributes)
 .ARM.attributes
                0x00000000       0x1e c:/progra~2/gnuarm~1/102021~1.10/bin/../lib/gcc/arm-none-eabi/10.3.1/thumb/v7e-m/nofp/crti.o
 .ARM.attributes
                0x0000001e       0x2e c:/progra~2/gnuarm~1/102021~1.10/bin/../lib/gcc/arm-none-eabi/10.3.1/thumb/v7e-m/nofp/crtbegin.o
 .ARM.attributes
                0x0000004c       0x2e CMakeFiles/serial_servo_test.elf.dir/Core/Src/STS3215.c.obj
 .ARM.attributes
                0x0000007a       0x2e CMakeFiles/serial_servo_test.elf.dir/Core/Src/main.c.obj
 .ARM.attributes
                0x000000a8       0x2e CMakeFiles/serial_servo_test.elf.dir/Core/Src/mytools.c.obj
 .ARM.attributes
                0x000000d6       0x2e CMakeFiles/serial_servo_test.elf.dir/Core/Src/stm32g4xx_hal_msp.c.obj
 .ARM.attributes
                0x00000104       0x2e CMakeFiles/serial_servo_test.elf.dir/Core/Src/stm32g4xx_it.c.obj
 .ARM.attributes
                0x00000132       0x2e CMakeFiles/serial_servo_test.elf.dir/Core/Src/syscalls.c.obj
 .ARM.attributes
                0x00000160       0x2e CMakeFiles/serial_servo_test.elf.dir/Core/Src/sysmem.c.obj
 .ARM.attributes
                0x0000018e       0x2e CMakeFiles/serial_servo_test.elf.dir/Core/Src/system_stm32g4xx.c.obj
 .ARM.attributes
                0x000001bc       0x21 CMakeFiles/serial_servo_test.elf.dir/Core/Startup/startup_stm32g431kbtx.s.obj
 .ARM.attributes
                0x000001dd       0x2e CMakeFiles/serial_servo_test.elf.dir/Drivers/STM32G4xx_HAL_Driver/Src/stm32g4xx_hal.c.obj
 .ARM.attributes
                0x0000020b       0x2e CMakeFiles/serial_servo_test.elf.dir/Drivers/STM32G4xx_HAL_Driver/Src/stm32g4xx_hal_cortex.c.obj
 .ARM.attributes
                0x00000239       0x2e CMakeFiles/serial_servo_test.elf.dir/Drivers/STM32G4xx_HAL_Driver/Src/stm32g4xx_hal_dma.c.obj
 .ARM.attributes
                0x00000267       0x2e CMakeFiles/serial_servo_test.elf.dir/Drivers/STM32G4xx_HAL_Driver/Src/stm32g4xx_hal_gpio.c.obj
 .ARM.attributes
                0x00000295       0x2e CMakeFiles/serial_servo_test.elf.dir/Drivers/STM32G4xx_HAL_Driver/Src/stm32g4xx_hal_pwr_ex.c.obj
 .ARM.attributes
                0x000002c3       0x2e CMakeFiles/serial_servo_test.elf.dir/Drivers/STM32G4xx_HAL_Driver/Src/stm32g4xx_hal_rcc.c.obj
 .ARM.attributes
                0x000002f1       0x2e CMakeFiles/serial_servo_test.elf.dir/Drivers/STM32G4xx_HAL_Driver/Src/stm32g4xx_hal_rcc_ex.c.obj
 .ARM.attributes
                0x0000031f       0x2e CMakeFiles/serial_servo_test.elf.dir/Drivers/STM32G4xx_HAL_Driver/Src/stm32g4xx_hal_uart.c.obj
 .ARM.attributes
                0x0000034d       0x2e CMakeFiles/serial_servo_test.elf.dir/Drivers/STM32G4xx_HAL_Driver/Src/stm32g4xx_hal_uart_ex.c.obj
 .ARM.attributes
                0x0000037b       0x1e c:/progra~2/gnuarm~1/102021~1.10/bin/../lib/gcc/arm-none-eabi/10.3.1/thumb/v7e-m/nofp\libgcc.a(_arm_truncdfsf2.o)
 .ARM.attributes
                0x00000399       0x1e c:/progra~2/gnuarm~1/102021~1.10/bin/../lib/gcc/arm-none-eabi/10.3.1/thumb/v7e-m/nofp\libgcc.a(_arm_addsubsf3.o)
 .ARM.attributes
                0x000003b7       0x1e c:/progra~2/gnuarm~1/102021~1.10/bin/../lib/gcc/arm-none-eabi/10.3.1/thumb/v7e-m/nofp\libgcc.a(_arm_muldivsf3.o)
 .ARM.attributes
                0x000003d5       0x1e c:/progra~2/gnuarm~1/102021~1.10/bin/../lib/gcc/arm-none-eabi/10.3.1/thumb/v7e-m/nofp\libgcc.a(_arm_fixsfsi.o)
 .ARM.attributes
                0x000003f3       0x1e c:/progra~2/gnuarm~1/102021~1.10/bin/../lib/gcc/arm-none-eabi/10.3.1/thumb/v7e-m/nofp\libgcc.a(_aeabi_uldivmod.o)
 .ARM.attributes
                0x00000411       0x2e c:/progra~2/gnuarm~1/102021~1.10/bin/../lib/gcc/arm-none-eabi/10.3.1/thumb/v7e-m/nofp\libgcc.a(_udivmoddi4.o)
 .ARM.attributes
                0x0000043f       0x1e c:/progra~2/gnuarm~1/102021~1.10/bin/../lib/gcc/arm-none-eabi/10.3.1/thumb/v7e-m/nofp\libgcc.a(_dvmd_tls.o)
 .ARM.attributes
                0x0000045d       0x2e c:/progra~2/gnuarm~1/102021~1.10/bin/../lib/gcc/arm-none-eabi/10.3.1/../../../../arm-none-eabi/lib/thumb/v7e-m/nofp\libg.a(lib_a-atof.o)
 .ARM.attributes
                0x0000048b       0x2e c:/progra~2/gnuarm~1/102021~1.10/bin/../lib/gcc/arm-none-eabi/10.3.1/../../../../arm-none-eabi/lib/thumb/v7e-m/nofp\libg.a(lib_a-errno.o)
 .ARM.attributes
                0x000004b9       0x2e c:/progra~2/gnuarm~1/102021~1.10/bin/../lib/gcc/arm-none-eabi/10.3.1/../../../../arm-none-eabi/lib/thumb/v7e-m/nofp\libg.a(lib_a-impure.o)
 .ARM.attributes
                0x000004e7       0x2e c:/progra~2/gnuarm~1/102021~1.10/bin/../lib/gcc/arm-none-eabi/10.3.1/../../../../arm-none-eabi/lib/thumb/v7e-m/nofp\libg.a(lib_a-init.o)
 .ARM.attributes
                0x00000515       0x2e c:/progra~2/gnuarm~1/102021~1.10/bin/../lib/gcc/arm-none-eabi/10.3.1/../../../../arm-none-eabi/lib/thumb/v7e-m/nofp\libg.a(lib_a-memset.o)
 .ARM.attributes
                0x00000543       0x2e c:/progra~2/gnuarm~1/102021~1.10/bin/../lib/gcc/arm-none-eabi/10.3.1/../../../../arm-none-eabi/lib/thumb/v7e-m/nofp\libg.a(lib_a-strtod.o)
 .ARM.attributes
                0x00000571       0x2e c:/progra~2/gnuarm~1/102021~1.10/bin/../lib/gcc/arm-none-eabi/10.3.1/../../../../arm-none-eabi/lib/thumb/v7e-m/nofp\libg.a(lib_a-__call_atexit.o)
 .ARM.attributes
                0x0000059f       0x2e c:/progra~2/gnuarm~1/102021~1.10/bin/../lib/gcc/arm-none-eabi/10.3.1/../../../../arm-none-eabi/lib/thumb/v7e-m/nofp\libg.a(lib_a-atexit.o)
 .ARM.attributes
                0x000005cd       0x2e c:/progra~2/gnuarm~1/102021~1.10/bin/../lib/gcc/arm-none-eabi/10.3.1/../../../../arm-none-eabi/lib/thumb/v7e-m/nofp\libg.a(lib_a-fini.o)
 .ARM.attributes
                0x000005fb       0x2e c:/progra~2/gnuarm~1/102021~1.10/bin/../lib/gcc/arm-none-eabi/10.3.1/../../../../arm-none-eabi/lib/thumb/v7e-m/nofp\libg.a(lib_a-gdtoa-gethex.o)
 .ARM.attributes
                0x00000629       0x2e c:/progra~2/gnuarm~1/102021~1.10/bin/../lib/gcc/arm-none-eabi/10.3.1/../../../../arm-none-eabi/lib/thumb/v7e-m/nofp\libg.a(lib_a-gdtoa-hexnan.o)
 .ARM.attributes
                0x00000657       0x2e c:/progra~2/gnuarm~1/102021~1.10/bin/../lib/gcc/arm-none-eabi/10.3.1/../../../../arm-none-eabi/lib/thumb/v7e-m/nofp\libg.a(lib_a-lnumeric.o)
 .ARM.attributes
                0x00000685       0x2e c:/progra~2/gnuarm~1/102021~1.10/bin/../lib/gcc/arm-none-eabi/10.3.1/../../../../arm-none-eabi/lib/thumb/v7e-m/nofp\libg.a(lib_a-locale.o)
 .ARM.attributes
                0x000006b3       0x2e c:/progra~2/gnuarm~1/102021~1.10/bin/../lib/gcc/arm-none-eabi/10.3.1/../../../../arm-none-eabi/lib/thumb/v7e-m/nofp\libg.a(lib_a-lock.o)
 .ARM.attributes
                0x000006e1       0x2e c:/progra~2/gnuarm~1/102021~1.10/bin/../lib/gcc/arm-none-eabi/10.3.1/../../../../arm-none-eabi/lib/thumb/v7e-m/nofp\libg.a(lib_a-mbtowc_r.o)
 .ARM.attributes
                0x0000070f       0x1c c:/progra~2/gnuarm~1/102021~1.10/bin/../lib/gcc/arm-none-eabi/10.3.1/../../../../arm-none-eabi/lib/thumb/v7e-m/nofp\libg.a(lib_a-memcpy.o)
 .ARM.attributes
                0x0000072b       0x2e c:/progra~2/gnuarm~1/102021~1.10/bin/../lib/gcc/arm-none-eabi/10.3.1/../../../../arm-none-eabi/lib/thumb/v7e-m/nofp\libg.a(lib_a-mprec.o)
 .ARM.attributes
                0x00000759       0x2e c:/progra~2/gnuarm~1/102021~1.10/bin/../lib/gcc/arm-none-eabi/10.3.1/../../../../arm-none-eabi/lib/thumb/v7e-m/nofp\libg.a(lib_a-s_nan.o)
 .ARM.attributes
                0x00000787       0x1c c:/progra~2/gnuarm~1/102021~1.10/bin/../lib/gcc/arm-none-eabi/10.3.1/../../../../arm-none-eabi/lib/thumb/v7e-m/nofp\libg.a(lib_a-strlen.o)
 .ARM.attributes
                0x000007a3       0x2e c:/progra~2/gnuarm~1/102021~1.10/bin/../lib/gcc/arm-none-eabi/10.3.1/../../../../arm-none-eabi/lib/thumb/v7e-m/nofp\libg.a(lib_a-strncmp.o)
 .ARM.attributes
                0x000007d1       0x2e c:/progra~2/gnuarm~1/102021~1.10/bin/../lib/gcc/arm-none-eabi/10.3.1/../../../../arm-none-eabi/lib/thumb/v7e-m/nofp\libg.a(lib_a-wctomb_r.o)
 .ARM.attributes
                0x000007ff       0x2e c:/progra~2/gnuarm~1/102021~1.10/bin/../lib/gcc/arm-none-eabi/10.3.1/../../../../arm-none-eabi/lib/thumb/v7e-m/nofp\libg.a(lib_a-__atexit.o)
 .ARM.attributes
                0x0000082d       0x2e c:/progra~2/gnuarm~1/102021~1.10/bin/../lib/gcc/arm-none-eabi/10.3.1/../../../../arm-none-eabi/lib/thumb/v7e-m/nofp\libg.a(lib_a-assert.o)
 .ARM.attributes
                0x0000085b       0x2e c:/progra~2/gnuarm~1/102021~1.10/bin/../lib/gcc/arm-none-eabi/10.3.1/../../../../arm-none-eabi/lib/thumb/v7e-m/nofp\libg.a(lib_a-callocr.o)
 .ARM.attributes
                0x00000889       0x2e c:/progra~2/gnuarm~1/102021~1.10/bin/../lib/gcc/arm-none-eabi/10.3.1/../../../../arm-none-eabi/lib/thumb/v7e-m/nofp\libg.a(lib_a-ctype_.o)
 .ARM.attributes
                0x000008b7       0x2e c:/progra~2/gnuarm~1/102021~1.10/bin/../lib/gcc/arm-none-eabi/10.3.1/../../../../arm-none-eabi/lib/thumb/v7e-m/nofp\libg.a(lib_a-fiprintf.o)
 .ARM.attributes
                0x000008e5       0x2e c:/progra~2/gnuarm~1/102021~1.10/bin/../lib/gcc/arm-none-eabi/10.3.1/../../../../arm-none-eabi/lib/thumb/v7e-m/nofp\libg.a(lib_a-mallocr.o)
 .ARM.attributes
                0x00000913       0x2e c:/progra~2/gnuarm~1/102021~1.10/bin/../lib/gcc/arm-none-eabi/10.3.1/../../../../arm-none-eabi/lib/thumb/v7e-m/nofp\libg.a(lib_a-mlock.o)
 .ARM.attributes
                0x00000941       0x2e c:/progra~2/gnuarm~1/102021~1.10/bin/../lib/gcc/arm-none-eabi/10.3.1/../../../../arm-none-eabi/lib/thumb/v7e-m/nofp\libg.a(lib_a-sbrkr.o)
 .ARM.attributes
                0x0000096f       0x2e c:/progra~2/gnuarm~1/102021~1.10/bin/../lib/gcc/arm-none-eabi/10.3.1/../../../../arm-none-eabi/lib/thumb/v7e-m/nofp\libg.a(lib_a-vfiprintf.o)
 .ARM.attributes
                0x0000099d       0x2e c:/progra~2/gnuarm~1/102021~1.10/bin/../lib/gcc/arm-none-eabi/10.3.1/../../../../arm-none-eabi/lib/thumb/v7e-m/nofp\libg.a(lib_a-wsetup.o)
 .ARM.attributes
                0x000009cb       0x2e c:/progra~2/gnuarm~1/102021~1.10/bin/../lib/gcc/arm-none-eabi/10.3.1/../../../../arm-none-eabi/lib/thumb/v7e-m/nofp\libg.a(lib_a-abort.o)
 .ARM.attributes
                0x000009f9       0x2e c:/progra~2/gnuarm~1/102021~1.10/bin/../lib/gcc/arm-none-eabi/10.3.1/../../../../arm-none-eabi/lib/thumb/v7e-m/nofp\libg.a(lib_a-fflush.o)
 .ARM.attributes
                0x00000a27       0x2e c:/progra~2/gnuarm~1/102021~1.10/bin/../lib/gcc/arm-none-eabi/10.3.1/../../../../arm-none-eabi/lib/thumb/v7e-m/nofp\libg.a(lib_a-findfp.o)
 .ARM.attributes
                0x00000a55       0x2e c:/progra~2/gnuarm~1/102021~1.10/bin/../lib/gcc/arm-none-eabi/10.3.1/../../../../arm-none-eabi/lib/thumb/v7e-m/nofp\libg.a(lib_a-fputwc.o)
 .ARM.attributes
                0x00000a83       0x2e c:/progra~2/gnuarm~1/102021~1.10/bin/../lib/gcc/arm-none-eabi/10.3.1/../../../../arm-none-eabi/lib/thumb/v7e-m/nofp\libg.a(lib_a-freer.o)
 .ARM.attributes
                0x00000ab1       0x2e c:/progra~2/gnuarm~1/102021~1.10/bin/../lib/gcc/arm-none-eabi/10.3.1/../../../../arm-none-eabi/lib/thumb/v7e-m/nofp\libg.a(lib_a-fvwrite.o)
 .ARM.attributes
                0x00000adf       0x2e c:/progra~2/gnuarm~1/102021~1.10/bin/../lib/gcc/arm-none-eabi/10.3.1/../../../../arm-none-eabi/lib/thumb/v7e-m/nofp\libg.a(lib_a-fwalk.o)
 .ARM.attributes
                0x00000b0d       0x2e c:/progra~2/gnuarm~1/102021~1.10/bin/../lib/gcc/arm-none-eabi/10.3.1/../../../../arm-none-eabi/lib/thumb/v7e-m/nofp\libg.a(lib_a-localeconv.o)
 .ARM.attributes
                0x00000b3b       0x2e c:/progra~2/gnuarm~1/102021~1.10/bin/../lib/gcc/arm-none-eabi/10.3.1/../../../../arm-none-eabi/lib/thumb/v7e-m/nofp\libg.a(lib_a-makebuf.o)
 .ARM.attributes
                0x00000b69       0x1c c:/progra~2/gnuarm~1/102021~1.10/bin/../lib/gcc/arm-none-eabi/10.3.1/../../../../arm-none-eabi/lib/thumb/v7e-m/nofp\libg.a(lib_a-memchr.o)
 .ARM.attributes
                0x00000b85       0x2e c:/progra~2/gnuarm~1/102021~1.10/bin/../lib/gcc/arm-none-eabi/10.3.1/../../../../arm-none-eabi/lib/thumb/v7e-m/nofp\libg.a(lib_a-memmove.o)
 .ARM.attributes
                0x00000bb3       0x2e c:/progra~2/gnuarm~1/102021~1.10/bin/../lib/gcc/arm-none-eabi/10.3.1/../../../../arm-none-eabi/lib/thumb/v7e-m/nofp\libg.a(lib_a-reallocr.o)
 .ARM.attributes
                0x00000be1       0x2e c:/progra~2/gnuarm~1/102021~1.10/bin/../lib/gcc/arm-none-eabi/10.3.1/../../../../arm-none-eabi/lib/thumb/v7e-m/nofp\libg.a(lib_a-reent.o)
 .ARM.attributes
                0x00000c0f       0x2e c:/progra~2/gnuarm~1/102021~1.10/bin/../lib/gcc/arm-none-eabi/10.3.1/../../../../arm-none-eabi/lib/thumb/v7e-m/nofp\libg.a(lib_a-signal.o)
 .ARM.attributes
                0x00000c3d       0x2e c:/progra~2/gnuarm~1/102021~1.10/bin/../lib/gcc/arm-none-eabi/10.3.1/../../../../arm-none-eabi/lib/thumb/v7e-m/nofp\libg.a(lib_a-signalr.o)
 .ARM.attributes
                0x00000c6b       0x2e c:/progra~2/gnuarm~1/102021~1.10/bin/../lib/gcc/arm-none-eabi/10.3.1/../../../../arm-none-eabi/lib/thumb/v7e-m/nofp\libg.a(lib_a-stdio.o)
 .ARM.attributes
                0x00000c99       0x2e c:/progra~2/gnuarm~1/102021~1.10/bin/../lib/gcc/arm-none-eabi/10.3.1/../../../../arm-none-eabi/lib/thumb/v7e-m/nofp\libg.a(lib_a-strncpy.o)
 .ARM.attributes
                0x00000cc7       0x2e c:/progra~2/gnuarm~1/102021~1.10/bin/../lib/gcc/arm-none-eabi/10.3.1/../../../../arm-none-eabi/lib/thumb/v7e-m/nofp\libg.a(lib_a-wbuf.o)
 .ARM.attributes
                0x00000cf5       0x2e c:/progra~2/gnuarm~1/102021~1.10/bin/../lib/gcc/arm-none-eabi/10.3.1/../../../../arm-none-eabi/lib/thumb/v7e-m/nofp\libg.a(lib_a-wcrtomb.o)
 .ARM.attributes
                0x00000d23       0x2e c:/progra~2/gnuarm~1/102021~1.10/bin/../lib/gcc/arm-none-eabi/10.3.1/../../../../arm-none-eabi/lib/thumb/v7e-m/nofp\libg.a(lib_a-writer.o)
 .ARM.attributes
                0x00000d51       0x2e c:/progra~2/gnuarm~1/102021~1.10/bin/../lib/gcc/arm-none-eabi/10.3.1/../../../../arm-none-eabi/lib/thumb/v7e-m/nofp\libg.a(lib_a-closer.o)
 .ARM.attributes
                0x00000d7f       0x2e c:/progra~2/gnuarm~1/102021~1.10/bin/../lib/gcc/arm-none-eabi/10.3.1/../../../../arm-none-eabi/lib/thumb/v7e-m/nofp\libg.a(lib_a-fclose.o)
 .ARM.attributes
                0x00000dad       0x2e c:/progra~2/gnuarm~1/102021~1.10/bin/../lib/gcc/arm-none-eabi/10.3.1/../../../../arm-none-eabi/lib/thumb/v7e-m/nofp\libg.a(lib_a-fstatr.o)
 .ARM.attributes
                0x00000ddb       0x2e c:/progra~2/gnuarm~1/102021~1.10/bin/../lib/gcc/arm-none-eabi/10.3.1/../../../../arm-none-eabi/lib/thumb/v7e-m/nofp\libg.a(lib_a-isattyr.o)
 .ARM.attributes
                0x00000e09       0x2e c:/progra~2/gnuarm~1/102021~1.10/bin/../lib/gcc/arm-none-eabi/10.3.1/../../../../arm-none-eabi/lib/thumb/v7e-m/nofp\libg.a(lib_a-lseekr.o)
 .ARM.attributes
                0x00000e37       0x2e c:/progra~2/gnuarm~1/102021~1.10/bin/../lib/gcc/arm-none-eabi/10.3.1/../../../../arm-none-eabi/lib/thumb/v7e-m/nofp\libg.a(lib_a-readr.o)
 .ARM.attributes
                0x00000e65       0x1e c:/progra~2/gnuarm~1/102021~1.10/bin/../lib/gcc/arm-none-eabi/10.3.1/thumb/v7e-m/nofp\libgcc.a(_arm_addsubdf3.o)
 .ARM.attributes
                0x00000e83       0x1e c:/progra~2/gnuarm~1/102021~1.10/bin/../lib/gcc/arm-none-eabi/10.3.1/thumb/v7e-m/nofp\libgcc.a(_arm_muldivdf3.o)
 .ARM.attributes
                0x00000ea1       0x1e c:/progra~2/gnuarm~1/102021~1.10/bin/../lib/gcc/arm-none-eabi/10.3.1/thumb/v7e-m/nofp\libgcc.a(_arm_cmpdf2.o)
 .ARM.attributes
                0x00000ebf       0x1e c:/progra~2/gnuarm~1/102021~1.10/bin/../lib/gcc/arm-none-eabi/10.3.1/thumb/v7e-m/nofp\libgcc.a(_arm_fixunsdfsi.o)
 .ARM.attributes
                0x00000edd       0x2e c:/progra~2/gnuarm~1/102021~1.10/bin/../lib/gcc/arm-none-eabi/10.3.1/thumb/v7e-m/nofp\libgcc.a(_fixdfdi.o)
 .ARM.attributes
                0x00000f0b       0x2e c:/progra~2/gnuarm~1/102021~1.10/bin/../lib/gcc/arm-none-eabi/10.3.1/thumb/v7e-m/nofp\libgcc.a(_fixunsdfdi.o)
 .ARM.attributes
                0x00000f39       0x1e c:/progra~2/gnuarm~1/102021~1.10/bin/../lib/gcc/arm-none-eabi/10.3.1/thumb/v7e-m/nofp/crtn.o
OUTPUT(serial_servo_test.elf elf32-littlearm)
LOAD linker stubs
LOAD c:/progra~2/gnuarm~1/102021~1.10/bin/../lib/gcc/arm-none-eabi/10.3.1/../../../../arm-none-eabi/lib/thumb/v7e-m/nofp\libc.a
LOAD c:/progra~2/gnuarm~1/102021~1.10/bin/../lib/gcc/arm-none-eabi/10.3.1/../../../../arm-none-eabi/lib/thumb/v7e-m/nofp\libm.a
LOAD c:/progra~2/gnuarm~1/102021~1.10/bin/../lib/gcc/arm-none-eabi/10.3.1/thumb/v7e-m/nofp\libgcc.a

.debug_info     0x00000000    0x10ff8
 .debug_info    0x00000000      0xb65 CMakeFiles/serial_servo_test.elf.dir/Core/Src/STS3215.c.obj
 .debug_info    0x00000b65     0x13ab CMakeFiles/serial_servo_test.elf.dir/Core/Src/main.c.obj
 .debug_info    0x00001f10       0x99 CMakeFiles/serial_servo_test.elf.dir/Core/Src/mytools.c.obj
 .debug_info    0x00001fa9     0x1099 CMakeFiles/serial_servo_test.elf.dir/Core/Src/stm32g4xx_hal_msp.c.obj
 .debug_info    0x00003042      0x884 CMakeFiles/serial_servo_test.elf.dir/Core/Src/stm32g4xx_it.c.obj
 .debug_info    0x000038c6      0x7af CMakeFiles/serial_servo_test.elf.dir/Core/Src/syscalls.c.obj
 .debug_info    0x00004075      0x174 CMakeFiles/serial_servo_test.elf.dir/Core/Src/sysmem.c.obj
 .debug_info    0x000041e9      0x3f9 CMakeFiles/serial_servo_test.elf.dir/Core/Src/system_stm32g4xx.c.obj
 .debug_info    0x000045e2       0x22 CMakeFiles/serial_servo_test.elf.dir/Core/Startup/startup_stm32g431kbtx.s.obj
 .debug_info    0x00004604      0xb73 CMakeFiles/serial_servo_test.elf.dir/Drivers/STM32G4xx_HAL_Driver/Src/stm32g4xx_hal.c.obj
 .debug_info    0x00005177     0x1041 CMakeFiles/serial_servo_test.elf.dir/Drivers/STM32G4xx_HAL_Driver/Src/stm32g4xx_hal_cortex.c.obj
 .debug_info    0x000061b8      0xa56 CMakeFiles/serial_servo_test.elf.dir/Drivers/STM32G4xx_HAL_Driver/Src/stm32g4xx_hal_dma.c.obj
 .debug_info    0x00006c0e      0x865 CMakeFiles/serial_servo_test.elf.dir/Drivers/STM32G4xx_HAL_Driver/Src/stm32g4xx_hal_gpio.c.obj
 .debug_info    0x00007473      0xa07 CMakeFiles/serial_servo_test.elf.dir/Drivers/STM32G4xx_HAL_Driver/Src/stm32g4xx_hal_pwr_ex.c.obj
 .debug_info    0x00007e7a      0xe96 CMakeFiles/serial_servo_test.elf.dir/Drivers/STM32G4xx_HAL_Driver/Src/stm32g4xx_hal_rcc.c.obj
 .debug_info    0x00008d10      0xecf CMakeFiles/serial_servo_test.elf.dir/Drivers/STM32G4xx_HAL_Driver/Src/stm32g4xx_hal_rcc_ex.c.obj
 .debug_info    0x00009bdf     0x61e5 CMakeFiles/serial_servo_test.elf.dir/Drivers/STM32G4xx_HAL_Driver/Src/stm32g4xx_hal_uart.c.obj
 .debug_info    0x0000fdc4     0x1234 CMakeFiles/serial_servo_test.elf.dir/Drivers/STM32G4xx_HAL_Driver/Src/stm32g4xx_hal_uart_ex.c.obj

.debug_abbrev   0x00000000     0x2269
 .debug_abbrev  0x00000000      0x1cb CMakeFiles/serial_servo_test.elf.dir/Core/Src/STS3215.c.obj
 .debug_abbrev  0x000001cb      0x2c0 CMakeFiles/serial_servo_test.elf.dir/Core/Src/main.c.obj
 .debug_abbrev  0x0000048b       0x74 CMakeFiles/serial_servo_test.elf.dir/Core/Src/mytools.c.obj
 .debug_abbrev  0x000004ff      0x1db CMakeFiles/serial_servo_test.elf.dir/Core/Src/stm32g4xx_hal_msp.c.obj
 .debug_abbrev  0x000006da      0x15b CMakeFiles/serial_servo_test.elf.dir/Core/Src/stm32g4xx_it.c.obj
 .debug_abbrev  0x00000835      0x1a3 CMakeFiles/serial_servo_test.elf.dir/Core/Src/syscalls.c.obj
 .debug_abbrev  0x000009d8       0xe7 CMakeFiles/serial_servo_test.elf.dir/Core/Src/sysmem.c.obj
 .debug_abbrev  0x00000abf      0x119 CMakeFiles/serial_servo_test.elf.dir/Core/Src/system_stm32g4xx.c.obj
 .debug_abbrev  0x00000bd8       0x12 CMakeFiles/serial_servo_test.elf.dir/Core/Startup/startup_stm32g431kbtx.s.obj
 .debug_abbrev  0x00000bea      0x23e CMakeFiles/serial_servo_test.elf.dir/Drivers/STM32G4xx_HAL_Driver/Src/stm32g4xx_hal.c.obj
 .debug_abbrev  0x00000e28      0x361 CMakeFiles/serial_servo_test.elf.dir/Drivers/STM32G4xx_HAL_Driver/Src/stm32g4xx_hal_cortex.c.obj
 .debug_abbrev  0x00001189      0x216 CMakeFiles/serial_servo_test.elf.dir/Drivers/STM32G4xx_HAL_Driver/Src/stm32g4xx_hal_dma.c.obj
 .debug_abbrev  0x0000139f      0x1e6 CMakeFiles/serial_servo_test.elf.dir/Drivers/STM32G4xx_HAL_Driver/Src/stm32g4xx_hal_gpio.c.obj
 .debug_abbrev  0x00001585      0x245 CMakeFiles/serial_servo_test.elf.dir/Drivers/STM32G4xx_HAL_Driver/Src/stm32g4xx_hal_pwr_ex.c.obj
 .debug_abbrev  0x000017ca      0x26f CMakeFiles/serial_servo_test.elf.dir/Drivers/STM32G4xx_HAL_Driver/Src/stm32g4xx_hal_rcc.c.obj
 .debug_abbrev  0x00001a39      0x243 CMakeFiles/serial_servo_test.elf.dir/Drivers/STM32G4xx_HAL_Driver/Src/stm32g4xx_hal_rcc_ex.c.obj
 .debug_abbrev  0x00001c7c      0x306 CMakeFiles/serial_servo_test.elf.dir/Drivers/STM32G4xx_HAL_Driver/Src/stm32g4xx_hal_uart.c.obj
 .debug_abbrev  0x00001f82      0x2e7 CMakeFiles/serial_servo_test.elf.dir/Drivers/STM32G4xx_HAL_Driver/Src/stm32g4xx_hal_uart_ex.c.obj

.debug_loc      0x00000000     0xabef
 .debug_loc     0x00000000      0x42a CMakeFiles/serial_servo_test.elf.dir/Core/Src/STS3215.c.obj
 .debug_loc     0x0000042a       0x7e CMakeFiles/serial_servo_test.elf.dir/Core/Src/main.c.obj
 .debug_loc     0x000004a8       0x27 CMakeFiles/serial_servo_test.elf.dir/Core/Src/mytools.c.obj
 .debug_loc     0x000004cf       0xbb CMakeFiles/serial_servo_test.elf.dir/Core/Src/stm32g4xx_hal_msp.c.obj
 .debug_loc     0x0000058a      0x3c5 CMakeFiles/serial_servo_test.elf.dir/Core/Src/syscalls.c.obj
 .debug_loc     0x0000094f       0x64 CMakeFiles/serial_servo_test.elf.dir/Core/Src/sysmem.c.obj
 .debug_loc     0x000009b3       0x9d CMakeFiles/serial_servo_test.elf.dir/Core/Src/system_stm32g4xx.c.obj
 .debug_loc     0x00000a50      0x1ef CMakeFiles/serial_servo_test.elf.dir/Drivers/STM32G4xx_HAL_Driver/Src/stm32g4xx_hal.c.obj
 .debug_loc     0x00000c3f      0x736 CMakeFiles/serial_servo_test.elf.dir/Drivers/STM32G4xx_HAL_Driver/Src/stm32g4xx_hal_cortex.c.obj
 .debug_loc     0x00001375      0x8a0 CMakeFiles/serial_servo_test.elf.dir/Drivers/STM32G4xx_HAL_Driver/Src/stm32g4xx_hal_dma.c.obj
 .debug_loc     0x00001c15      0x3b3 CMakeFiles/serial_servo_test.elf.dir/Drivers/STM32G4xx_HAL_Driver/Src/stm32g4xx_hal_gpio.c.obj
 .debug_loc     0x00001fc8      0xa06 CMakeFiles/serial_servo_test.elf.dir/Drivers/STM32G4xx_HAL_Driver/Src/stm32g4xx_hal_pwr_ex.c.obj
 .debug_loc     0x000029ce      0x84d CMakeFiles/serial_servo_test.elf.dir/Drivers/STM32G4xx_HAL_Driver/Src/stm32g4xx_hal_rcc.c.obj
 .debug_loc     0x0000321b     0x11a5 CMakeFiles/serial_servo_test.elf.dir/Drivers/STM32G4xx_HAL_Driver/Src/stm32g4xx_hal_rcc_ex.c.obj
 .debug_loc     0x000043c0     0x5bec CMakeFiles/serial_servo_test.elf.dir/Drivers/STM32G4xx_HAL_Driver/Src/stm32g4xx_hal_uart.c.obj
 .debug_loc     0x00009fac      0xc43 CMakeFiles/serial_servo_test.elf.dir/Drivers/STM32G4xx_HAL_Driver/Src/stm32g4xx_hal_uart_ex.c.obj

.debug_aranges  0x00000000      0xa90
 .debug_aranges
                0x00000000       0x40 CMakeFiles/serial_servo_test.elf.dir/Core/Src/STS3215.c.obj
 .debug_aranges
                0x00000040       0x50 CMakeFiles/serial_servo_test.elf.dir/Core/Src/main.c.obj
 .debug_aranges
                0x00000090       0x20 CMakeFiles/serial_servo_test.elf.dir/Core/Src/mytools.c.obj
 .debug_aranges
                0x000000b0       0x30 CMakeFiles/serial_servo_test.elf.dir/Core/Src/stm32g4xx_hal_msp.c.obj
 .debug_aranges
                0x000000e0       0x68 CMakeFiles/serial_servo_test.elf.dir/Core/Src/stm32g4xx_it.c.obj
 .debug_aranges
                0x00000148       0xa8 CMakeFiles/serial_servo_test.elf.dir/Core/Src/syscalls.c.obj
 .debug_aranges
                0x000001f0       0x20 CMakeFiles/serial_servo_test.elf.dir/Core/Src/sysmem.c.obj
 .debug_aranges
                0x00000210       0x28 CMakeFiles/serial_servo_test.elf.dir/Core/Src/system_stm32g4xx.c.obj
 .debug_aranges
                0x00000238       0x28 CMakeFiles/serial_servo_test.elf.dir/Core/Startup/startup_stm32g431kbtx.s.obj
 .debug_aranges
                0x00000260      0x130 CMakeFiles/serial_servo_test.elf.dir/Drivers/STM32G4xx_HAL_Driver/Src/stm32g4xx_hal.c.obj
 .debug_aranges
                0x00000390       0xa8 CMakeFiles/serial_servo_test.elf.dir/Drivers/STM32G4xx_HAL_Driver/Src/stm32g4xx_hal_cortex.c.obj
 .debug_aranges
                0x00000438       0x90 CMakeFiles/serial_servo_test.elf.dir/Drivers/STM32G4xx_HAL_Driver/Src/stm32g4xx_hal_dma.c.obj
 .debug_aranges
                0x000004c8       0x58 CMakeFiles/serial_servo_test.elf.dir/Drivers/STM32G4xx_HAL_Driver/Src/stm32g4xx_hal_gpio.c.obj
 .debug_aranges
                0x00000520      0x140 CMakeFiles/serial_servo_test.elf.dir/Drivers/STM32G4xx_HAL_Driver/Src/stm32g4xx_hal_pwr_ex.c.obj
 .debug_aranges
                0x00000660       0x98 CMakeFiles/serial_servo_test.elf.dir/Drivers/STM32G4xx_HAL_Driver/Src/stm32g4xx_hal_rcc.c.obj
 .debug_aranges
                0x000006f8       0xb0 CMakeFiles/serial_servo_test.elf.dir/Drivers/STM32G4xx_HAL_Driver/Src/stm32g4xx_hal_rcc_ex.c.obj
 .debug_aranges