Archive member included to satisfy reference by file (symbol)

c:/progra~2/gnuarm~1/102021~1.10/bin/../lib/gcc/arm-none-eabi/10.3.1/thumb/v7e-m/nofp\libgcc.a(_arm_mulsf3.o)
                              CMakeFiles/serial_servo_test.elf.dir/Core/Src/mytools.c.obj (__aeabi_fmul)
c:/progra~2/gnuarm~1/102021~1.10/bin/../lib/gcc/arm-none-eabi/10.3.1/thumb/v7e-m/nofp\libgcc.a(_arm_addsubsf3.o)
                              CMakeFiles/serial_servo_test.elf.dir/Core/Src/main.c.obj (__aeabi_i2f)
c:/progra~2/gnuarm~1/102021~1.10/bin/../lib/gcc/arm-none-eabi/10.3.1/thumb/v7e-m/nofp\libgcc.a(_arm_muldivsf3.o)
                              CMakeFiles/serial_servo_test.elf.dir/Core/Src/mytools.c.obj (__aeabi_fdiv)
c:/progra~2/gnuarm~1/102021~1.10/bin/../lib/gcc/arm-none-eabi/10.3.1/thumb/v7e-m/nofp\libgcc.a(_arm_fixsfsi.o)
                              CMakeFiles/serial_servo_test.elf.dir/Core/Src/mytools.c.obj (__aeabi_f2iz)
c:/progra~2/gnuarm~1/102021~1.10/bin/../lib/gcc/arm-none-eabi/10.3.1/thumb/v7e-m/nofp\libgcc.a(_aeabi_uldivmod.o)
                              CMakeFiles/serial_servo_test.elf.dir/Drivers/STM32G4xx_HAL_Driver/Src/stm32g4xx_hal_uart.c.obj (__aeabi_uldivmod)
c:/progra~2/gnuarm~1/102021~1.10/bin/../lib/gcc/arm-none-eabi/10.3.1/thumb/v7e-m/nofp\libgcc.a(_udivmoddi4.o)
                              c:/progra~2/gnuarm~1/102021~1.10/bin/../lib/gcc/arm-none-eabi/10.3.1/thumb/v7e-m/nofp\libgcc.a(_aeabi_uldivmod.o) (__udivmoddi4)
c:/progra~2/gnuarm~1/102021~1.10/bin/../lib/gcc/arm-none-eabi/10.3.1/thumb/v7e-m/nofp\libgcc.a(_dvmd_tls.o)
                              c:/progra~2/gnuarm~1/102021~1.10/bin/../lib/gcc/arm-none-eabi/10.3.1/thumb/v7e-m/nofp\libgcc.a(_aeabi_uldivmod.o) (__aeabi_ldiv0)
c:/progra~2/gnuarm~1/102021~1.10/bin/../lib/gcc/arm-none-eabi/10.3.1/../../../../arm-none-eabi/lib/thumb/v7e-m/nofp\libg.a(lib_a-errno.o)
                              CMakeFiles/serial_servo_test.elf.dir/Core/Src/syscalls.c.obj (__errno)
c:/progra~2/gnuarm~1/102021~1.10/bin/../lib/gcc/arm-none-eabi/10.3.1/../../../../arm-none-eabi/lib/thumb/v7e-m/nofp\libg.a(lib_a-exit.o)
                              c:/progra~2/gnuarm~1/102021~1.10/bin/../lib/gcc/arm-none-eabi/10.3.1/../../../../arm-none-eabi/lib/thumb/v7e-m/nofp/crt0.o (exit)
c:/progra~2/gnuarm~1/102021~1.10/bin/../lib/gcc/arm-none-eabi/10.3.1/../../../../arm-none-eabi/lib/thumb/v7e-m/nofp\libg.a(lib_a-impure.o)
                              c:/progra~2/gnuarm~1/102021~1.10/bin/../lib/gcc/arm-none-eabi/10.3.1/../../../../arm-none-eabi/lib/thumb/v7e-m/nofp\libg.a(lib_a-exit.o) (_global_impure_ptr)
c:/progra~2/gnuarm~1/102021~1.10/bin/../lib/gcc/arm-none-eabi/10.3.1/../../../../arm-none-eabi/lib/thumb/v7e-m/nofp\libg.a(lib_a-init.o)
                              c:/progra~2/gnuarm~1/102021~1.10/bin/../lib/gcc/arm-none-eabi/10.3.1/../../../../arm-none-eabi/lib/thumb/v7e-m/nofp/crt0.o (__libc_init_array)
c:/progra~2/gnuarm~1/102021~1.10/bin/../lib/gcc/arm-none-eabi/10.3.1/../../../../arm-none-eabi/lib/thumb/v7e-m/nofp\libg.a(lib_a-memset.o)
                              c:/progra~2/gnuarm~1/102021~1.10/bin/../lib/gcc/arm-none-eabi/10.3.1/../../../../arm-none-eabi/lib/thumb/v7e-m/nofp/crt0.o (memset)
c:/progra~2/gnuarm~1/102021~1.10/bin/../lib/gcc/arm-none-eabi/10.3.1/../../../../arm-none-eabi/lib/thumb/v7e-m/nofp\libg.a(lib_a-__call_atexit.o)
                              c:/progra~2/gnuarm~1/102021~1.10/bin/../lib/gcc/arm-none-eabi/10.3.1/../../../../arm-none-eabi/lib/thumb/v7e-m/nofp\libg.a(lib_a-exit.o) (__call_exitprocs)
c:/progra~2/gnuarm~1/102021~1.10/bin/../lib/gcc/arm-none-eabi/10.3.1/../../../../arm-none-eabi/lib/thumb/v7e-m/nofp\libg.a(lib_a-atexit.o)
                              c:/progra~2/gnuarm~1/102021~1.10/bin/../lib/gcc/arm-none-eabi/10.3.1/../../../../arm-none-eabi/lib/thumb/v7e-m/nofp\libg.a(lib_a-__call_atexit.o) (atexit)
c:/progra~2/gnuarm~1/102021~1.10/bin/../lib/gcc/arm-none-eabi/10.3.1/../../../../arm-none-eabi/lib/thumb/v7e-m/nofp\libg.a(lib_a-fini.o)
                              c:/progra~2/gnuarm~1/102021~1.10/bin/../lib/gcc/arm-none-eabi/10.3.1/../../../../arm-none-eabi/lib/thumb/v7e-m/nofp\libg.a(lib_a-__call_atexit.o) (__libc_fini_array)
c:/progra~2/gnuarm~1/102021~1.10/bin/../lib/gcc/arm-none-eabi/10.3.1/../../../../arm-none-eabi/lib/thumb/v7e-m/nofp\libg.a(lib_a-lock.o)
                              c:/progra~2/gnuarm~1/102021~1.10/bin/../lib/gcc/arm-none-eabi/10.3.1/../../../../arm-none-eabi/lib/thumb/v7e-m/nofp\libg.a(lib_a-__call_atexit.o) (__retarget_lock_acquire_recursive)
c:/progra~2/gnuarm~1/102021~1.10/bin/../lib/gcc/arm-none-eabi/10.3.1/../../../../arm-none-eabi/lib/thumb/v7e-m/nofp\libg.a(lib_a-__atexit.o)
                              c:/progra~2/gnuarm~1/102021~1.10/bin/../lib/gcc/arm-none-eabi/10.3.1/../../../../arm-none-eabi/lib/thumb/v7e-m/nofp\libg.a(lib_a-atexit.o) (__register_exitproc)

Discarded input sections

[...]
Memory Configuration

Name             Origin             Length             Attributes
RAM              0x20000000         0x00008000         xrw
FLASH            0x08000000         0x00020000         xr
*default*        0x00000000         0xffffffff

Linker script and memory map

LOAD c:/progra~2/gnuarm~1/102021~1.10/bin/../lib/gcc/arm-none-eabi/10.3.1/thumb/v7e-m/nofp/crti.o
LOAD c:/progra~2/gnuarm~1/102021~1.10/bin/../lib/gcc/arm-none-eabi/10.3.1/thumb/v7e-m/nofp/crtbegin.o
LOAD c:/progra~2/gnuarm~1/102021~1.10/bin/../lib/gcc/arm-none-eabi/10.3.1/../../../../arm-none-eabi/lib/thumb/v7e-m/nofp/crt0.o
LOAD CMakeFiles/serial_servo_test.elf.dir/Core/Src/STS3215.c.obj
LOAD CMakeFiles/serial_servo_test.elf.dir/Core/Src/main.c.obj
LOAD CMakeFiles/serial_servo_test.elf.dir/Core/Src/mytools.c.obj
LOAD CMakeFiles/serial_servo_test.elf.dir/Core/Src/stm32g4xx_hal_msp.c.obj
LOAD CMakeFiles/serial_servo_test.elf.dir/Core/Src/stm32g4xx_it.c.obj
LOAD CMakeFiles/serial_servo_test.elf.dir/Core/Src/syscalls.c.obj
LOAD CMakeFiles/serial_servo_test.elf.dir/Core/Src/sysmem.c.obj
LOAD CMakeFiles/serial_servo_test.elf.dir/Core/Src/system_stm32g4xx.c.obj
LOAD CMakeFiles/serial_servo_test.elf.dir/Core/Startup/startup_stm32g431kbtx.s.obj
LOAD CMakeFiles/serial_servo_test.elf.dir/Drivers/STM32G4xx_HAL_Driver/Src/stm32g4xx_hal.c.obj
LOAD CMakeFiles/serial_servo_test.elf.dir/Drivers/STM32G4xx_HAL_Driver/Src/stm32g4xx_hal_cortex.c.obj
LOAD CMakeFiles/serial_servo_test.elf.dir/Drivers/STM32G4xx_HAL_Driver/Src/stm32g4xx_hal_dma.c.obj
LOAD CMakeFiles/serial_servo_test.elf.dir/Drivers/STM32G4xx_HAL_Driver/Src/stm32g4xx_hal_dma_ex.c.obj
LOAD CMakeFiles/serial_servo_test.elf.dir/Drivers/STM32G4xx_HAL_Driver/Src/stm32g4xx_hal_exti.c.obj
LOAD CMakeFiles/serial_servo_test.elf.dir/Drivers/STM32G4xx_HAL_Driver/Src/stm32g4xx_hal_flash.c.obj
LOAD CMakeFiles/serial_servo_test.elf.dir/Drivers/STM32G4xx_HAL_Driver/Src/stm32g4xx_hal_flash_ex.c.obj
LOAD CMakeFiles/serial_servo_test.elf.dir/Drivers/STM32G4xx_HAL_Driver/Src/stm32g4xx_hal_flash_ramfunc.c.obj
LOAD CMakeFiles/serial_servo_test.elf.dir/Drivers/STM32G4xx_HAL_Driver/Src/stm32g4xx_hal_gpio.c.obj
LOAD CMakeFiles/serial_servo_test.elf.dir/Drivers/STM32G4xx_HAL_Driver/Src/stm32g4xx_hal_pwr.c.obj
LOAD CMakeFiles/serial_servo_test.elf.dir/Drivers/STM32G4xx_HAL_Driver/Src/stm32g4xx_hal_pwr_ex.c.obj
LOAD CMakeFiles/serial_servo_test.elf.dir/Drivers/STM32G4xx_HAL_Driver/Src/stm32g4xx_hal_rcc.c.obj
LOAD CMakeFiles/serial_servo_test.elf.dir/Drivers/STM32G4xx_HAL_Driver/Src/stm32g4xx_hal_rcc_ex.c.obj
LOAD CMakeFiles/serial_servo_test.elf.dir/Drivers/STM32G4xx_HAL_Driver/Src/stm32g4xx_hal_tim.c.obj
LOAD CMakeFiles/serial_servo_test.elf.dir/Drivers/STM32G4xx_HAL_Driver/Src/stm32g4xx_hal_tim_ex.c.obj
LOAD CMakeFiles/serial_servo_test.elf.dir/Drivers/STM32G4xx_HAL_Driver/Src/stm32g4xx_hal_uart.c.obj
LOAD CMakeFiles/serial_servo_test.elf.dir/Drivers/STM32G4xx_HAL_Driver/Src/stm32g4xx_hal_uart_ex.c.obj
START GROUP
LOAD c:/progra~2/gnuarm~1/102021~1.10/bin/../lib/gcc/arm-none-eabi/10.3.1/thumb/v7e-m/nofp\libgcc.a
LOAD c:/progra~2/gnuarm~1/102021~1.10/bin/../lib/gcc/arm-none-eabi/10.3.1/../../../../arm-none-eabi/lib/thumb/v7e-m/nofp\libg.a
LOAD c:/progra~2/gnuarm~1/102021~1.10/bin/../lib/gcc/arm-none-eabi/10.3.1/../../../../arm-none-eabi/lib/thumb/v7e-m/nofp\libc.a
END GROUP
LOAD c:/progra~2/gnuarm~1/102021~1.10/bin/../lib/gcc/arm-none-eabi/10.3.1/thumb/v7e-m/nofp/crtend.o
LOAD c:/progra~2/gnuarm~1/102021~1.10/bin/../lib/gcc/arm-none-eabi/10.3.1/thumb/v7e-m/nofp/crtn.o
                0x20008000                _estack = (ORIGIN (RAM) + LENGTH (RAM))
                0x00000200                _Min_Heap_Size = 0x200
                0x00000400                _Min_Stack_Size = 0x400

.isr_vector     0x08000000      0x1d8
                0x08000000                . = ALIGN (0x4)
 *(.isr_vector)
 .isr_vector    0x08000000      0x1d8 CMakeFiles/serial_servo_test.elf.dir/Core/Startup/startup_stm32g431kbtx.s.obj
                0x08000000                g_pfnVectors
                0x080001d8                . = ALIGN (0x4)

.text           0x080001d8     0x2ff0
                0x080001d8                . = ALIGN (0x4)
 *(.text)
 .text          0x080001d8       0x40 c:/progra~2/gnuarm~1/102021~1.10/bin/../lib/gcc/arm-none-eabi/10.3.1/thumb/v7e-m/nofp/crtbegin.o
 .text          0x08000218      0x2a0 c:/progra~2/gnuarm~1/102021~1.10/bin/../lib/gcc/arm-none-eabi/10.3.1/thumb/v7e-m/nofp\libgcc.a(_arm_muldivsf3.o)
                0x08000218                __mulsf3
                0x08000218                __aeabi_fmul
                0x08000380                __aeabi_fdiv
                0x08000380                __divsf3
 .text          0x080004b8       0x4c c:/progra~2/gnuarm~1/102021~1.10/bin/../lib/gcc/arm-none-eabi/10.3.1/thumb/v7e-m/nofp\libgcc.a(_arm_fixsfsi.o)
                0x080004b8                __aeabi_f2iz
                0x080004b8                __fixsfsi
 .text          0x08000504       0x30 c:/progra~2/gnuarm~1/102021~1.10/bin/../lib/gcc/arm-none-eabi/10.3.1/thumb/v7e-m/nofp\libgcc.a(_aeabi_uldivmod.o)
                0x08000504                __aeabi_uldivmod
 .text          0x08000534      0x2d0 c:/progra~2/gnuarm~1/102021~1.10/bin/../lib/gcc/arm-none-eabi/10.3.1/thumb/v7e-m/nofp\libgcc.a(_udivmoddi4.o)
                0x08000534                __udivmoddi4
 .text          0x08000804        0x4 c:/progra~2/gnuarm~1/102021~1.10/bin/../lib/gcc/arm-none-eabi/10.3.1/thumb/v7e-m/nofp\libgcc.a(_dvmd_tls.o)
                0x08000804                __aeabi_idiv0
                0x08000804                __aeabi_ldiv0
 *(.text*)
 .text.step_control
                0x08000808       0x78 CMakeFiles/serial_servo_test.elf.dir/Core/Src/STS3215.c.obj
                0x08000808                step_control
 .text.read_address
                0x08000880       0x56 CMakeFiles/serial_servo_test.elf.dir/Core/Src/STS3215.c.obj
                0x08000880                read_address
 *fill*         0x080008d6        0x2 
 .text.MX_GPIO_Init
                0x080008d8       0x68 CMakeFiles/serial_servo_test.elf.dir/Core/Src/main.c.obj
 .text.HAL_UART_RxCpltCallback
                0x08000940        0x2 CMakeFiles/serial_servo_test.elf.dir/Core/Src/main.c.obj
                0x08000940                HAL_UART_RxCpltCallback
 *fill*         0x08000942        0x2 
 .text.open     0x08000944       0x24 CMakeFiles/serial_servo_test.elf.dir/Core/Src/main.c.obj
                0x08000944                open
 .text.close    0x08000968       0x28 CMakeFiles/serial_servo_test.elf.dir/Core/Src/main.c.obj
                0x08000968                close
 .text.Error_Handler
                0x08000990        0x4 CMakeFiles/serial_servo_test.elf.dir/Core/Src/main.c.obj
                0x08000990                Error_Handler
 .text.MX_USART1_UART_Init
                0x08000994       0x68 CMakeFiles/serial_servo_test.elf.dir/Core/Src/main.c.obj
 .text.MX_USART2_UART_Init
                0x080009fc       0x60 CMakeFiles/serial_servo_test.elf.dir/Core/Src/main.c.obj
 .text.SystemClock_Config
                0x08000a5c       0x70 CMakeFiles/serial_servo_test.elf.dir/Core/Src/main.c.obj
                0x08000a5c                SystemClock_Config
 .text.main     0x08000acc       0x88 CMakeFiles/serial_servo_test.elf.dir/Core/Src/main.c.obj
                0x08000acc                main
 .text.deg_to_num
                0x08000b54       0x1c CMakeFiles/serial_servo_test.elf.dir/Core/Src/mytools.c.obj
                0x08000b54                deg_to_num
 .text.HAL_MspInit
                0x08000b70       0x30 CMakeFiles/serial_servo_test.elf.dir/Core/Src/stm32g4xx_hal_msp.c.obj
                0x08000b70                HAL_MspInit
 .text.HAL_UART_MspInit
                0x08000ba0       0xf8 CMakeFiles/serial_servo_test.elf.dir/Core/Src/stm32g4xx_hal_msp.c.obj
                0x08000ba0                HAL_UART_MspInit
 .text.NMI_Handler
                0x08000c98        0x2 CMakeFiles/serial_servo_test.elf.dir/Core/Src/stm32g4xx_it.c.obj
                0x08000c98                NMI_Handler
 .text.HardFault_Handler
                0x08000c9a        0x2 CMakeFiles/serial_servo_test.elf.dir/Core/Src/stm32g4xx_it.c.obj
                0x08000c9a                HardFault_Handler
 .text.MemManage_Handler
                0x08000c9c        0x2 CMakeFiles/serial_servo_test.elf.dir/Core/Src/stm32g4xx_it.c.obj
                0x08000c9c                MemManage_Handler
 .text.BusFault_Handler
                0x08000c9e        0x2 CMakeFiles/serial_servo_test.elf.dir/Core/Src/stm32g4xx_it.c.obj
                0x08000c9e                BusFault_Handler
 .text.UsageFault_Handler
                0x08000ca0        0x2 CMakeFiles/serial_servo_test.elf.dir/Core/Src/stm32g4xx_it.c.obj
                0x08000ca0                UsageFault_Handler
 .text.SVC_Handler
                0x08000ca2        0x2 CMakeFiles/serial_servo_test.elf.dir/Core/Src/stm32g4xx_it.c.obj
                0x08000ca2                SVC_Handler
 .text.DebugMon_Handler
                0x08000ca4        0x2 CMakeFiles/serial_servo_test.elf.dir/Core/Src/stm32g4xx_it.c.obj
                0x08000ca4                DebugMon_Handler
 .text.PendSV_Handler
                0x08000ca6        0x2 CMakeFiles/serial_servo_test.elf.dir/Core/Src/stm32g4xx_it.c.obj
                0x08000ca6                PendSV_Handler
 .text.SysTick_Handler
                0x08000ca8        0x8 CMakeFiles/serial_servo_test.elf.dir/Core/Src/stm32g4xx_it.c.obj
                0x08000ca8                SysTick_Handler
 .text.USART2_IRQHandler
                0x08000cb0       0x10 CMakeFiles/serial_servo_test.elf.dir/Core/Src/stm32g4xx_it.c.obj
                0x08000cb0                USART2_IRQHandler
 .text.SystemInit
                0x08000cc0        0x2 CMakeFiles/serial_servo_test.elf.dir/Core/Src/system_stm32g4xx.c.obj
                0x08000cc0                SystemInit
 *fill*         0x08000cc2        0x2 
 .text.Reset_Handler
                0x08000cc4       0x50 CMakeFiles/serial_servo_test.elf.dir/Core/Startup/startup_stm32g431kbtx.s.obj
                0x08000cc4                Reset_Handler
 .text.Default_Handler
                0x08000d14        0x2 CMakeFiles/serial_servo_test.elf.dir/Core/Startup/startup_stm32g431kbtx.s.obj
                0x08000d14                RTC_Alarm_IRQHandler
                0x08000d14                EXTI2_IRQHandler
                0x08000d14                TIM8_TRG_COM_IRQHandler
                0x08000d14                TIM8_CC_IRQHandler
                0x08000d14                TIM1_CC_IRQHandler
                0x08000d14                USB_HP_IRQHandler
                0x08000d14                CORDIC_IRQHandler
                0x08000d14                EXTI3_IRQHandler
                0x08000d14                I2C3_ER_IRQHandler
                0x08000d14                EXTI0_IRQHandler
                0x08000d14                I2C2_EV_IRQHandler
                0x08000d14                FPU_IRQHandler
                0x08000d14                FDCAN1_IT1_IRQHandler
                0x08000d14                TIM1_UP_TIM16_IRQHandler
                0x08000d14                ADC1_2_IRQHandler
                0x08000d14                SPI1_IRQHandler
                0x08000d14                TIM6_DAC_IRQHandler
                0x08000d14                TIM8_UP_IRQHandler
                0x08000d14                DMA2_Channel2_IRQHandler
                0x08000d14                DMA1_Channel4_IRQHandler
                0x08000d14                USART3_IRQHandler
                0x08000d14                TIM4_IRQHandler
                0x08000d14                DMA2_Channel1_IRQHandler
                0x08000d14                I2C1_EV_IRQHandler
                0x08000d14                DMA1_Channel6_IRQHandler
                0x08000d14                UART4_IRQHandler
                0x08000d14                DMA2_Channel4_IRQHandler
                0x08000d14                TIM3_IRQHandler
                0x08000d14                RCC_IRQHandler
                0x08000d14                DMA1_Channel1_IRQHandler
                0x08000d14                Default_Handler
                0x08000d14                RTC_TAMP_LSECSS_IRQHandler
                0x08000d14                FMAC_IRQHandler
                0x08000d14                EXTI15_10_IRQHandler
                0x08000d14                TIM7_IRQHandler
                0x08000d14                UCPD1_IRQHandler
                0x08000d14                I2C3_EV_IRQHandler
                0x08000d14                EXTI9_5_IRQHandler
                0x08000d14                RTC_WKUP_IRQHandler
                0x08000d14                PVD_PVM_IRQHandler
                0x08000d14                SPI2_IRQHandler
                0x08000d14                DMA2_Channel5_IRQHandler
                0x08000d14                CRS_IRQHandler
                0x08000d14                DMA1_Channel5_IRQHandler
                0x08000d14                USB_LP_IRQHandler
                0x08000d14                EXTI4_IRQHandler
                0x08000d14                RNG_IRQHandler
                0x08000d14                TIM1_TRG_COM_TIM17_IRQHandler
                0x08000d14                DMA1_Channel3_IRQHandler
                0x08000d14                WWDG_IRQHandler
                0x08000d14                LPUART1_IRQHandler
                0x08000d14                DMA2_Channel6_IRQHandler
                0x08000d14                FDCAN1_IT0_IRQHandler
                0x08000d14                TIM2_IRQHandler
                0x08000d14                COMP1_2_3_IRQHandler
                0x08000d14                EXTI1_IRQHandler
                0x08000d14                I2C2_ER_IRQHandler
                0x08000d14                DMA1_Channel2_IRQHandler
                0x08000d14                TIM8_BRK_IRQHandler
                0x08000d14                FLASH_IRQHandler
                0x08000d14                USART1_IRQHandler
                0x08000d14                SPI3_IRQHandler
                0x08000d14                I2C1_ER_IRQHandler
                0x08000d14                LPTIM1_IRQHandler
                0x08000d14                DMAMUX_OVR_IRQHandler
                0x08000d14                USBWakeUp_IRQHandler
                0x08000d14                SAI1_IRQHandler
                0x08000d14                DMA2_Channel3_IRQHandler
                0x08000d14                COMP4_IRQHandler
                0x08000d14                TIM1_BRK_TIM15_IRQHandler
 *fill*         0x08000d16        0x2 
 .text.HAL_InitTick
                0x08000d18       0x50 CMakeFiles/serial_servo_test.elf.dir/Drivers/STM32G4xx_HAL_Driver/Src/stm32g4xx_hal.c.obj
                0x08000d18                HAL_InitTick
 .text.HAL_Init
                0x08000d68       0x1e CMakeFiles/serial_servo_test.elf.dir/Drivers/STM32G4xx_HAL_Driver/Src/stm32g4xx_hal.c.obj
                0x08000d68                HAL_Init
 *fill*         0x08000d86        0x2 
 .text.HAL_IncTick
                0x08000d88       0x18 CMakeFiles/serial_servo_test.elf.dir/Drivers/STM32G4xx_HAL_Driver/Src/stm32g4xx_hal.c.obj
                0x08000d88                HAL_IncTick
 .text.HAL_GetTick
                0x08000da0        0xc CMakeFiles/serial_servo_test.elf.dir/Drivers/STM32G4xx_HAL_Driver/Src/stm32g4xx_hal.c.obj
                0x08000da0                HAL_GetTick
 .text.HAL_Delay
                0x08000dac       0x28 CMakeFiles/serial_servo_test.elf.dir/Drivers/STM32G4xx_HAL_Driver/Src/stm32g4xx_hal.c.obj
                0x08000dac                HAL_Delay
 .text.HAL_NVIC_SetPriorityGrouping
                0x08000dd4       0x24 CMakeFiles/serial_servo_test.elf.dir/Drivers/STM32G4xx_HAL_Driver/Src/stm32g4xx_hal_cortex.c.obj
                0x08000dd4                HAL_NVIC_SetPriorityGrouping
 .text.HAL_NVIC_SetPriority
                0x08000df8       0x70 CMakeFiles/serial_servo_test.elf.dir/Drivers/STM32G4xx_HAL_Driver/Src/stm32g4xx_hal_cortex.c.obj
                0x08000df8                HAL_NVIC_SetPriority
 .text.HAL_NVIC_EnableIRQ
                0x08000e68       0x1c CMakeFiles/serial_servo_test.elf.dir/Drivers/STM32G4xx_HAL_Driver/Src/stm32g4xx_hal_cortex.c.obj
                0x08000e68                HAL_NVIC_EnableIRQ
 .text.HAL_SYSTICK_Config
                0x08000e84       0x28 CMakeFiles/serial_servo_test.elf.dir/Drivers/STM32G4xx_HAL_Driver/Src/stm32g4xx_hal_cortex.c.obj
                0x08000e84                HAL_SYSTICK_Config
 .text.HAL_DMA_Abort
                0x08000eac       0x6c CMakeFiles/serial_servo_test.elf.dir/Drivers/STM32G4xx_HAL_Driver/Src/stm32g4xx_hal_dma.c.obj
                0x08000eac                HAL_DMA_Abort
 .text.HAL_DMA_Abort_IT
                0x08000f18       0x7e CMakeFiles/serial_servo_test.elf.dir/Drivers/STM32G4xx_HAL_Driver/Src/stm32g4xx_hal_dma.c.obj
                0x08000f18                HAL_DMA_Abort_IT
 *fill*         0x08000f96        0x2 
 .text.HAL_GPIO_Init
                0x08000f98      0x1dc CMakeFiles/serial_servo_test.elf.dir/Drivers/STM32G4xx_HAL_Driver/Src/stm32g4xx_hal_gpio.c.obj
                0x08000f98                HAL_GPIO_Init
 .text.HAL_GPIO_WritePin
                0x08001174        0xa CMakeFiles/serial_servo_test.elf.dir/Drivers/STM32G4xx_HAL_Driver/Src/stm32g4xx_hal_gpio.c.obj
                0x08001174                HAL_GPIO_WritePin
 *fill*         0x0800117e        0x2 
 .text.HAL_PWREx_ControlVoltageScaling
                0x08001180      0x10c CMakeFiles/serial_servo_test.elf.dir/Drivers/STM32G4xx_HAL_Driver/Src/stm32g4xx_hal_pwr_ex.c.obj
                0x08001180                HAL_PWREx_ControlVoltageScaling
 .text.RCC_GetSysClockFreqFromPLLSource
                0x0800128c       0x58 CMakeFiles/serial_servo_test.elf.dir/Drivers/STM32G4xx_HAL_Driver/Src/stm32g4xx_hal_rcc.c.obj
 .text.HAL_RCC_OscConfig
                0x080012e4      0x4e8 CMakeFiles/serial_servo_test.elf.dir/Drivers/STM32G4xx_HAL_Driver/Src/stm32g4xx_hal_rcc.c.obj
                0x080012e4                HAL_RCC_OscConfig
 .text.HAL_RCC_GetSysClockFreq
                0x080017cc       0x88 CMakeFiles/serial_servo_test.elf.dir/Drivers/STM32G4xx_HAL_Driver/Src/stm32g4xx_hal_rcc.c.obj
                0x080017cc                HAL_RCC_GetSysClockFreq
 .text.HAL_RCC_ClockConfig
                0x08001854      0x1f8 CMakeFiles/serial_servo_test.elf.dir/Drivers/STM32G4xx_HAL_Driver/Src/stm32g4xx_hal_rcc.c.obj
                0x08001854                HAL_RCC_ClockConfig
 .text.HAL_RCC_GetHCLKFreq
                0x08001a4c        0xc CMakeFiles/serial_servo_test.elf.dir/Drivers/STM32G4xx_HAL_Driver/Src/stm32g4xx_hal_rcc.c.obj
                0x08001a4c                HAL_RCC_GetHCLKFreq
 .text.HAL_RCC_GetPCLK1Freq
                0x08001a58       0x24 CMakeFiles/serial_servo_test.elf.dir/Drivers/STM32G4xx_HAL_Driver/Src/stm32g4xx_hal_rcc.c.obj
                0x08001a58                HAL_RCC_GetPCLK1Freq
 .text.HAL_RCC_GetPCLK2Freq
                0x08001a7c       0x24 CMakeFiles/serial_servo_test.elf.dir/Drivers/STM32G4xx_HAL_Driver/Src/stm32g4xx_hal_rcc.c.obj
                0x08001a7c                HAL_RCC_GetPCLK2Freq
 .text.HAL_RCCEx_PeriphCLKConfig
                0x08001aa0      0x2e4 CMakeFiles/serial_servo_test.elf.dir/Drivers/STM32G4xx_HAL_Driver/Src/stm32g4xx_hal_rcc_ex.c.obj
                0x08001aa0                HAL_RCCEx_PeriphCLKConfig
 .text.UART_EndRxTransfer
                0x08001d84       0x56 CMakeFiles/serial_servo_test.elf.dir/Drivers/STM32G4xx_HAL_Driver/Src/stm32g4xx_hal_uart.c.obj
 .text.HAL_UART_TxCpltCallback
                0x08001dda        0x2 CMakeFiles/serial_servo_test.elf.dir/Drivers/STM32G4xx_HAL_Driver/Src/stm32g4xx_hal_uart.c.obj
                0x08001dda                HAL_UART_TxCpltCallback
 .text.UART_EndTransmit_IT
                0x08001ddc       0x24 CMakeFiles/serial_servo_test.elf.dir/Drivers/STM32G4xx_HAL_Driver/Src/stm32g4xx_hal_uart.c.obj
 .text.HAL_UART_ErrorCallback
                0x08001e00        0x2 CMakeFiles/serial_servo_test.elf.dir/Drivers/STM32G4xx_HAL_Driver/Src/stm32g4xx_hal_uart.c.obj
                0x08001e00                HAL_UART_ErrorCallback
 .text.UART_DMAAbortOnError
                0x08001e02       0x14 CMakeFiles/serial_servo_test.elf.dir/Drivers/STM32G4xx_HAL_Driver/Src/stm32g4xx_hal_uart.c.obj
 .text.HAL_UARTEx_RxEventCallback
                0x08001e16        0x2 CMakeFiles/serial_servo_test.elf.dir/Drivers/STM32G4xx_HAL_Driver/Src/stm32g4xx_hal_uart.c.obj
                0x08001e16                HAL_UARTEx_RxEventCallback
 .text.HAL_UART_IRQHandler
                0x08001e18      0x334 CMakeFiles/serial_servo_test.elf.dir/Drivers/STM32G4xx_HAL_Driver/Src/stm32g4xx_hal_uart.c.obj
                0x08001e18                HAL_UART_IRQHandler
 .text.UART_RxISR_8BIT
                0x0800214c       0xb2 CMakeFiles/serial_servo_test.elf.dir/Drivers/STM32G4xx_HAL_Driver/Src/stm32g4xx_hal_uart.c.obj
 .text.UART_RxISR_16BIT
                0x080021fe       0xb0 CMakeFiles/serial_servo_test.elf.dir/Drivers/STM32G4xx_HAL_Driver/Src/stm32g4xx_hal_uart.c.obj
 *fill*         0x080022ae        0x2 
 .text.UART_RxISR_8BIT_FIFOEN
                0x080022b0      0x1a0 CMakeFiles/serial_servo_test.elf.dir/Drivers/STM32G4xx_HAL_Driver/Src/stm32g4xx_hal_uart.c.obj
 .text.UART_RxISR_16BIT_FIFOEN
                0x08002450      0x1a0 CMakeFiles/serial_servo_test.elf.dir/Drivers/STM32G4xx_HAL_Driver/Src/stm32g4xx_hal_uart.c.obj
 .text.UART_SetConfig
                0x080025f0      0x344 CMakeFiles/serial_servo_test.elf.dir/Drivers/STM32G4xx_HAL_Driver/Src/stm32g4xx_hal_uart.c.obj
                0x080025f0                UART_SetConfig
 .text.UART_AdvFeatureConfig
                0x08002934       0xca CMakeFiles/serial_servo_test.elf.dir/Drivers/STM32G4xx_HAL_Driver/Src/stm32g4xx_hal_uart.c.obj
                0x08002934                UART_AdvFeatureConfig
 .text.UART_WaitOnFlagUntilTimeout
                0x080029fe       0xdc CMakeFiles/serial_servo_test.elf.dir/Drivers/STM32G4xx_HAL_Driver/Src/stm32g4xx_hal_uart.c.obj
                0x080029fe                UART_WaitOnFlagUntilTimeout
 .text.HAL_UART_Transmit
                0x08002ada       0xde CMakeFiles/serial_servo_test.elf.dir/Drivers/STM32G4xx_HAL_Driver/Src/stm32g4xx_hal_uart.c.obj
                0x08002ada                HAL_UART_Transmit
 .text.UART_CheckIdleState
                0x08002bb8       0x74 CMakeFiles/serial_servo_test.elf.dir/Drivers/STM32G4xx_HAL_Driver/Src/stm32g4xx_hal_uart.c.obj
                0x08002bb8                UART_CheckIdleState
 .text.HAL_UART_Init
                0x08002c2c       0x66 CMakeFiles/serial_servo_test.elf.dir/Drivers/STM32G4xx_HAL_Driver/Src/stm32g4xx_hal_uart.c.obj
                0x08002c2c                HAL_UART_Init
 *fill*         0x08002c92        0x2 
 .text.UART_Start_Receive_IT
                0x08002c94      0x148 CMakeFiles/serial_servo_test.elf.dir/Drivers/STM32G4xx_HAL_Driver/Src/stm32g4xx_hal_uart.c.obj
                0x08002c94                UART_Start_Receive_IT
 .text.HAL_UART_Receive_IT
                0x08002ddc       0x5c CMakeFiles/serial_servo_test.elf.dir/Drivers/STM32G4xx_HAL_Driver/Src/stm32g4xx_hal_uart.c.obj
                0x08002ddc                HAL_UART_Receive_IT
 .text.UARTEx_SetNbDataToProcess
                0x08002e38       0x4c CMakeFiles/serial_servo_test.elf.dir/Drivers/STM32G4xx_HAL_Driver/Src/stm32g4xx_hal_uart_ex.c.obj
 .text.HAL_RS485Ex_Init
                0x08002e84       0x86 CMakeFiles/serial_servo_test.elf.dir/Drivers/STM32G4xx_HAL_Driver/Src/stm32g4xx_hal_uart_ex.c.obj
                0x08002e84                HAL_RS485Ex_Init
 .text.HAL_UARTEx_WakeupCallback
                0x08002f0a        0x2 CMakeFiles/serial_servo_test.elf.dir/Drivers/STM32G4xx_HAL_Driver/Src/stm32g4xx_hal_uart_ex.c.obj
                0x08002f0a                HAL_UARTEx_WakeupCallback
 .text.HAL_UARTEx_RxFifoFullCallback
                0x08002f0c        0x2 CMakeFiles/serial_servo_test.elf.dir/Drivers/STM32G4xx_HAL_Driver/Src/stm32g4xx_hal_uart_ex.c.obj
                0x08002f0c                HAL_UARTEx_RxFifoFullCallback
 .text.HAL_UARTEx_TxFifoEmptyCallback
                0x08002f0e        0x2 CMakeFiles/serial_servo_test.elf.dir/Drivers/STM32G4xx_HAL_Driver/Src/stm32g4xx_hal_uart_ex.c.obj
                0x08002f0e                HAL_UARTEx_TxFifoEmptyCallback
 .text.HAL_UARTEx_DisableFifoMode
                0x08002f10       0x3e CMakeFiles/serial_servo_test.elf.dir/Drivers/STM32G4xx_HAL_Driver/Src/stm32g4xx_hal_uart_ex.c.obj
                0x08002f10                HAL_UARTEx_DisableFifoMode
 .text.HAL_UARTEx_SetTxFifoThreshold
                0x08002f4e       0x4a CMakeFiles/serial_servo_test.elf.dir/Drivers/STM32G4xx_HAL_Driver/Src/stm32g4xx_hal_uart_ex.c.obj
                0x08002f4e                HAL_UARTEx_SetTxFifoThreshold
 .text.HAL_UARTEx_SetRxFifoThreshold
                0x08002f98       0x4a CMakeFiles/serial_servo_test.elf.dir/Drivers/STM32G4xx_HAL_Driver/Src/stm32g4xx_hal_uart_ex.c.obj
                0x08002f98                HAL_UARTEx_SetRxFifoThreshold
 *fill*         0x08002fe2        0x2 
 .text.__libc_init_array
                0x08002fe4       0x48 c:/progra~2/gnuarm~1/102021~1.10/bin/../lib/gcc/arm-none-eabi/10.3.1/../../../../arm-none-eabi/lib/thumb/v7e-m/nofp\libg.a(lib_a-init.o)
                0x08002fe4                __libc_init_array
 .text.memset   0x0800302c       0xa4 c:/progra~2/gnuarm~1/102021~1.10/bin/../lib/gcc/arm-none-eabi/10.3.1/../../../../arm-none-eabi/lib/thumb/v7e-m/nofp\libg.a(lib_a-memset.o)
                0x0800302c                memset
 .text.startup.register_fini
                0x080030d0       0x14 c:/progra~2/gnuarm~1/102021~1.10/bin/../lib/gcc/arm-none-eabi/10.3.1/../../../../arm-none-eabi/lib/thumb/v7e-m/nofp\libg.a(lib_a-__call_atexit.o)
 .text.atexit   0x080030e4        0xc c:/progra~2/gnuarm~1/102021~1.10/bin/../lib/gcc/arm-none-eabi/10.3.1/../../../../arm-none-eabi/lib/thumb/v7e-m/nofp\libg.a(lib_a-atexit.o)
                0x080030e4                atexit
 .text.__libc_fini_array
                0x080030f0       0x2c c:/progra~2/gnuarm~1/102021~1.10/bin/../lib/gcc/arm-none-eabi/10.3.1/../../../../arm-none-eabi/lib/thumb/v7e-m/nofp\libg.a(lib_a-fini.o)
                0x080030f0                __libc_fini_array
 .text.__retarget_lock_acquire_recursive
                0x0800311c        0x4 c:/progra~2/gnuarm~1/102021~1.10/bin/../lib/gcc/arm-none-eabi/10.3.1/../../../../arm-none-eabi/lib/thumb/v7e-m/nofp\libg.a(lib_a-lock.o)
                0x0800311c                __retarget_lock_acquire_recursive
 .text.__retarget_lock_release_recursive
                0x08003120        0x4 c:/progra~2/gnuarm~1/102021~1.10/bin/../lib/gcc/arm-none-eabi/10.3.1/../../../../arm-none-eabi/lib/thumb/v7e-m/nofp\libg.a(lib_a-lock.o)
                0x08003120                __retarget_lock_release_recursive
 .text.__register_exitproc
                0x08003124       0x8c c:/progra~2/gnuarm~1/102021~1.10/bin/../lib/gcc/arm-none-eabi/10.3.1/../../../../arm-none-eabi/lib/thumb/v7e-m/nofp\libg.a(lib_a-__atexit.o)
                0x08003124                __register_exitproc
 *(.glue_7)
 .glue_7        0x080031b0        0x0 linker stubs
 *(.glue_7t)
 .glue_7t       0x080031b0        0x0 linker stubs
 *(.eh_frame)
 .eh_frame      0x080031b0        0x0 c:/progra~2/gnuarm~1/102021~1.10/bin/../lib/gcc/arm-none-eabi/10.3.1/thumb/v7e-m/nofp/crtbegin.o
 *(.init)
 .init          0x080031b0        0x4 c:/progra~2/gnuarm~1/102021~1.10/bin/../lib/gcc/arm-none-eabi/10.3.1/thumb/v7e-m/nofp/crti.o
                0x080031b0                _init
 .init          0x080031b4        0x8 c:/progra~2/gnuarm~1/102021~1.10/bin/../lib/gcc/arm-none-eabi/10.3.1/thumb/v7e-m/nofp/crtn.o
 *(.fini)
 .fini          0x080031bc        0x4 c:/progra~2/gnuarm~1/102021~1.10/bin/../lib/gcc/arm-none-eabi/10.3.1/thumb/v7e-m/nofp/crti.o
                0x080031bc                _fini
 .fini          0x080031c0        0x8 c:/progra~2/gnuarm~1/102021~1.10/bin/../lib/gcc/arm-none-eabi/10.3.1/thumb/v7e-m/nofp/crtn.o
                0x080031c8                . = ALIGN (0x4)
                0x080031c8                _etext = .

.vfp11_veneer   0x080031c8        0x0
 .vfp11_veneer  0x080031c8        0x0 linker stubs

.v4_bx          0x080031c8        0x0
 .v4_bx         0x080031c8        0x0 linker stubs

.iplt           0x080031c8        0x0
 .iplt          0x080031c8        0x0 c:/progra~2/gnuarm~1/102021~1.10/bin/../lib/gcc/arm-none-eabi/10.3.1/thumb/v7e-m/nofp/crtbegin.o

.rodata         0x080031c8       0x44
                0x080031c8                . = ALIGN (0x4)
 *(.rodata)
 *(.rodata*)
 .rodata.AHBPrescTable
                0x080031c8       0x10 CMakeFiles/serial_servo_test.elf.dir/Core/Src/system_stm32g4xx.c.obj
                0x080031c8                AHBPrescTable
 .rodata.APBPrescTable
                0x080031d8        0x8 CMakeFiles/serial_servo_test.elf.dir/Core/Src/system_stm32g4xx.c.obj
                0x080031d8                APBPrescTable
 .rodata.UARTPrescTable
                0x080031e0       0x18 CMakeFiles/serial_servo_test.elf.dir/Drivers/STM32G4xx_HAL_Driver/Src/stm32g4xx_hal_uart.c.obj
                0x080031e0                UARTPrescTable
 .rodata.denominator.0
                0x080031f8        0x8 CMakeFiles/serial_servo_test.elf.dir/Drivers/STM32G4xx_HAL_Driver/Src/stm32g4xx_hal_uart_ex.c.obj
 .rodata.numerator.1
                0x08003200        0x8 CMakeFiles/serial_servo_test.elf.dir/Drivers/STM32G4xx_HAL_Driver/Src/stm32g4xx_hal_uart_ex.c.obj
 .rodata._global_impure_ptr
                0x08003208        0x4 c:/progra~2/gnuarm~1/102021~1.10/bin/../lib/gcc/arm-none-eabi/10.3.1/../../../../arm-none-eabi/lib/thumb/v7e-m/nofp\libg.a(lib_a-impure.o)
                0x08003208                _global_impure_ptr
                0x0800320c                . = ALIGN (0x4)

.ARM.extab      0x0800320c        0x0
                0x0800320c                . = ALIGN (0x4)
 *(.ARM.extab* .gnu.linkonce.armextab.*)
                0x0800320c                . = ALIGN (0x4)

.ARM            0x0800320c        0x8
                0x0800320c                . = ALIGN (0x4)
                0x0800320c                __exidx_start = .
 *(.ARM.exidx*)
 .ARM.exidx     0x0800320c        0x8 c:/progra~2/gnuarm~1/102021~1.10/bin/../lib/gcc/arm-none-eabi/10.3.1/thumb/v7e-m/nofp\libgcc.a(_udivmoddi4.o)
                0x08003214                __exidx_end = .
                0x08003214                . = ALIGN (0x4)

.rel.dyn        0x08003214        0x0
 .rel.iplt      0x08003214        0x0 c:/progra~2/gnuarm~1/102021~1.10/bin/../lib/gcc/arm-none-eabi/10.3.1/thumb/v7e-m/nofp/crtbegin.o

.preinit_array  0x08003214        0x0
                0x08003214                . = ALIGN (0x4)
                0x08003214                PROVIDE (__preinit_array_start = .)
 *(.preinit_array*)
                0x08003214                PROVIDE (__preinit_array_end = .)
                0x08003214                . = ALIGN (0x4)

.init_array     0x08003214        0x8
                0x08003214                . = ALIGN (0x4)
                0x08003214                PROVIDE (__init_array_start = .)
 *(SORT_BY_NAME(.init_array.*))
 .init_array.00000
                0x08003214        0x4 c:/progra~2/gnuarm~1/102021~1.10/bin/../lib/gcc/arm-none-eabi/10.3.1/../../../../arm-none-eabi/lib/thumb/v7e-m/nofp\libg.a(lib_a-__call_atexit.o)
 *(.init_array*)
 .init_array    0x08003218        0x4 c:/progra~2/gnuarm~1/102021~1.10/bin/../lib/gcc/arm-none-eabi/10.3.1/thumb/v7e-m/nofp/crtbegin.o
                0x0800321c                PROVIDE (__init_array_end = .)
                0x0800321c                . = ALIGN (0x4)

.fini_array     0x0800321c        0x4
                0x0800321c                . = ALIGN (0x4)
                0x0800321c                PROVIDE (__fini_array_start = .)
 *(SORT_BY_NAME(.fini_array.*))
 *(.fini_array*)
 .fini_array    0x0800321c        0x4 c:/progra~2/gnuarm~1/102021~1.10/bin/../lib/gcc/arm-none-eabi/10.3.1/thumb/v7e-m/nofp/crtbegin.o
                0x08003220                PROVIDE (__fini_array_end = .)
                0x08003220                . = ALIGN (0x4)
                0x08003220                _sidata = LOADADDR (.data)

.data           0x20000000      0x43c load address 0x08003220
                0x20000000                . = ALIGN (0x4)
                0x20000000                _sdata = .
 *(.data)
 *(.data*)
 .data.SystemCoreClock
                0x20000000        0x4 CMakeFiles/serial_servo_test.elf.dir/Core/Src/system_stm32g4xx.c.obj
                0x20000000                SystemCoreClock
 .data.uwTickFreq
                0x20000004        0x4 CMakeFiles/serial_servo_test.elf.dir/Drivers/STM32G4xx_HAL_Driver/Src/stm32g4xx_hal.c.obj
                0x20000004                uwTickFreq
 .data.uwTickPrio
                0x20000008        0x4 CMakeFiles/serial_servo_test.elf.dir/Drivers/STM32G4xx_HAL_Driver/Src/stm32g4xx_hal.c.obj
                0x20000008                uwTickPrio
 *fill*         0x2000000c        0x4 
 .data.impure_data
                0x20000010      0x428 c:/progra~2/gnuarm~1/102021~1.10/bin/../lib/gcc/arm-none-eabi/10.3.1/../../../../arm-none-eabi/lib/thumb/v7e-m/nofp\libg.a(lib_a-impure.o)
 .data.__atexit_recursive_mutex
                0x20000438        0x4 c:/progra~2/gnuarm~1/102021~1.10/bin/../lib/gcc/arm-none-eabi/10.3.1/../../../../arm-none-eabi/lib/thumb/v7e-m/nofp\libg.a(lib_a-__call_atexit.o)
                0x20000438                __atexit_recursive_mutex
 *(.RamFunc)
 *(.RamFunc*)
                0x2000043c                . = ALIGN (0x4)
                0x2000043c                _edata = .

.igot.plt       0x2000043c        0x0 load address 0x0800365c
 .igot.plt      0x2000043c        0x0 c:/progra~2/gnuarm~1/102021~1.10/bin/../lib/gcc/arm-none-eabi/10.3.1/thumb/v7e-m/nofp/crtbegin.o
                0x2000043c                . = ALIGN (0x4)

.bss            0x2000043c      0x148 load address 0x0800365c
                0x2000043c                _sbss = .
                0x2000043c                __bss_start__ = _sbss
 *(.bss)
 .bss           0x2000043c       0x1c c:/progra~2/gnuarm~1/102021~1.10/bin/../lib/gcc/arm-none-eabi/10.3.1/thumb/v7e-m/nofp/crtbegin.o
 *(.bss*)
 .bss.buffer    0x20000458        0x4 CMakeFiles/serial_servo_test.elf.dir/Core/Src/main.c.obj
                0x20000458                buffer
 .bss.huart1    0x2000045c       0x90 CMakeFiles/serial_servo_test.elf.dir/Core/Src/main.c.obj
                0x2000045c                huart1
 .bss.huart2    0x200004ec       0x90 CMakeFiles/serial_servo_test.elf.dir/Core/Src/main.c.obj
                0x200004ec                huart2
 .bss.uwTick    0x2000057c        0x4 CMakeFiles/serial_servo_test.elf.dir/Drivers/STM32G4xx_HAL_Driver/Src/stm32g4xx_hal.c.obj
                0x2000057c                uwTick
 .bss.__lock___atexit_recursive_mutex
                0x20000580        0x1 c:/progra~2/gnuarm~1/102021~1.10/bin/../lib/gcc/arm-none-eabi/10.3.1/../../../../arm-none-eabi/lib/thumb/v7e-m/nofp\libg.a(lib_a-lock.o)
                0x20000580                __lock___atexit_recursive_mutex
 *(COMMON)
                0x20000584                . = ALIGN (0x4)
 *fill*         0x20000581        0x3 
                0x20000584                _ebss = .
                0x20000584                __bss_end__ = _ebss

._user_heap_stack
                0x20000584      0x604 load address 0x0800365c
                0x20000588                . = ALIGN (0x8)
 *fill*         0x20000584        0x4 
                [!provide]                PROVIDE (end = .)
                0x20000588                PROVIDE (_end = .)
                0x20000788                . = (. + _Min_Heap_Size)
 *fill*         0x20000588      0x200 
                0x20000b88                . = (. + _Min_Stack_Size)
 *fill*         0x20000788      0x400 
                0x20000b88                . = ALIGN (0x8)

/DISCARD/
 libc.a(*)
 libm.a(*)
 libgcc.a(*)

.ARM.attributes
                0x00000000       0x2a
 *(.ARM.attributes)
 .ARM.attributes
                0x00000000       0x1e c:/progra~2/gnuarm~1/102021~1.10/bin/../lib/gcc/arm-none-eabi/10.3.1/thumb/v7e-m/nofp/crti.o
 .ARM.attributes
                0x0000001e       0x2e c:/progra~2/gnuarm~1/102021~1.10/bin/../lib/gcc/arm-none-eabi/10.3.1/thumb/v7e-m/nofp/crtbegin.o
 .ARM.attributes
                0x0000004c       0x2e CMakeFiles/serial_servo_test.elf.dir/Core/Src/STS3215.c.obj
 .ARM.attributes
                0x0000007a       0x2e CMakeFiles/serial_servo_test.elf.dir/Core/Src/main.c.obj
 .ARM.attributes
                0x000000a8       0x2e CMakeFiles/serial_servo_test.elf.dir/Core/Src/mytools.c.obj
 .ARM.attributes
                0x000000d6       0x2e CMakeFiles/serial_servo_test.elf.dir/Core/Src/stm32g4xx_hal_msp.c.obj
 .ARM.attributes
                0x00000104       0x2e CMakeFiles/serial_servo_test.elf.dir/Core/Src/stm32g4xx_it.c.obj
 .ARM.attributes
                0x00000132       0x2e CMakeFiles/serial_servo_test.elf.dir/Core/Src/system_stm32g4xx.c.obj
 .ARM.attributes
                0x00000160       0x21 CMakeFiles/serial_servo_test.elf.dir/Core/Startup/startup_stm32g431kbtx.s.obj
 .ARM.attributes
                0x00000181       0x2e CMakeFiles/serial_servo_test.elf.dir/Drivers/STM32G4xx_HAL_Driver/Src/stm32g4xx_hal.c.obj
 .ARM.attributes
                0x000001af       0x2e CMakeFiles/serial_servo_test.elf.dir/Drivers/STM32G4xx_HAL_Driver/Src/stm32g4xx_hal_cortex.c.obj
 .ARM.attributes
                0x000001dd       0x2e CMakeFiles/serial_servo_test.elf.dir/Drivers/STM32G4xx_HAL_Driver/Src/stm32g4xx_hal_dma.c.obj
 .ARM.attributes
                0x0000020b       0x2e CMakeFiles/serial_servo_test.elf.dir/Drivers/STM32G4xx_HAL_Driver/Src/stm32g4xx_hal_gpio.c.obj
 .ARM.attributes
                0x00000239       0x2e CMakeFiles/serial_servo_test.elf.dir/Drivers/STM32G4xx_HAL_Driver/Src/stm32g4xx_hal_pwr_ex.c.obj
 .ARM.attributes
                0x00000267       0x2e CMakeFiles/serial_servo_test.elf.dir/Drivers/STM32G4xx_HAL_Driver/Src/stm32g4xx_hal_rcc.c.obj
 .ARM.attributes
                0x00000295       0x2e CMakeFiles/serial_servo_test.elf.dir/Drivers/STM32G4xx_HAL_Driver/Src/stm32g4xx_hal_rcc_ex.c.obj
 .ARM.attributes
                0x000002c3       0x2e CMakeFiles/serial_servo_test.elf.dir/Drivers/STM32G4xx_HAL_Driver/Src/stm32g4xx_hal_uart.c.obj
 .ARM.attributes
                0x000002f1       0x2e CMakeFiles/serial_servo_test.elf.dir/Drivers/STM32G4xx_HAL_Driver/Src/stm32g4xx_hal_uart_ex.c.obj
 .ARM.attributes
                0x0000031f       0x1e c:/progra~2/gnuarm~1/102021~1.10/bin/../lib/gcc/arm-none-eabi/10.3.1/thumb/v7e-m/nofp\libgcc.a(_arm_muldivsf3.o)
 .ARM.attributes
                0x0000033d       0x1e c:/progra~2/gnuarm~1/102021~1.10/bin/../lib/gcc/arm-none-eabi/10.3.1/thumb/v7e-m/nofp\libgcc.a(_arm_fixsfsi.o)
 .ARM.attributes
                0x0000035b       0x1e c:/progra~2/gnuarm~1/102021~1.10/bin/../lib/gcc/arm-none-eabi/10.3.1/thumb/v7e-m/nofp\libgcc.a(_aeabi_uldivmod.o)
 .ARM.attributes
                0x00000379       0x2e c:/progra~2/gnuarm~1/102021~1.10/bin/../lib/gcc/arm-none-eabi/10.3.1/thumb/v7e-m/nofp\libgcc.a(_udivmoddi4.o)
 .ARM.attributes
                0x000003a7       0x1e c:/progra~2/gnuarm~1/102021~1.10/bin/../lib/gcc/arm-none-eabi/10.3.1/thumb/v7e-m/nofp\libgcc.a(_dvmd_tls.o)
 .ARM.attributes
                0x000003c5       0x2e c:/progra~2/gnuarm~1/102021~1.10/bin/../lib/gcc/arm-none-eabi/10.3.1/../../../../arm-none-eabi/lib/thumb/v7e-m/nofp\libg.a(lib_a-impure.o)
 .ARM.attributes
                0x000003f3       0x2e c:/progra~2/gnuarm~1/102021~1.10/bin/../lib/gcc/arm-none-eabi/10.3.1/../../../../arm-none-eabi/lib/thumb/v7e-m/nofp\libg.a(lib_a-init.o)
 .ARM.attributes
                0x00000421       0x2e c:/progra~2/gnuarm~1/102021~1.10/bin/../lib/gcc/arm-none-eabi/10.3.1/../../../../arm-none-eabi/lib/thumb/v7e-m/nofp\libg.a(lib_a-memset.o)
 .ARM.attributes
                0x0000044f       0x2e c:/progra~2/gnuarm~1/102021~1.10/bin/../lib/gcc/arm-none-eabi/10.3.1/../../../../arm-none-eabi/lib/thumb/v7e-m/nofp\libg.a(lib_a-__call_atexit.o)
 .ARM.attributes
                0x0000047d       0x2e c:/progra~2/gnuarm~1/102021~1.10/bin/../lib/gcc/arm-none-eabi/10.3.1/../../../../arm-none-eabi/lib/thumb/v7e-m/nofp\libg.a(lib_a-atexit.o)
 .ARM.attributes
                0x000004ab       0x2e c:/progra~2/gnuarm~1/102021~1.10/bin/../lib/gcc/arm-none-eabi/10.3.1/../../../../arm-none-eabi/lib/thumb/v7e-m/nofp\libg.a(lib_a-fini.o)
 .ARM.attributes
                0x000004d9       0x2e c:/progra~2/gnuarm~1/102021~1.10/bin/../lib/gcc/arm-none-eabi/10.3.1/../../../../arm-none-eabi/lib/thumb/v7e-m/nofp\libg.a(lib_a-lock.o)
 .ARM.attributes
                0x00000507       0x2e c:/progra~2/gnuarm~1/102021~1.10/bin/../lib/gcc/arm-none-eabi/10.3.1/../../../../arm-none-eabi/lib/thumb/v7e-m/nofp\libg.a(lib_a-__atexit.o)
 .ARM.attributes
                0x00000535       0x1e c:/progra~2/gnuarm~1/102021~1.10/bin/../lib/gcc/arm-none-eabi/10.3.1/thumb/v7e-m/nofp/crtn.o
OUTPUT(serial_servo_test.elf elf32-littlearm)
LOAD linker stubs
LOAD c:/progra~2/gnuarm~1/102021~1.10/bin/../lib/gcc/arm-none-eabi/10.3.1/../../../../arm-none-eabi/lib/thumb/v7e-m/nofp\libc.a
LOAD c:/progra~2/gnuarm~1/102021~1.10/bin/../lib/gcc/arm-none-eabi/10.3.1/../../../../arm-none-eabi/lib/thumb/v7e-m/nofp\libm.a
LOAD c:/progra~2/gnuarm~1/102021~1.10/bin/../lib/gcc/arm-none-eabi/10.3.1/thumb/v7e-m/nofp\libgcc.a

.debug_info     0x00000000    0x105fd
 .debug_info    0x00000000      0xb65 CMakeFiles/serial_servo_test.elf.dir/Core/Src/STS3215.c.obj
 .debug_info    0x00000b65     0x12d3 CMakeFiles/serial_servo_test.elf.dir/Core/Src/main.c.obj
 .debug_info    0x00001e38       0x99 CMakeFiles/serial_servo_test.elf.dir/Core/Src/mytools.c.obj
 .debug_info    0x00001ed1     0x1099 CMakeFiles/serial_servo_test.elf.dir/Core/Src/stm32g4xx_hal_msp.c.obj
 .debug_info    0x00002f6a      0x884 CMakeFiles/serial_servo_test.elf.dir/Core/Src/stm32g4xx_it.c.obj
 .debug_info    0x000037ee      0x3f9 CMakeFiles/serial_servo_test.elf.dir/Core/Src/system_stm32g4xx.c.obj
 .debug_info    0x00003be7       0x22 CMakeFiles/serial_servo_test.elf.dir/Core/Startup/startup_stm32g431kbtx.s.obj
 .debug_info    0x00003c09      0xb73 CMakeFiles/serial_servo_test.elf.dir/Drivers/STM32G4xx_HAL_Driver/Src/stm32g4xx_hal.c.obj
 .debug_info    0x0000477c     0x1041 CMakeFiles/serial_servo_test.elf.dir/Drivers/STM32G4xx_HAL_Driver/Src/stm32g4xx_hal_cortex.c.obj
 .debug_info    0x000057bd      0xa56 CMakeFiles/serial_servo_test.elf.dir/Drivers/STM32G4xx_HAL_Driver/Src/stm32g4xx_hal_dma.c.obj
 .debug_info    0x00006213      0x865 CMakeFiles/serial_servo_test.elf.dir/Drivers/STM32G4xx_HAL_Driver/Src/stm32g4xx_hal_gpio.c.obj
 .debug_info    0x00006a78      0xa07 CMakeFiles/serial_servo_test.elf.dir/Drivers/STM32G4xx_HAL_Driver/Src/stm32g4xx_hal_pwr_ex.c.obj
 .debug_info    0x0000747f      0xe96 CMakeFiles/serial_servo_test.elf.dir/Drivers/STM32G4xx_HAL_Driver/Src/stm32g4xx_hal_rcc.c.obj
 .debug_info    0x00008315      0xecf CMakeFiles/serial_servo_test.elf.dir/Drivers/STM32G4xx_HAL_Driver/Src/stm32g4xx_hal_rcc_ex.c.obj
 .debug_info    0x000091e4     0x61e5 CMakeFiles/serial_servo_test.elf.dir/Drivers/STM32G4xx_HAL_Driver/Src/stm32g4xx_hal_uart.c.obj
 .debug_info    0x0000f3c9     0x1234 CMakeFiles/serial_servo_test.elf.dir/Drivers/STM32G4xx_HAL_Driver/Src/stm32g4xx_hal_uart_ex.c.obj

.debug_abbrev   0x00000000     0x1fd9
 .debug_abbrev  0x00000000      0x1cb CMakeFiles/serial_servo_test.elf.dir/Core/Src/STS3215.c.obj
 .debug_abbrev  0x000001cb      0x2ba CMakeFiles/serial_servo_test.elf.dir/Core/Src/main.c.obj
 .debug_abbrev  0x00000485       0x74 CMakeFiles/serial_servo_test.elf.dir/Core/Src/mytools.c.obj
 .debug_abbrev  0x000004f9      0x1db CMakeFiles/serial_servo_test.elf.dir/Core/Src/stm32g4xx_hal_msp.c.obj
 .debug_abbrev  0x000006d4      0x15b CMakeFiles/serial_servo_test.elf.dir/Core/Src/stm32g4xx_it.c.obj
 .debug_abbrev  0x0000082f      0x119 CMakeFiles/serial_servo_test.elf.dir/Core/Src/system_stm32g4xx.c.obj
 .debug_abbrev  0x00000948       0x12 CMakeFiles/serial_servo_test.elf.dir/Core/Startup/startup_stm32g431kbtx.s.obj
 .debug_abbrev  0x0000095a      0x23e CMakeFiles/serial_servo_test.elf.dir/Drivers/STM32G4xx_HAL_Driver/Src/stm32g4xx_hal.c.obj
 .debug_abbrev  0x00000b98      0x361 CMakeFiles/serial_servo_test.elf.dir/Drivers/STM32G4xx_HAL_Driver/Src/stm32g4xx_hal_cortex.c.obj
 .debug_abbrev  0x00000ef9      0x216 CMakeFiles/serial_servo_test.elf.dir/Drivers/STM32G4xx_HAL_Driver/Src/stm32g4xx_hal_dma.c.obj
 .debug_abbrev  0x0000110f      0x1e6 CMakeFiles/serial_servo_test.elf.dir/Drivers/STM32G4xx_HAL_Driver/Src/stm32g4xx_hal_gpio.c.obj
 .debug_abbrev  0x000012f5      0x245 CMakeFiles/serial_servo_test.elf.dir/Drivers/STM32G4xx_HAL_Driver/Src/stm32g4xx_hal_pwr_ex.c.obj
 .debug_abbrev  0x0000153a      0x26f CMakeFiles/serial_servo_test.elf.dir/Drivers/STM32G4xx_HAL_Driver/Src/stm32g4xx_hal_rcc.c.obj
 .debug_abbrev  0x000017a9      0x243 CMakeFiles/serial_servo_test.elf.dir/Drivers/STM32G4xx_HAL_Driver/Src/stm32g4xx_hal_rcc_ex.c.obj
 .debug_abbrev  0x000019ec      0x306 CMakeFiles/serial_servo_test.elf.dir/Drivers/STM32G4xx_HAL_Driver/Src/stm32g4xx_hal_uart.c.obj
 .debug_abbrev  0x00001cf2      0x2e7 CMakeFiles/serial_servo_test.elf.dir/Drivers/STM32G4xx_HAL_Driver/Src/stm32g4xx_hal_uart_ex.c.obj

.debug_loc      0x00000000     0xa76d
 .debug_loc     0x00000000      0x42a CMakeFiles/serial_servo_test.elf.dir/Core/Src/STS3215.c.obj
 .debug_loc     0x0000042a       0x25 CMakeFiles/serial_servo_test.elf.dir/Core/Src/main.c.obj
 .debug_loc     0x0000044f       0x27 CMakeFiles/serial_servo_test.elf.dir/Core/Src/mytools.c.obj
 .debug_loc     0x00000476       0xbb CMakeFiles/serial_servo_test.elf.dir/Core/Src/stm32g4xx_hal_msp.c.obj
 .debug_loc     0x00000531       0x9d CMakeFiles/serial_servo_test.elf.dir/Core/Src/system_stm32g4xx.c.obj
 .debug_loc     0x000005ce      0x1ef CMakeFiles/serial_servo_test.elf.dir/Drivers/STM32G4xx_HAL_Driver/Src/stm32g4xx_hal.c.obj
 .debug_loc     0x000007bd      0x736 CMakeFiles/serial_servo_test.elf.dir/Drivers/STM32G4xx_HAL_Driver/Src/stm32g4xx_hal_cortex.c.obj
 .debug_loc     0x00000ef3      0x8a0 CMakeFiles/serial_servo_test.elf.dir/Drivers/STM32G4xx_HAL_Driver/Src/stm32g4xx_hal_dma.c.obj
 .debug_loc     0x00001793      0x3b3 CMakeFiles/serial_servo_test.elf.dir/Drivers/STM32G4xx_HAL_Driver/Src/stm32g4xx_hal_gpio.c.obj
 .debug_loc     0x00001b46      0xa06 CMakeFiles/serial_servo_test.elf.dir/Drivers/STM32G4xx_HAL_Driver/Src/stm32g4xx_hal_pwr_ex.c.obj
 .debug_loc     0x0000254c      0x84d CMakeFiles/serial_servo_test.elf.dir/Drivers/STM32G4xx_HAL_Driver/Src/stm32g4xx_hal_rcc.c.obj
 .debug_loc     0x00002d99     0x11a5 CMakeFiles/serial_servo_test.elf.dir/Drivers/STM32G4xx_HAL_Driver/Src/stm32g4xx_hal_rcc_ex.c.obj
 .debug_loc     0x00003f3e     0x5bec CMakeFiles/serial_servo_test.elf.dir/Drivers/STM32G4xx_HAL_Driver/Src/stm32g4xx_hal_uart.c.obj
 .debug_loc     0x00009b2a      0xc43 CMakeFiles/serial_servo_test.elf.dir/Drivers/STM32G4xx_HAL_Driver/Src/stm32g4xx_hal_uart_ex.c.obj

.debug_aranges  0x00000000      0x9e0
 .debug_aranges
                0x00000000       0x40 CMakeFiles/serial_servo_test.elf.dir/Core/Src/STS3215.c.obj
 .debug_aranges
                0x00000040       0x68 CMakeFiles/serial_servo_test.elf.dir/Core/Src/main.c.obj
 .debug_aranges
                0x000000a8       0x20 CMakeFiles/serial_servo_test.elf.dir/Core/Src/mytools.c.obj
 .debug_aranges
                0x000000c8       0x30 CMakeFiles/serial_servo_test.elf.dir/Core/Src/stm32g4xx_hal_msp.c.obj
 .debug_aranges
                0x000000f8       0x68 CMakeFiles/serial_servo_test.elf.dir/Core/Src/stm32g4xx_it.c.obj
 .debug_aranges
                0x00000160       0x28 CMakeFiles/serial_servo_test.elf.dir/Core/Src/system_stm32g4xx.c.obj
 .debug_aranges
                0x00000188       0x28 CMakeFiles/serial_servo_test.elf.dir/Core/Startup/startup_stm32g431kbtx.s.obj
 .debug_aranges
                0x000001b0      0x130 CMakeFiles/serial_servo_test.elf.dir/Drivers/STM32G4xx_HAL_Driver/Src/stm32g4xx_hal.c.obj
 .debug_aranges
                0x000002e0       0xa8 CMakeFiles/serial_servo_test.elf.dir/Drivers/STM32G4xx_HAL_Driver/Src/stm32g4xx_hal_cortex.c.obj
 .debug_aranges
                0x00000388       0x90 CMakeFiles/serial_servo_test.elf.dir/Drivers/STM32G4xx_HAL_Driver/Src/stm32g4xx_hal_dma.c.obj
 .debug_aranges
                0x00000418       0x58 CMakeFiles/serial_servo_test.elf.dir/Drivers/STM32G4xx_HAL_Driver/Src/stm32g4xx_hal_gpio.c.obj
 .debug_aranges
                0x00000470      0x140 CMakeFiles/serial_servo_test.elf.dir/Drivers/STM32G4xx_HAL_Driver/Src/stm32g4xx_hal_pwr_ex.c.obj
 .debug_aranges
                0x000005b0       0x98 CMakeFiles/serial_servo_test.elf.dir/Drivers/STM32G4xx_HAL_Driver/Src/stm32g4xx_hal_rcc.c.obj
 .debug_aranges
                0x00000648       0xb0 CMakeFiles/serial_servo_test.elf.dir/Drivers/STM32G4xx_HAL_Driver/Src/stm32g4xx_hal_rcc_ex.c.obj
 .debug_aranges
                0x000006f8      0x248 CMakeFiles/serial_servo_test.elf.dir/Drivers/STM32G4xx_HAL_Driver/Src/stm32g4xx_hal_uart.c.obj
 .debug_aranges
                0x00000940       0xa0 CMakeFiles/serial_servo_test.elf.dir/Drivers/STM32G4xx_HAL_Driver/Src/stm32g4xx_hal_uart_ex.c.obj

.debug_ranges   0x00000000      0x9d8
 .debug_ranges  0x00000000       0x90 CMakeFiles/serial_servo_test.elf.dir/Core/Src/STS3215.c.obj
 .debug_ranges  0x00000090       0x58 CMakeFiles/serial_servo_test.elf.dir/Core/Src/main.c.obj
 .debug_ranges  0x000000e8       0x10 CMakeFiles/serial_servo_test.elf.dir/Core/Src/mytools.c.obj
 .debug_ranges  0x000000f8       0x20 CMakeFiles/serial_servo_test.elf.dir/Core/Src/stm32g4xx_hal_msp.c.obj
 .debug_ranges  0x00000118       0x58 CMakeFiles/serial_servo_test.elf.dir/Core/Src/stm32g4xx_it.c.obj
 .debug_ranges  0x00000170       0x18 CMakeFiles/serial_servo_test.elf.dir/Core/Src/system_stm32g4xx.c.obj
 .debug_ranges  0x00000188       0x20 CMakeFiles/serial_servo_test.elf.dir/Core/Startup/startup_stm32g431kbtx.s.obj
 .debug_ranges  0x000001a8      0x120 CMakeFiles/serial_servo_test.elf.dir/Drivers/STM32G4xx_HAL_Driver/Src/stm32g4xx_hal.c.obj
 .debug_ranges  0x000002c8       0xf8 CMakeFiles/serial_servo_test.elf.dir/Drivers/STM32G4xx_HAL_Driver/Src/stm32g4xx_hal_cortex.c.obj
 .debug_ranges  0x000003c0       0x80 CMakeFiles/serial_servo_test.elf.dir/Drivers/STM32G4xx_HAL_Driver/Src/stm32g4xx_hal_dma.c.obj
 .debug_ranges  0x00000440       0x48 CMakeFiles/serial_servo_test.elf.dir/Drivers/STM32G4xx_HAL_Driver/Src/stm32g4xx_hal_gpio.c.obj
 .debug_ranges  0x00000488      0x130 CMakeFiles/serial_servo_test.elf.dir/Drivers/STM32G4xx_HAL_Driver/Src/stm32g4xx_hal_pwr_ex.c.obj
 .debug_ranges  0x000005b8       0xa0 CMakeFiles/serial_servo_test.elf.dir/Drivers/STM32G4xx_HAL_Driver/Src/stm32g4xx_hal_rcc.c.obj
 .debug_ranges  0x00000658       0xb8 CMakeFiles/serial_servo_test.elf.dir/Drivers/STM32G4xx_HAL_Driver/Src/stm32g4xx_hal_rcc_ex.c.obj
 .debug_ranges  0x00000710      0x238 CMakeFiles/serial_servo_test.elf.dir/Drivers/STM32G4xx_HAL_Driver/Src/stm32g4xx_hal_uart.c.obj
 .debug_ranges  0x00000948       0x90 CMakeFiles/serial_servo_test.elf.dir/Drivers/STM32G4xx_HAL_Driver/Src/stm32g4xx_hal_uart_ex.c.obj

.debug_line     0x00000000     0xd7a7
 .debug_line    0x00000000      0x598 CMakeFiles/serial_servo_test.elf.dir/Core/Src/STS3215.c.obj
 .debug_line    0x00000598      0x6ba CMakeFiles/serial_servo_test.elf.dir/Core/Src/main.c.obj
 .debug_line    0x00000c52       0x94 CMakeFiles/serial_servo_test.elf.dir/Core/Src/mytools.c.obj
 .debug_line    0x00000ce6      0x437 CMakeFiles/serial_servo_test.elf.dir/Core/Src/stm32g4xx_hal_msp.c.obj
 .debug_line    0x0000111d      0x369 CMakeFiles/serial_servo_test.elf.dir/Core/Src/stm32g4xx_it.c.obj
 .debug_line    0x00001486      0x26c CMakeFiles/serial_servo_test.elf.dir/Core/Src/system_stm32g4xx.c.obj
 .debug_line    0x000016f2       0xc5 CMakeFiles/serial_servo_test.elf.dir/Core/Startup/startup_stm32g431kbtx.s.obj
 .debug_line    0x000017b7      0x756 CMakeFiles/serial_servo_test.elf.dir/Drivers/STM32G4xx_HAL_Driver/Src/stm32g4xx_hal.c.obj
 .debug_line    0x00001f0d      0x836 CMakeFiles/serial_servo_test.elf.dir/Drivers/STM32G4xx_HAL_Driver/Src/stm32g4xx_hal_cortex.c.obj
 .debug_line    0x00002743      0xcd9 CMakeFiles/serial_servo_test.elf.dir/Drivers/STM32G4xx_HAL_Driver/Src/stm32g4xx_hal_dma.c.obj
 .debug_line    0x0000341c      0x717 CMakeFiles/serial_servo_test.elf.dir/Drivers/STM32G4xx_HAL_Driver/Src/stm32g4xx_hal_gpio.c.obj
 .debug_line    0x00003b33      0xb40 CMakeFiles/serial_servo_test.elf.dir/Drivers/STM32G4xx_HAL_Driver/Src/stm32g4xx_hal_pwr_ex.c.obj
 .debug_line    0x00004673      0xe78 CMakeFiles/serial_servo_test.elf.dir/Drivers/STM32G4xx_HAL_Driver/Src/stm32g4xx_hal_rcc.c.obj
 .debug_line    0x000054eb     0x10ed CMakeFiles/serial_servo_test.elf.dir/Drivers/STM32G4xx_HAL_Driver/Src/stm32g4xx_hal_rcc_ex.c.obj
 .debug_line    0x000065d8     0x6404 CMakeFiles/serial_servo_test.elf.dir/Drivers/STM32G4xx_HAL_Driver/Src/stm32g4xx_hal_uart.c.obj
 .debug_line    0x0000c9dc      0xdcb CMakeFiles/serial_servo_test.elf.dir/Drivers/STM32G4xx_HAL_Driver/Src/stm32g4xx_hal_uart_ex.c.obj

.debug_str      0x00000000     0x3a2c
 .debug_str     0x00000000      0x727 CMakeFiles/serial_servo_test.elf.dir/Core/Src/STS3215.c.obj
                                0x7d7 (size before relaxing)
 .debug_str     0x00000727      0x53a CMakeFiles/serial_servo_test.elf.dir/Core/Src/main.c.obj
                                0xc72 (size before relaxing)
 .debug_str     0x00000c61       0x7f CMakeFiles/serial_servo_test.elf.dir/Core/Src/mytools.c.obj
                                0x1a0 (size before relaxing)
 .debug_str     0x00000ce0      0x6bd CMakeFiles/serial_servo_test.elf.dir/Core/Src/stm32g4xx_hal_msp.c.obj
                                0xfdb (size before relaxing)
 .debug_str     0x0000139d      0x119 CMakeFiles/serial_servo_test.elf.dir/Core/Src/stm32g4xx_it.c.obj
                                0x81d (size before relaxing)
 .debug_str     0x000014b6       0xc3 CMakeFiles/serial_servo_test.elf.dir/Core/Src/system_stm32g4xx.c.obj
                                0x3e1 (size before relaxing)
 .debug_str     0x00001579       0x72 CMakeFiles/serial_servo_test.elf.dir/Core/Startup/startup_stm32g431kbtx.s.obj
                                 0xc3 (size before relaxing)
 .debug_str     0x000015eb      0x4ac CMakeFiles/serial_servo_test.elf.dir/Drivers/STM32G4xx_HAL_Driver/Src/stm32g4xx_hal.c.obj
                                0xca9 (size before relaxing)
 .debug_str     0x00001a97      0x4b7 CMakeFiles/serial_servo_test.elf.dir/Drivers/STM32G4xx_HAL_Driver/Src/stm32g4xx_hal_cortex.c.obj
                                0xbf8 (size before relaxing)
 .debug_str     0x00001f4e      0x30f CMakeFiles/serial_servo_test.elf.dir/Drivers/STM32G4xx_HAL_Driver/Src/stm32g4xx_hal_dma.c.obj
                                0x80f (size before relaxing)
 .debug_str     0x0000225d      0x15b CMakeFiles/serial_servo_test.elf.dir/Drivers/STM32G4xx_HAL_Driver/Src/stm32g4xx_hal_gpio.c.obj
                                0x5ae (size before relaxing)
 .debug_str     0x000023b8      0x548 CMakeFiles/serial_servo_test.elf.dir/Drivers/STM32G4xx_HAL_Driver/Src/stm32g4xx_hal_pwr_ex.c.obj
                                0x850 (size before relaxing)
 .debug_str     0x00002900      0x29f CMakeFiles/serial_servo_test.elf.dir/Drivers/STM32G4xx_HAL_Driver/Src/stm32g4xx_hal_rcc.c.obj
                                0x89d (size before relaxing)
 .debug_str     0x00002b9f      0x3ba CMakeFiles/serial_servo_test.elf.dir/Drivers/STM32G4xx_HAL_Driver/Src/stm32g4xx_hal_rcc_ex.c.obj
                                0xa84 (size before relaxing)
 .debug_str     0x00002f59      0x879 CMakeFiles/serial_servo_test.elf.dir/Drivers/STM32G4xx_HAL_Driver/Src/stm32g4xx_hal_uart.c.obj
                               0x1270 (size before relaxing)
 .debug_str     0x000037d2      0x25a CMakeFiles/serial_servo_test.elf.dir/Drivers/STM32G4xx_HAL_Driver/Src/stm32g4xx_hal_uart_ex.c.obj
                                0xb7f (size before relaxing)

.comment        0x00000000       0x49
 .comment       0x00000000       0x49 CMakeFiles/serial_servo_test.elf.dir/Core/Src/STS3215.c.obj
                                 0x4a (size before relaxing)
 .comment       0x00000049       0x4a CMakeFiles/serial_servo_test.elf.dir/Core/Src/main.c.obj
 .comment       0x00000049       0x4a CMakeFiles/serial_servo_test.elf.dir/Core/Src/mytools.c.obj
 .comment       0x00000049       0x4a CMakeFiles/serial_servo_test.elf.dir/Core/Src/stm32g4xx_hal_msp.c.obj
 .comment       0x00000049       0x4a CMakeFiles/serial_servo_test.elf.dir/Core/Src/stm32g4xx_it.c.obj
 .comment       0x00000049       0x4a CMakeFiles/serial_servo_test.elf.dir/Core/Src/system_stm32g4xx.c.obj
 .comment       0x00000049       0x4a CMakeFiles/serial_servo_test.elf.dir/Drivers/STM32G4xx_HAL_Driver/Src/stm32g4xx_hal.c.obj
 .comment       0x00000049       0x4a CMakeFiles/serial_servo_test.elf.dir/Drivers/STM32G4xx_HAL_Driver/Src/stm32g4xx_hal_cortex.c.obj
 .comment       0x00000049       0x4a CMakeFiles/serial_servo_test.elf.dir/Drivers/STM32G4xx_HAL_Driver/Src/stm32g4xx_hal_dma.c.obj
 .comment       0x00000049       0x4a CMakeFiles/serial_servo_test.elf.dir/Drivers/STM32G4xx_HAL_Driver/Src/stm32g4xx_hal_gpio.c.obj
 .comment       0x00000049       0x4a CMakeFiles/serial_servo_test.elf.dir/Drivers/STM32G4xx_HAL_Driver/Src/stm32g4xx_hal_pwr_ex.c.obj
 .comment       0x00000049       0x4a CMakeFiles/serial_servo_test.elf.dir/Drivers/STM32G4xx_HAL_Driver/Src/stm32g4xx_hal_rcc.c.obj
 .comment       0x00000049       0x4a CMakeFiles/serial_servo_test.elf.dir/Drivers/STM32G4xx_HAL_Driver/Src/stm32g4xx_hal_rcc_ex.c.obj
 .comment       0x00000049       0x4a CMakeFiles/serial_servo_test.elf.dir/Drivers/STM32G4xx_HAL_Driver/Src/stm32g4xx_hal_uart.c.obj
 .comment       0x00000049       0x4a CMakeFiles/serial_servo_test.elf.dir/Drivers/STM32G4xx_HAL_Driver/Src/stm32g4xx_hal_uart_ex.c.obj

.debug_frame    0x00000000     0x19ac
 .debug_frame   0x00000000       0xa4 CMakeFiles/serial_servo_test.elf.dir/Core/Src/STS3215.c.obj
 .debug_frame   0x000000a4      0x10c CMakeFiles/serial_servo_test.elf.dir/Core/Src/main.c.obj
 .debug_frame   0x000001b0       0x28 CMakeFiles/serial_servo_test.elf.dir/Core/Src/mytools.c.obj
 .debug_frame   0x000001d8       0x60 CMakeFiles/serial_servo_test.elf.dir/Core/Src/stm32g4xx_hal_msp.c.obj
 .debug_frame   0x00000238       0xc0 CMakeFiles/serial_servo_test.elf.dir/Core/Src/stm32g4xx_it.c.obj
 .debug_frame   0x000002f8       0x30 CMakeFiles/serial_servo_test.elf.dir/Core/Src/system_stm32g4xx.c.obj
 .debug_frame   0x00000328      0x274 CMakeFiles/serial_servo_test.elf.dir/Drivers/STM32G4xx_HAL_Driver/Src/stm32g4xx_hal.c.obj
 .debug_frame   0x0000059c      0x148 CMakeFiles/serial_servo_test.elf.dir/Drivers/STM32G4xx_HAL_Driver/Src/stm32g4xx_hal_cortex.c.obj
 .debug_frame   0x000006e4      0x16c CMakeFiles/serial_servo_test.elf.dir/Drivers/STM32G4xx_HAL_Driver/Src/stm32g4xx_hal_dma.c.obj
 .debug_frame   0x00000850       0xd0 CMakeFiles/serial_servo_test.elf.dir/Drivers/STM32G4xx_HAL_Driver/Src/stm32g4xx_hal_gpio.c.obj
 .debug_frame   0x00000920      0x268 CMakeFiles/serial_servo_test.elf.dir/Drivers/STM32G4xx_HAL_Driver/Src/stm32g4xx_hal_pwr_ex.c.obj
 .debug_frame   0x00000b88      0x198 CMakeFiles/serial_servo_test.elf.dir/Drivers/STM32G4xx_HAL_Driver/Src/stm32g4xx_hal_rcc.c.obj
 .debug_frame   0x00000d20      0x1a0 CMakeFiles/serial_servo_test.elf.dir/Drivers/STM32G4xx_HAL_Driver/Src/stm32g4xx_hal_rcc_ex.c.obj
 .debug_frame   0x00000ec0      0x67c CMakeFiles/serial_servo_test.elf.dir/Drivers/STM32G4xx_HAL_Driver/Src/stm32g4xx_hal_uart.c.obj
 .debug_frame   0x0000153c      0x1c8 CMakeFiles/serial_servo_test.elf.dir/Drivers/STM32G4xx_HAL_Driver/Src/stm32g4xx_hal_uart_ex.c.obj
 .debug_frame   0x00001704       0x38 c:/progra~2/gnuarm~1/102021~1.10/bin/../lib/gcc/arm-none-eabi/10.3.1/thumb/v7e-m/nofp\libgcc.a(_arm_muldivsf3.o)
 .debug_frame   0x0000173c       0x24 c:/progra~2/gnuarm~1/102021~1.10/bin/../lib/gcc/arm-none-eabi/10.3.1/thumb/v7e-m/nofp\libgcc.a(_arm_fixsfsi.o)
 .debug_frame   0x00001760       0x2c c:/progra~2/gnuarm~1/102021~1.10/bin/../lib/gcc/arm-none-eabi/10.3.1/thumb/v7e-m/nofp\libgcc.a(_aeabi_uldivmod.o)
 .debug_frame   0x0000178c       0x34 c:/progra~2/gnuarm~1/102021~1.10/bin/../lib/gcc/arm-none-eabi/10.3.1/thumb/v7e-m/nofp\libgcc.a(_udivmoddi4.o)
 .debug_frame   0x000017c0       0x2c c:/progra~2/gnuarm~1/102021~1.10/bin/../lib/gcc/arm-none-eabi/10.3.1/../../../../arm-none-eabi/lib/thumb/v7e-m/nofp\libg.a(lib_a-init.o)
 .debug_frame   0x000017ec       0x2c c:/progra~2/gnuarm~1/102021~1.10/bin/../lib/gcc/arm-none-eabi/10.3.1/../../../../arm-none-eabi/lib/thumb/v7e-m/nofp\libg.a(lib_a-memset.o)
 .debug_frame   0x00001818       0x5c c:/progra~2/gnuarm~1/102021~1.10/bin/../lib/gcc/arm-none-eabi/10.3.1/../../../../arm-none-eabi/lib/thumb/v7e-m/nofp\libg.a(lib_a-__call_atexit.o)
 .debug_frame   0x00001874       0x20 c:/progra~2/gnuarm~1/102021~1.10/bin/../lib/gcc/arm-none-eabi/10.3.1/../../../../arm-none-eabi/lib/thumb/v7e-m/nofp\libg.a(lib_a-atexit.o)
 .debug_frame   0x00001894       0x34 c:/progra~2/gnuarm~1/102021~1.10/bin/../lib/gcc/arm-none-eabi/10.3.1/../../../../arm-none-eabi/lib/thumb/v7e-m/nofp\libg.a(lib_a-fini.o)
 .debug_frame   0x000018c8       0xb0 c:/progra~2/gnuarm~1/102021~1.10/bin/../lib/gcc/arm-none-eabi/10.3.1/../../../../arm-none-eabi/lib/thumb/v7e-m/nofp\libg.a(lib_a-lock.o)
 .debug_frame   0x00001978       0x34 c:/progra~2/gnuarm~1/102021~1.10/bin/../lib/gcc/arm-none-eabi/10.3.1/../../../../arm-none-eabi/lib/thumb/v7e-m/nofp\libg.a(lib_a-__atexit.o)
